<html>
<body>
<pre>
<h1>µVision Build Log</h1>
<h2>Tool Versions:</h2>
IDE-Version: ¦ÌVision V5.23.0.0
Copyright (C) 2017 ARM Ltd and ARM Germany GmbH. All rights reserved.
License Information: hancy Administrator, YSYL, LIC=Q7GDY-I7F5I-VG27J-UCPRI-KWDZI-3125G
 
Tool Versions:
Toolchain:       MDK-ARM Professional  Version: 5.23
Toolchain Path:  D:\Keil_v5\ARM\ARMCC\Bin
C Compiler:      Armcc.exe V5.06 update 4 (build 422)
Assembler:       Armasm.exe V5.06 update 4 (build 422)
Linker/Locator:  ArmLink.exe V5.06 update 4 (build 422)
Library Manager: ArmAr.exe V5.06 update 4 (build 422)
Hex Converter:   FromElf.exe V5.06 update 4 (build 422)
CPU DLL:         SARMCM3.DLL V5.23
Dialog DLL:      DARMCM1.DLL V1.17.0.0
Target DLL:      Segger\JL2CM3.dll V2.99.23.0
Dialog DLL:      TARMCM1.DLL V1.12.0.0
 
<h2>Project:</h2>
C:\Users\Administrator\Desktop\PEEP_slaver\User\STM32F030Demo.uvprojx
Project File Date:  04/24/2018

<h2>Output:</h2>
*** Using Compiler 'V5.06 update 4 (build 422)', folder: 'D:\Keil_v5\ARM\ARMCC\Bin'
Rebuild target 'Stm32f030demo'
compiling system_stm32f0xx.c...
compiling stm32f0xx_it.c...
compiling main.c...
compiling iwtdg.c...
compiling app.c...
compiling comm_task.c...
..\APP\comm_task.c(69): warning:  #177-D: variable "PWM4_timing_flag"  was declared but never referenced
  static BOOL PWM4_timing_flag=TRUE;
..\APP\comm_task.c(70): warning:  #177-D: variable "PWM5_timing_flag"  was declared but never referenced
  static BOOL PWM5_timing_flag=TRUE;
..\APP\comm_task.c(80): warning:  #177-D: variable "b_timing_flag"  was declared but never referenced
  static BOOL* b_timing_flag;
..\APP\comm_task.c(82): warning:  #177-D: variable "pressure_result"  was declared but never referenced
  static uint16_t pressure_result;
..\APP\comm_task.c(150): warning:  #177-D: variable "p_pwm_state"  was declared but never referenced
  static PWM_STATE* p_pwm_state;
..\APP\comm_task.c(154): warning:  #177-D: variable "p_PWM_numOfCycle"  was declared but never referenced
  static uint8_t* p_PWM_numOfCycle;
..\APP\comm_task.c(155): warning:  #177-D: variable "p_PWM_serial_cnt"  was declared but never referenced
  static uint8_t* p_PWM_serial_cnt;
..\APP\comm_task.c(185): warning:  #177-D: variable "pwm1_buffer"  was declared but never referenced
  static uint8_t pwm1_buffer[1+6*10];
..\APP\comm_task.c(186): warning:  #177-D: variable "pwm2_buffer"  was declared but never referenced
  static uint8_t pwm2_buffer[1+6*10];
..\APP\comm_task.c(187): warning:  #177-D: variable "pwm3_buffer"  was declared but never referenced
  static uint8_t pwm3_buffer[1+6*10];
..\APP\comm_task.c: 10 warnings, 0 errors
compiling key_power_on_task.c...
..\APP\key_power_on_task.c(727): warning:  #111-D: statement is unreachable
  	os_delay_ms(TASK_TEST_ID, 20);
..\APP\key_power_on_task.c(711): warning:  #550-D: variable "data"  was set but never used
  	static UINT32 data;
..\APP\key_power_on_task.c: 2 warnings, 0 errors
compiling common.c...
compiling protocol_module.c...
compiling fifo.c...
compiling delay.c...
compiling CMD_Receive.c...
compiling serial_port.c...
compiling i2c.c...
..\APP\i2c.c(186): warning:  #550-D: variable "data11"  was set but never used
  	static INT8U data11;
..\APP\i2c.c: 1 warning, 0 errors
compiling hardware.c...
compiling Motor_pwm.c...
compiling os_core.c...
assembling startup_stm32f0xx.s...
compiling stm32f0xx_gpio.c...
compiling stm32f0xx_rcc.c...
compiling stm32f0xx_misc.c...
compiling stm32f0xx_usart.c...
compiling stm32f0xx_dma.c...
compiling stm32f0xx_tim.c...
compiling stm32f0xx_pwr.c...
compiling stm32f0xx_flash.c...
compiling stm32f0xx_exti.c...
compiling stm32f0xx_adc.c...
compiling stm32f0xx_syscfg.c...
compiling stm32f0xx_iwdg.c...
linking...
Program Size: Code=15080 RO-data=224 RW-data=96 ZI-data=3416  
FromELF: creating hex file...
"..\OBJ\STM32F030Demo.axf" - 0 Error(s), 13 Warning(s).

<h2>Software Packages used:</h2>

Package Vendor: ARM
                http://www.keil.com/pack/ARM.CMSIS.5.0.1.pack
                ARM::CMSIS:CORE:5.0.1
                CMSIS (Cortex Microcontroller Software Interface Standard)
   * Component: CORE Version: 5.0.1

<h2>Collection of Component include folders:</h2>
  .\RTE\_Stm32f030demo
  D:\Keil_v5\ARM\PACK\ARM\CMSIS\5.0.1\CMSIS\Include
  D:\Keil_v5\ARM\PACK\Keil\STM32F0xx_DFP\1.5.0\Device\Include

<h2>Collection of Component Files used:</h2>

   * Component: ARM::CMSIS:CORE:5.0.1
Build Time Elapsed:  00:00:11
</pre>
</body>
</html>
