Component: ARM Compiler 5.06 update 4 (build 422) Tool: armlink [4d35d2]

==============================================================================

Section Cross References

    main.o(.text) refers to delay.o(.text) for delay_init
    main.o(.text) refers to os_core.o(.text) for os_init
    main.o(.text) refers to key_power_on_task.o(.text) for EnterStopMode
    main.o(.text) refers to app.o(.text) for init_task
    stm32f0xx_it.o(.text) refers to stm32f0xx_tim.o(.text) for TIM_GetITStatus
    stm32f0xx_it.o(.text) refers to os_core.o(.text) for os_isr_ticks
    system_stm32f0xx.o(.text) refers to aeabi_sdiv.o(.text) for __aeabi_uidivmod
    system_stm32f0xx.o(.text) refers to stm32f0xx_rcc.o(.text) for RCC_MCOConfig
    system_stm32f0xx.o(.text) refers to system_stm32f0xx.o(.data) for .data
    iwtdg.o(.text) refers to stm32f0xx_iwdg.o(.text) for IWDG_WriteAccessCmd
    app.o(.text) refers to hardware.o(.text) for init_hardware
    app.o(.text) refers to os_core.o(.text) for os_create_task
    app.o(.text) refers to key_power_on_task.o(.text) for key_power_on_task
    comm_task.o(.text) refers to cmd_receive.o(.text) for GetBuf2Length
    comm_task.o(.text) refers to rt_memcpy.o(.text) for __aeabi_memcpy
    comm_task.o(.text) refers to protocol_module.o(.text) for protocol_module_process
    comm_task.o(.text) refers to delay.o(.text) for delay_ms
    comm_task.o(.text) refers to rt_memclr.o(.text) for __aeabi_memclr4
    comm_task.o(.text) refers to fifo.o(.text) for fifoReadData
    comm_task.o(.text) refers to serial_port.o(.text) for UartSendNBytes
    comm_task.o(.text) refers to os_core.o(.text) for os_delay_ms
    comm_task.o(.text) refers to comm_task.o(.bss) for .bss
    comm_task.o(.text) refers to comm_task.o(.data) for .data
    key_power_on_task.o(.text) refers to stm32f0xx_rcc.o(.text) for RCC_AHBPeriphClockCmd
    key_power_on_task.o(.text) refers to stm32f0xx_gpio.o(.text) for GPIO_Init
    key_power_on_task.o(.text) refers to stm32f0xx_syscfg.o(.text) for SYSCFG_EXTILineConfig
    key_power_on_task.o(.text) refers to stm32f0xx_exti.o(.text) for EXTI_Init
    key_power_on_task.o(.text) refers to stm32f0xx_misc.o(.text) for NVIC_Init
    key_power_on_task.o(.text) refers to motor_pwm.o(.text) for Motor_PWM_Freq_Dudy_Set
    key_power_on_task.o(.text) refers to hardware.o(.text) for set_led
    key_power_on_task.o(.text) refers to delay.o(.text) for delay_ms
    key_power_on_task.o(.text) refers to os_core.o(.text) for os_init
    key_power_on_task.o(.text) refers to system_stm32f0xx.o(.text) for SystemInit
    key_power_on_task.o(.text) refers to app.o(.text) for init_task
    key_power_on_task.o(.text) refers to stm32f0xx_pwr.o(.text) for PWR_EnterSTOPMode
    key_power_on_task.o(.text) refers to key_power_on_task.o(.data) for .data
    key_power_on_task.o(.text) refers to os_core.o(.data) for os_ticks
    protocol_module.o(.text) refers to comm_task.o(.text) for CalcCheckSum
    protocol_module.o(.text) refers to fifo.o(.text) for fifoWriteData
    protocol_module.o(.text) refers to rt_memclr.o(.text) for __aeabi_memclr
    protocol_module.o(.text) refers to stm32f0xx_flash.o(.text) for FLASH_Unlock
    protocol_module.o(.text) refers to rt_memcpy.o(.text) for __aeabi_memcpy
    protocol_module.o(.text) refers to aeabi_sdiv.o(.text) for __aeabi_idivmod
    protocol_module.o(.text) refers to comm_task.o(.bss) for send_fifo
    protocol_module.o(.text) refers to comm_task.o(.bss) for parameter_buf
    protocol_module.o(.text) refers to comm_task.o(.data) for check_sum
    protocol_module.o(.text) refers to protocol_module.o(.data) for .data
    protocol_module.o(.text) refers to i2c.o(.text) for ADS115_readByte
    protocol_module.o(.text) refers to protocol_module.o(i.__ARM_common_switch8) for __ARM_common_switch8
    protocol_module.o(.text) refers to hardware.o(.data) for zero_point_of_pressure_sensor
    common.o(.text) refers to delay.o(.text) for delay_us
    common.o(.text) refers to common.o(.data) for .data
    delay.o(.text) refers to stm32f0xx_misc.o(.text) for SysTick_CLKSourceConfig
    delay.o(.text) refers to aeabi_sdiv.o(.text) for __aeabi_uidivmod
    delay.o(.text) refers to system_stm32f0xx.o(.data) for SystemCoreClock
    delay.o(.text) refers to delay.o(.data) for .data
    cmd_receive.o(.text) refers to serial_port.o(.text) for GetUartReceiverResidualCnt
    serial_port.o(.text) refers to stm32f0xx_rcc.o(.text) for RCC_AHBPeriphClockCmd
    serial_port.o(.text) refers to stm32f0xx_gpio.o(.text) for GPIO_PinAFConfig
    serial_port.o(.text) refers to stm32f0xx_usart.o(.text) for USART_Init
    serial_port.o(.text) refers to stm32f0xx_dma.o(.text) for DMA_DeInit
    i2c.o(.text) refers to stm32f0xx_rcc.o(.text) for RCC_AHBPeriphClockCmd
    i2c.o(.text) refers to stm32f0xx_gpio.o(.text) for GPIO_Init
    i2c.o(.text) refers to common.o(.text) for Delay_us
    i2c.o(.text) refers to i2c.o(.data) for .data
[...]
    libinit.o(.ARM.Collect$$libinit$$00000000) refers (Special) to libinit2.o(.ARM.Collect$$libinit$$0000000E) for __rt_lib_init_rand_1
    libinit.o(.ARM.Collect$$libinit$$00000000) refers (Special) to libinit2.o(.ARM.Collect$$libinit$$00000033) for __rt_lib_init_return
    libinit.o(.ARM.Collect$$libinit$$00000000) refers (Special) to libinit2.o(.ARM.Collect$$libinit$$0000001D) for __rt_lib_init_signal_1
    libinit.o(.ARM.Collect$$libinit$$00000000) refers (Special) to libinit2.o(.ARM.Collect$$libinit$$00000025) for __rt_lib_init_stdio_1
    libinit.o(.ARM.Collect$$libinit$$00000000) refers (Special) to libinit2.o(.ARM.Collect$$libinit$$0000000C) for __rt_lib_init_user_alloc_1
    libspace.o(.text) refers to libspace.o(.bss) for __libspace_start
    rtexit.o(.ARM.Collect$$rtexit$$00000000) refers (Special) to rtexit2.o(.ARM.Collect$$rtexit$$00000004) for __rt_exit_exit
    rtexit.o(.ARM.Collect$$rtexit$$00000000) refers (Special) to rtexit2.o(.ARM.Collect$$rtexit$$00000003) for __rt_exit_ls
    rtexit.o(.ARM.Collect$$rtexit$$00000000) refers (Special) to rtexit2.o(.ARM.Collect$$rtexit$$00000002) for __rt_exit_prels_1
    rtexit.o(.ARM.exidx) refers (Special) to rtexit2.o(.ARM.Collect$$rtexit$$00000004) for __rt_exit_exit
    rtexit.o(.ARM.exidx) refers (Special) to rtexit2.o(.ARM.Collect$$rtexit$$00000003) for __rt_exit_ls
    rtexit.o(.ARM.exidx) refers (Special) to rtexit2.o(.ARM.Collect$$rtexit$$00000002) for __rt_exit_prels_1
    rtexit.o(.ARM.exidx) refers to rtexit.o(.ARM.Collect$$rtexit$$00000000) for .ARM.Collect$$rtexit$$00000000
    rt_raise.o(.text) refers to __raise.o(.text) for __raise
    rt_raise.o(.text) refers to sys_exit.o(.text) for _sys_exit
    defsig_exit.o(.text) refers to sys_exit.o(.text) for _sys_exit
    defsig_fpe_inner.o(.text) refers to defsig_general.o(.text) for __default_signal_display
    libinit2.o(.ARM.Collect$$libinit$$00000010) refers to libinit2.o(.ARM.Collect$$libinit$$0000000F) for .ARM.Collect$$libinit$$0000000F
    libinit2.o(.ARM.Collect$$libinit$$00000012) refers to libinit2.o(.ARM.Collect$$libinit$$0000000F) for .ARM.Collect$$libinit$$0000000F
    libinit2.o(.ARM.Collect$$libinit$$00000014) refers to libinit2.o(.ARM.Collect$$libinit$$0000000F) for .ARM.Collect$$libinit$$0000000F
    libinit2.o(.ARM.Collect$$libinit$$00000016) refers to libinit2.o(.ARM.Collect$$libinit$$0000000F) for .ARM.Collect$$libinit$$0000000F
    libinit2.o(.ARM.Collect$$libinit$$00000018) refers to libinit2.o(.ARM.Collect$$libinit$$0000000F) for .ARM.Collect$$libinit$$0000000F
    libinit2.o(.ARM.Collect$$libinit$$00000026) refers to argv_veneer.o(.text) for __ARM_argv_veneer
    libinit2.o(.ARM.Collect$$libinit$$00000027) refers to argv_veneer.o(.text) for __ARM_argv_veneer
    sys_exit.o(.text) refers (Special) to use_no_semi.o(.text) for __I$use$semihosting
    sys_exit.o(.text) refers (Special) to indicate_semi.o(.text) for __semihosting_library_function
    rtexit2.o(.ARM.Collect$$rtexit$$00000003) refers to libshutdown.o(.ARM.Collect$$libshutdown$$00000000) for __rt_lib_shutdown
    rtexit2.o(.ARM.Collect$$rtexit$$00000004) refers to sys_exit.o(.text) for _sys_exit
    rtexit2.o(.ARM.exidx) refers to rtexit2.o(.ARM.Collect$$rtexit$$00000001) for .ARM.Collect$$rtexit$$00000001
    rtexit2.o(.ARM.exidx) refers to rtexit2.o(.ARM.Collect$$rtexit$$00000003) for .ARM.Collect$$rtexit$$00000003
    rtexit2.o(.ARM.exidx) refers to rtexit2.o(.ARM.Collect$$rtexit$$00000004) for .ARM.Collect$$rtexit$$00000004
    __raise.o(.text) refers to defsig.o(CL$$defsig) for __default_signal_handler
    defsig_general.o(.text) refers to sys_wrch.o(.text) for _ttywrch
    sys_wrch.o(.text) refers (Special) to use_no_semi.o(.text) for __I$use$semihosting
    sys_wrch.o(.text) refers (Special) to indicate_semi.o(.text) for __semihosting_library_function
    defsig.o(CL$$defsig) refers to defsig_fpe_inner.o(.text) for __rt_SIGFPE_inner
    defsig.o(CL$$defsig) refers to defsig_rtmem_inner.o(.text) for __rt_SIGRTMEM_inner
    _get_argv_nomalloc.o(.text) refers (Special) to hrguard.o(.text) for __heap_region$guard
    _get_argv_nomalloc.o(.text) refers to defsig_rtmem_outer.o(.text) for __rt_SIGRTMEM
    _get_argv_nomalloc.o(.text) refers to sys_command.o(.text) for _sys_command_string
    libshutdown.o(.ARM.Collect$$libshutdown$$00000000) refers (Special) to libshutdown2.o(.ARM.Collect$$libshutdown$$00000002) for __rt_lib_shutdown_cpp_1
    libshutdown.o(.ARM.Collect$$libshutdown$$00000000) refers (Special) to libshutdown2.o(.ARM.Collect$$libshutdown$$00000007) for __rt_lib_shutdown_fp_trap_1
    libshutdown.o(.ARM.Collect$$libshutdown$$00000000) refers (Special) to libshutdown2.o(.ARM.Collect$$libshutdown$$0000000F) for __rt_lib_shutdown_heap_1
    libshutdown.o(.ARM.Collect$$libshutdown$$00000000) refers (Special) to libshutdown2.o(.ARM.Collect$$libshutdown$$00000010) for __rt_lib_shutdown_return
    libshutdown.o(.ARM.Collect$$libshutdown$$00000000) refers (Special) to libshutdown2.o(.ARM.Collect$$libshutdown$$0000000A) for __rt_lib_shutdown_signal_1
    libshutdown.o(.ARM.Collect$$libshutdown$$00000000) refers (Special) to libshutdown2.o(.ARM.Collect$$libshutdown$$00000004) for __rt_lib_shutdown_stdio_1
    libshutdown.o(.ARM.Collect$$libshutdown$$00000000) refers (Special) to libshutdown2.o(.ARM.Collect$$libshutdown$$0000000C) for __rt_lib_shutdown_user_alloc_1
    sys_command.o(.text) refers (Special) to use_no_semi.o(.text) for __I$use$semihosting
    sys_command.o(.text) refers (Special) to indicate_semi.o(.text) for __semihosting_library_function
    defsig_abrt_inner.o(.text) refers to defsig_general.o(.text) for __default_signal_display
    defsig_rtred_inner.o(.text) refers to defsig_general.o(.text) for __default_signal_display
    defsig_rtmem_inner.o(.text) refers to defsig_general.o(.text) for __default_signal_display
    defsig_rtmem_outer.o(.text) refers to defsig_rtmem_inner.o(.text) for __rt_SIGRTMEM_inner
    defsig_rtmem_outer.o(.text) refers to defsig_exit.o(.text) for __sig_exit
    defsig_rtmem_formal.o(.text) refers to rt_raise.o(.text) for __rt_raise
    defsig_stak_inner.o(.text) refers to defsig_general.o(.text) for __default_signal_display
    defsig_pvfn_inner.o(.text) refers to defsig_general.o(.text) for __default_signal_display
    defsig_cppl_inner.o(.text) refers to defsig_general.o(.text) for __default_signal_display
    defsig_segv_inner.o(.text) refers to defsig_general.o(.text) for __default_signal_display
    defsig_other.o(.text) refers to defsig_general.o(.text) for __default_signal_display


==============================================================================

Removing Unused input sections from the image.

    Removing main.o(.emb_text), (8 bytes).
    Removing main.o(.constdata), (472 bytes).
    Removing stm32f0xx_it.o(.emb_text), (8 bytes).
    Removing system_stm32f0xx.o(.emb_text), (8 bytes).
    Removing iwtdg.o(.emb_text), (8 bytes).
    Removing iwtdg.o(.text), (48 bytes).
    Removing app.o(.emb_text), (8 bytes).
    Removing comm_task.o(.emb_text), (8 bytes).
    Removing comm_task.o(.text), (316 bytes).
    Removing comm_task.o(.bss), (872 bytes).
    Removing comm_task.o(.bss), (260 bytes).
    Removing comm_task.o(.bss), (472 bytes).
    Removing comm_task.o(.bss), (472 bytes).
    Removing comm_task.o(.data), (1 bytes).
    Removing comm_task.o(.data), (1 bytes).
    Removing comm_task.o(.data), (1 bytes).
    Removing comm_task.o(.data), (1 bytes).
    Removing comm_task.o(.data), (1 bytes).
    Removing comm_task.o(.data), (4 bytes).
    Removing comm_task.o(.data), (4 bytes).
    Removing comm_task.o(.data), (1 bytes).
    Removing comm_task.o(.data), (1 bytes).
    Removing comm_task.o(.data), (1 bytes).
    Removing comm_task.o(.data), (1 bytes).
    Removing comm_task.o(.data), (1 bytes).
    Removing comm_task.o(.data), (1 bytes).
    Removing comm_task.o(.data), (1 bytes).
    Removing comm_task.o(.data), (1 bytes).
    Removing comm_task.o(.data), (1 bytes).
    Removing comm_task.o(.data), (1 bytes).
    Removing comm_task.o(.data), (1 bytes).
    Removing comm_task.o(.data), (1 bytes).
    Removing comm_task.o(.data), (1 bytes).
    Removing comm_task.o(.data), (1 bytes).
    Removing comm_task.o(.data), (1 bytes).
    Removing comm_task.o(.data), (1 bytes).
    Removing comm_task.o(.data), (1 bytes).
    Removing comm_task.o(.data), (2 bytes).
    Removing comm_task.o(.data), (1 bytes).
    Removing comm_task.o(.data), (1 bytes).
    Removing comm_task.o(.data), (1 bytes).
    Removing comm_task.o(.data), (1 bytes).
    Removing comm_task.o(.data), (1 bytes).
    Removing comm_task.o(.data), (1 bytes).
    Removing comm_task.o(.data), (1 bytes).
    Removing comm_task.o(.data), (2 bytes).
    Removing comm_task.o(.data), (1 bytes).
    Removing comm_task.o(.data), (1 bytes).
    Removing comm_task.o(.data), (1 bytes).
    Removing comm_task.o(.data), (1 bytes).
    Removing comm_task.o(.data), (1 bytes).
    Removing comm_task.o(.data), (1 bytes).
    Removing comm_task.o(.data), (1 bytes).
    Removing comm_task.o(.data), (1 bytes).
    Removing comm_task.o(.data), (1 bytes).
    Removing comm_task.o(.data), (1 bytes).
    Removing comm_task.o(.data), (1 bytes).
    Removing comm_task.o(.data), (1 bytes).
    Removing comm_task.o(.data), (2 bytes).
    Removing comm_task.o(.data), (1 bytes).
    Removing comm_task.o(.data), (4 bytes).
    Removing comm_task.o(.data), (2 bytes).
    Removing comm_task.o(.data), (2 bytes).
    Removing comm_task.o(.data), (2 bytes).
    Removing comm_task.o(.data), (2 bytes).
    Removing comm_task.o(.data), (4 bytes).
    Removing comm_task.o(.data), (4 bytes).
    Removing comm_task.o(.data), (4 bytes).
    Removing comm_task.o(.data), (4 bytes).
    Removing comm_task.o(.data), (4 bytes).
    Removing comm_task.o(.data), (4 bytes).
    Removing comm_task.o(.data), (4 bytes).
    Removing comm_task.o(.data), (4 bytes).
    Removing comm_task.o(.data), (4 bytes).
    Removing comm_task.o(.data), (4 bytes).
    Removing comm_task.o(.data), (4 bytes).
    Removing comm_task.o(.data), (4 bytes).
    Removing comm_task.o(.data), (4 bytes).
    Removing comm_task.o(.data), (1 bytes).
    Removing comm_task.o(.data), (1 bytes).
    Removing comm_task.o(.data), (1 bytes).
    Removing comm_task.o(.data), (1 bytes).
    Removing comm_task.o(.data), (2 bytes).
    Removing comm_task.o(.data), (2 bytes).
    Removing comm_task.o(.data), (1 bytes).
    Removing comm_task.o(.data), (1 bytes).
    Removing comm_task.o(.data), (4 bytes).
    Removing comm_task.o(.data), (2 bytes).
    Removing comm_task.o(.data), (2 bytes).
    Removing comm_task.o(.data), (2 bytes).
    Removing comm_task.o(.data), (2 bytes).
    Removing comm_task.o(.data), (2 bytes).
    Removing comm_task.o(.data), (2 bytes).
    Removing comm_task.o(.data), (1 bytes).
    Removing comm_task.o(.data), (1 bytes).
    Removing comm_task.o(.data), (1 bytes).
    Removing comm_task.o(.data), (1 bytes).
    Removing key_power_on_task.o(.emb_text), (8 bytes).
    Removing protocol_module.o(.emb_text), (8 bytes).
    Removing protocol_module.o(.text), (1432 bytes).
    Removing protocol_module.o(.data), (10 bytes).
    Removing common.o(.emb_text), (8 bytes).
    Removing delay.o(.emb_text), (8 bytes).
    Removing fifo.o(.text), (166 bytes).
    Removing cmd_receive.o(.emb_text), (8 bytes).
    Removing cmd_receive.o(.text), (146 bytes).
    Removing serial_port.o(.emb_text), (8 bytes).
    Removing serial_port.o(.text), (288 bytes).
    Removing i2c.o(.emb_text), (8 bytes).
    Removing hardware.o(.emb_text), (8 bytes).
    Removing hardware.o(.bss), (16 bytes).
    Removing hardware.o(.data), (2 bytes).
    Removing motor_pwm.o(.emb_text), (8 bytes).
    Removing os_core.o(.emb_text), (8 bytes).
    Removing os_core.o(.data), (2 bytes).
    Removing os_core.o(.data), (2 bytes).
    Removing stm32f0xx_gpio.o(.emb_text), (8 bytes).
    Removing stm32f0xx_rcc.o(.emb_text), (8 bytes).
    Removing stm32f0xx_misc.o(.emb_text), (8 bytes).
    Removing stm32f0xx_usart.o(.emb_text), (8 bytes).
    Removing stm32f0xx_usart.o(.text), (1122 bytes).
    Removing stm32f0xx_tim.o(.emb_text), (8 bytes).
    Removing stm32f0xx_dma.o(.emb_text), (8 bytes).
    Removing stm32f0xx_pwr.o(.emb_text), (8 bytes).
    Removing stm32f0xx_flash.o(.emb_text), (8 bytes).
    Removing stm32f0xx_flash.o(.text), (1100 bytes).
    Removing stm32f0xx_adc.o(.emb_text), (8 bytes).
    Removing stm32f0xx_exti.o(.emb_text), (8 bytes).
    Removing stm32f0xx_syscfg.o(.emb_text), (8 bytes).
    Removing stm32f0xx_iwdg.o(.emb_text), (8 bytes).
    Removing stm32f0xx_iwdg.o(.text), (68 bytes).
    Removing protocol_module.o(i.__ARM_common_switch8), (26 bytes).

132 unused section(s) (total 7666 bytes) removed from the image.

==============================================================================

Image Symbol Table

    Local Symbols

    Symbol Name                              Value     Ov Type        Size  Object(Section)

    ../clib/angel/boardlib.s                 0x00000000   Number         0  boardshut.o ABSOLUTE
    ../clib/angel/boardlib.s                 0x00000000   Number         0  boardinit1.o ABSOLUTE
    ../clib/angel/boardlib.s                 0x00000000   Number         0  boardinit2.o ABSOLUTE
    ../clib/angel/boardlib.s                 0x00000000   Number         0  boardinit3.o ABSOLUTE
    ../clib/angel/handlers.s                 0x00000000   Number         0  __scatter_zi.o ABSOLUTE
    ../clib/angel/handlers.s                 0x00000000   Number         0  __scatter_copy.o ABSOLUTE
    ../clib/angel/kernel.s                   0x00000000   Number         0  __rtentry4.o ABSOLUTE
    ../clib/angel/kernel.s                   0x00000000   Number         0  rtexit2.o ABSOLUTE
    ../clib/angel/kernel.s                   0x00000000   Number         0  __rtentry.o ABSOLUTE
    ../clib/angel/kernel.s                   0x00000000   Number         0  __rtentry2.o ABSOLUTE
    ../clib/angel/kernel.s                   0x00000000   Number         0  rtexit.o ABSOLUTE
    ../clib/angel/rt.s                       0x00000000   Number         0  rt_div0.o ABSOLUTE
    ../clib/angel/rt.s                       0x00000000   Number         0  rt_raise.o ABSOLUTE
    ../clib/angel/rt.s                       0x00000000   Number         0  aeabi_idiv0.o ABSOLUTE
    ../clib/angel/rt.s                       0x00000000   Number         0  aeabi_idiv0_sigfpe.o ABSOLUTE
    ../clib/angel/scatterp.s                 0x00000000   Number         0  __scatter.o ABSOLUTE
    ../clib/angel/startup.s                  0x00000000   Number         0  __main.o ABSOLUTE
    ../clib/angel/sys.s                      0x00000000   Number         0  sys_stackheap_outer.o ABSOLUTE
    ../clib/angel/sys.s                      0x00000000   Number         0  libspace.o ABSOLUTE
    ../clib/angel/sys.s                      0x00000000   Number         0  indicate_semi.o ABSOLUTE
    ../clib/angel/sys.s                      0x00000000   Number         0  use_no_semi.o ABSOLUTE
    ../clib/angel/sys.s                      0x00000000   Number         0  tempstk.o ABSOLUTE
    ../clib/angel/sysapp.c                   0x00000000   Number         0  sys_wrch.o ABSOLUTE
    ../clib/angel/sysapp.c                   0x00000000   Number         0  sys_exit.o ABSOLUTE
    ../clib/angel/sysapp.c                   0x00000000   Number         0  sys_command.o ABSOLUTE
    ../clib/armsys.c                         0x00000000   Number         0  argv_veneer.o ABSOLUTE
    ../clib/armsys.c                         0x00000000   Number         0  _get_argv_nomalloc.o ABSOLUTE
    ../clib/armsys.c                         0x00000000   Number         0  no_argv.o ABSOLUTE
    ../clib/division.s                       0x00000000   Number         0  aeabi_sdiv.o ABSOLUTE
    ../clib/division.s                       0x00000000   Number         0  aeabi_sdiv_div0.o ABSOLUTE
    ../clib/heapalloc.c                      0x00000000   Number         0  hrguard.o ABSOLUTE
    ../clib/heapaux.c                        0x00000000   Number         0  heapauxi.o ABSOLUTE
    ../clib/libinit.s                        0x00000000   Number         0  libshutdown2.o ABSOLUTE
    ../clib/libinit.s                        0x00000000   Number         0  libinit.o ABSOLUTE
    ../clib/libinit.s                        0x00000000   Number         0  libinit2.o ABSOLUTE
    ../clib/libinit.s                        0x00000000   Number         0  libshutdown.o ABSOLUTE
    ../clib/memcpset.c                       0x00000000   Number         0  rt_memcpy.o ABSOLUTE
    ../clib/memcpset.c                       0x00000000   Number         0  rt_memcpy.o ABSOLUTE
    ../clib/memcpset.c                       0x00000000   Number         0  rt_memclr.o ABSOLUTE
    ../clib/signal.c                         0x00000000   Number         0  defsig_rtmem_inner.o ABSOLUTE
    ../clib/signal.c                         0x00000000   Number         0  defsig_fpe_formal.o ABSOLUTE
    ../clib/signal.c                         0x00000000   Number         0  defsig_other.o ABSOLUTE
    ../clib/signal.c                         0x00000000   Number         0  defsig_segv_inner.o ABSOLUTE
    ../clib/signal.c                         0x00000000   Number         0  defsig_cppl_inner.o ABSOLUTE
    ../clib/signal.c                         0x00000000   Number         0  defsig_pvfn_inner.o ABSOLUTE
    ../clib/signal.c                         0x00000000   Number         0  defsig_stak_inner.o ABSOLUTE
    ../clib/signal.c                         0x00000000   Number         0  defsig_abrt_inner.o ABSOLUTE
    ../clib/signal.c                         0x00000000   Number         0  defsig_fpe_outer.o ABSOLUTE
    ../clib/signal.c                         0x00000000   Number         0  defsig_rtred_inner.o ABSOLUTE
    ../clib/signal.c                         0x00000000   Number         0  defsig_rtmem_formal.o ABSOLUTE
    ../clib/signal.c                         0x00000000   Number         0  defsig_fpe_inner.o ABSOLUTE
    ../clib/signal.c                         0x00000000   Number         0  defsig_exit.o ABSOLUTE
    ../clib/signal.c                         0x00000000   Number         0  __raise.o ABSOLUTE
    ../clib/signal.c                         0x00000000   Number         0  defsig_general.o ABSOLUTE
    ../clib/signal.c                         0x00000000   Number         0  defsig_rtmem_outer.o ABSOLUTE
    ../clib/signal.s                         0x00000000   Number         0  defsig.o ABSOLUTE
    ../clib/stdlib.c                         0x00000000   Number         0  exit.o ABSOLUTE
    ../fplib/cfplib/fpinit.c                 0x00000000   Number         0  fpinit.o ABSOLUTE
    ..\APP\app.c                             0x00000000   Number         0  app.o ABSOLUTE
    ..\APP\comm_task.c                       0x00000000   Number         0  comm_task.o ABSOLUTE
    ..\APP\common.c                          0x00000000   Number         0  common.o ABSOLUTE
    ..\APP\i2c.c                             0x00000000   Number         0  i2c.o ABSOLUTE
    ..\APP\key_power_on_task.c               0x00000000   Number         0  key_power_on_task.o ABSOLUTE
    ..\CORE\startup_stm32f0xx.s              0x00000000   Number         0  startup_stm32f0xx.o ABSOLUTE
    ..\HARDWARE\Motor_pwm.c                  0x00000000   Number         0  motor_pwm.o ABSOLUTE
    ..\HARDWARE\hardware.c                   0x00000000   Number         0  hardware.o ABSOLUTE
    ..\MODULE\protocol_module.c              0x00000000   Number         0  protocol_module.o ABSOLUTE
    ..\OS\os_core.c                          0x00000000   Number         0  os_core.o ABSOLUTE
    ..\STM32F03x_FWLib\src\stm32f0xx_adc.c   0x00000000   Number         0  stm32f0xx_adc.o ABSOLUTE
    ..\STM32F03x_FWLib\src\stm32f0xx_dma.c   0x00000000   Number         0  stm32f0xx_dma.o ABSOLUTE
    ..\STM32F03x_FWLib\src\stm32f0xx_exti.c  0x00000000   Number         0  stm32f0xx_exti.o ABSOLUTE
    ..\STM32F03x_FWLib\src\stm32f0xx_flash.c 0x00000000   Number         0  stm32f0xx_flash.o ABSOLUTE
    ..\STM32F03x_FWLib\src\stm32f0xx_gpio.c  0x00000000   Number         0  stm32f0xx_gpio.o ABSOLUTE
    ..\STM32F03x_FWLib\src\stm32f0xx_iwdg.c  0x00000000   Number         0  stm32f0xx_iwdg.o ABSOLUTE
    ..\STM32F03x_FWLib\src\stm32f0xx_misc.c  0x00000000   Number         0  stm32f0xx_misc.o ABSOLUTE
    ..\STM32F03x_FWLib\src\stm32f0xx_pwr.c   0x00000000   Number         0  stm32f0xx_pwr.o ABSOLUTE
    ..\STM32F03x_FWLib\src\stm32f0xx_rcc.c   0x00000000   Number         0  stm32f0xx_rcc.o ABSOLUTE
    ..\STM32F03x_FWLib\src\stm32f0xx_syscfg.c 0x00000000   Number         0  stm32f0xx_syscfg.o ABSOLUTE
    ..\STM32F03x_FWLib\src\stm32f0xx_tim.c   0x00000000   Number         0  stm32f0xx_tim.o ABSOLUTE
    ..\STM32F03x_FWLib\src\stm32f0xx_usart.c 0x00000000   Number         0  stm32f0xx_usart.o ABSOLUTE
    ..\SYSTEM\cmd\CMD_Receive.c              0x00000000   Number         0  cmd_receive.o ABSOLUTE
    ..\SYSTEM\delay.c                        0x00000000   Number         0  delay.o ABSOLUTE
    ..\SYSTEM\fifo\fifo.c                    0x00000000   Number         0  fifo.o ABSOLUTE
    ..\SYSTEM\serial_port.c                  0x00000000   Number         0  serial_port.o ABSOLUTE
    ..\\APP\\app.c                           0x00000000   Number         0  app.o ABSOLUTE
    ..\\APP\\comm_task.c                     0x00000000   Number         0  comm_task.o ABSOLUTE
    ..\\APP\\common.c                        0x00000000   Number         0  common.o ABSOLUTE
    ..\\APP\\i2c.c                           0x00000000   Number         0  i2c.o ABSOLUTE
    ..\\APP\\key_power_on_task.c             0x00000000   Number         0  key_power_on_task.o ABSOLUTE
    ..\\HARDWARE\\Motor_pwm.c                0x00000000   Number         0  motor_pwm.o ABSOLUTE
    ..\\HARDWARE\\hardware.c                 0x00000000   Number         0  hardware.o ABSOLUTE
    ..\\MODULE\\protocol_module.c            0x00000000   Number         0  protocol_module.o ABSOLUTE
    ..\\OS\\os_core.c                        0x00000000   Number         0  os_core.o ABSOLUTE
    ..\\STM32F03x_FWLib\\src\\stm32f0xx_adc.c 0x00000000   Number         0  stm32f0xx_adc.o ABSOLUTE
    ..\\STM32F03x_FWLib\\src\\stm32f0xx_dma.c 0x00000000   Number         0  stm32f0xx_dma.o ABSOLUTE
    ..\\STM32F03x_FWLib\\src\\stm32f0xx_exti.c 0x00000000   Number         0  stm32f0xx_exti.o ABSOLUTE
    ..\\STM32F03x_FWLib\\src\\stm32f0xx_flash.c 0x00000000   Number         0  stm32f0xx_flash.o ABSOLUTE
    ..\\STM32F03x_FWLib\\src\\stm32f0xx_gpio.c 0x00000000   Number         0  stm32f0xx_gpio.o ABSOLUTE
    ..\\STM32F03x_FWLib\\src\\stm32f0xx_iwdg.c 0x00000000   Number         0  stm32f0xx_iwdg.o ABSOLUTE
    ..\\STM32F03x_FWLib\\src\\stm32f0xx_misc.c 0x00000000   Number         0  stm32f0xx_misc.o ABSOLUTE
    ..\\STM32F03x_FWLib\\src\\stm32f0xx_pwr.c 0x00000000   Number         0  stm32f0xx_pwr.o ABSOLUTE
    ..\\STM32F03x_FWLib\\src\\stm32f0xx_rcc.c 0x00000000   Number         0  stm32f0xx_rcc.o ABSOLUTE
    ..\\STM32F03x_FWLib\\src\\stm32f0xx_syscfg.c 0x00000000   Number         0  stm32f0xx_syscfg.o ABSOLUTE
    ..\\STM32F03x_FWLib\\src\\stm32f0xx_tim.c 0x00000000   Number         0  stm32f0xx_tim.o ABSOLUTE
    ..\\STM32F03x_FWLib\\src\\stm32f0xx_usart.c 0x00000000   Number         0  stm32f0xx_usart.o ABSOLUTE
    ..\\SYSTEM\\cmd\\CMD_Receive.c           0x00000000   Number         0  cmd_receive.o ABSOLUTE
    ..\\SYSTEM\\delay.c                      0x00000000   Number         0  delay.o ABSOLUTE
    ..\\SYSTEM\\serial_port.c                0x00000000   Number         0  serial_port.o ABSOLUTE
    dc.s                                     0x00000000   Number         0  dc.o ABSOLUTE
    iwtdg.c                                  0x00000000   Number         0  iwtdg.o ABSOLUTE
    iwtdg.c                                  0x00000000   Number         0  iwtdg.o ABSOLUTE
    main.c                                   0x00000000   Number         0  main.o ABSOLUTE
    main.c                                   0x00000000   Number         0  main.o ABSOLUTE
    stm32f0xx_it.c                           0x00000000   Number         0  stm32f0xx_it.o ABSOLUTE
    stm32f0xx_it.c                           0x00000000   Number         0  stm32f0xx_it.o ABSOLUTE
    system_stm32f0xx.c                       0x00000000   Number         0  system_stm32f0xx.o ABSOLUTE
    system_stm32f0xx.c                       0x00000000   Number         0  system_stm32f0xx.o ABSOLUTE
    RESET                                    0x08000000   Section      192  startup_stm32f0xx.o(RESET)
    !!!main                                  0x080000c0   Section        8  __main.o(!!!main)
    !!!scatter                               0x080000c8   Section       60  __scatter.o(!!!scatter)
    !!handler_copy                           0x08000104   Section       26  __scatter_copy.o(!!handler_copy)
    !!handler_zi                             0x08000120   Section       28  __scatter_zi.o(!!handler_zi)
    .ARM.Collect$$libinit$$00000000          0x0800013c   Section        2  libinit.o(.ARM.Collect$$libinit$$00000000)
    .ARM.Collect$$libinit$$00000002          0x0800013e   Section        0  libinit2.o(.ARM.Collect$$libinit$$00000002)
    .ARM.Collect$$libinit$$00000004          0x0800013e   Section        0  libinit2.o(.ARM.Collect$$libinit$$00000004)
    .ARM.Collect$$libinit$$0000000A          0x0800013e   Section        0  libinit2.o(.ARM.Collect$$libinit$$0000000A)
    .ARM.Collect$$libinit$$0000000C          0x0800013e   Section        0  libinit2.o(.ARM.Collect$$libinit$$0000000C)
    .ARM.Collect$$libinit$$0000000E          0x0800013e   Section        0  libinit2.o(.ARM.Collect$$libinit$$0000000E)
    .ARM.Collect$$libinit$$00000011          0x0800013e   Section        0  libinit2.o(.ARM.Collect$$libinit$$00000011)
    .ARM.Collect$$libinit$$00000013          0x0800013e   Section        0  libinit2.o(.ARM.Collect$$libinit$$00000013)
    .ARM.Collect$$libinit$$00000015          0x0800013e   Section        0  libinit2.o(.ARM.Collect$$libinit$$00000015)
    .ARM.Collect$$libinit$$00000017          0x0800013e   Section        0  libinit2.o(.ARM.Collect$$libinit$$00000017)
    .ARM.Collect$$libinit$$00000019          0x0800013e   Section        0  libinit2.o(.ARM.Collect$$libinit$$00000019)
    .ARM.Collect$$libinit$$0000001B          0x0800013e   Section        0  libinit2.o(.ARM.Collect$$libinit$$0000001B)
    .ARM.Collect$$libinit$$0000001D          0x0800013e   Section        0  libinit2.o(.ARM.Collect$$libinit$$0000001D)
    .ARM.Collect$$libinit$$0000001F          0x0800013e   Section        0  libinit2.o(.ARM.Collect$$libinit$$0000001F)
    .ARM.Collect$$libinit$$00000021          0x0800013e   Section        0  libinit2.o(.ARM.Collect$$libinit$$00000021)
    .ARM.Collect$$libinit$$00000023          0x0800013e   Section        0  libinit2.o(.ARM.Collect$$libinit$$00000023)
    .ARM.Collect$$libinit$$00000025          0x0800013e   Section        0  libinit2.o(.ARM.Collect$$libinit$$00000025)
    .ARM.Collect$$libinit$$0000002C          0x0800013e   Section        0  libinit2.o(.ARM.Collect$$libinit$$0000002C)
    .ARM.Collect$$libinit$$0000002E          0x0800013e   Section        0  libinit2.o(.ARM.Collect$$libinit$$0000002E)
    .ARM.Collect$$libinit$$00000030          0x0800013e   Section        0  libinit2.o(.ARM.Collect$$libinit$$00000030)
    .ARM.Collect$$libinit$$00000032          0x0800013e   Section        0  libinit2.o(.ARM.Collect$$libinit$$00000032)
    .ARM.Collect$$libinit$$00000033          0x0800013e   Section        2  libinit2.o(.ARM.Collect$$libinit$$00000033)
    .ARM.Collect$$libshutdown$$00000000      0x08000140   Section        2  libshutdown.o(.ARM.Collect$$libshutdown$$00000000)
    .ARM.Collect$$libshutdown$$00000002      0x08000142   Section        0  libshutdown2.o(.ARM.Collect$$libshutdown$$00000002)
    .ARM.Collect$$libshutdown$$00000004      0x08000142   Section        0  libshutdown2.o(.ARM.Collect$$libshutdown$$00000004)
    .ARM.Collect$$libshutdown$$00000007      0x08000142   Section        0  libshutdown2.o(.ARM.Collect$$libshutdown$$00000007)
    .ARM.Collect$$libshutdown$$0000000A      0x08000142   Section        0  libshutdown2.o(.ARM.Collect$$libshutdown$$0000000A)
    .ARM.Collect$$libshutdown$$0000000C      0x08000142   Section        0  libshutdown2.o(.ARM.Collect$$libshutdown$$0000000C)
    .ARM.Collect$$libshutdown$$0000000F      0x08000142   Section        0  libshutdown2.o(.ARM.Collect$$libshutdown$$0000000F)
    .ARM.Collect$$libshutdown$$00000010      0x08000142   Section        2  libshutdown2.o(.ARM.Collect$$libshutdown$$00000010)
    .ARM.Collect$$rtentry$$00000000          0x08000144   Section        0  __rtentry.o(.ARM.Collect$$rtentry$$00000000)
    .ARM.Collect$$rtentry$$00000002          0x08000144   Section        0  __rtentry2.o(.ARM.Collect$$rtentry$$00000002)
    .ARM.Collect$$rtentry$$00000004          0x08000144   Section        6  __rtentry4.o(.ARM.Collect$$rtentry$$00000004)
    .ARM.Collect$$rtentry$$00000009          0x0800014a   Section        0  __rtentry2.o(.ARM.Collect$$rtentry$$00000009)
    .ARM.Collect$$rtentry$$0000000A          0x0800014a   Section        4  __rtentry2.o(.ARM.Collect$$rtentry$$0000000A)
    .ARM.Collect$$rtentry$$0000000C          0x0800014e   Section        0  __rtentry2.o(.ARM.Collect$$rtentry$$0000000C)
    .ARM.Collect$$rtentry$$0000000D          0x0800014e   Section        8  __rtentry2.o(.ARM.Collect$$rtentry$$0000000D)
    .ARM.Collect$$rtexit$$00000000           0x08000156   Section        2  rtexit.o(.ARM.Collect$$rtexit$$00000000)
    .ARM.Collect$$rtexit$$00000002           0x08000158   Section        0  rtexit2.o(.ARM.Collect$$rtexit$$00000002)
    .ARM.Collect$$rtexit$$00000003           0x08000158   Section        4  rtexit2.o(.ARM.Collect$$rtexit$$00000003)
    .ARM.Collect$$rtexit$$00000004           0x0800015c   Section        6  rtexit2.o(.ARM.Collect$$rtexit$$00000004)
    .text                                    0x08000164   Section        0  main.o(.text)
    .text                                    0x0800018c   Section        0  stm32f0xx_it.o(.text)
    .text                                    0x080001b8   Section        0  system_stm32f0xx.o(.text)
    SetSysClock                              0x08000267   Thumb Code   114  system_stm32f0xx.o(.text)
    .text                                    0x080002f4   Section        0  app.o(.text)
    .text                                    0x0800031c   Section        0  key_power_on_task.o(.text)
    .text                                    0x08000610   Section        0  common.o(.text)
    .text                                    0x08000630   Section        0  delay.o(.text)
    .text                                    0x080006c0   Section        0  i2c.o(.text)
    .text                                    0x080009b8   Section        0  hardware.o(.text)
    .text                                    0x08000df4   Section        0  motor_pwm.o(.text)
    Motor_PWM_Config                         0x08000df5   Thumb Code   284  motor_pwm.o(.text)
    Motor_PWM_GPIO_Config                    0x08000fc9   Thumb Code   184  motor_pwm.o(.text)
    .text                                    0x080010a0   Section        0  os_core.o(.text)
    .text                                    0x08001158   Section       56  startup_stm32f0xx.o(.text)
    .text                                    0x08001190   Section        0  stm32f0xx_gpio.o(.text)
    .text                                    0x080012ec   Section        0  stm32f0xx_rcc.o(.text)
    .text                                    0x080016f8   Section        0  stm32f0xx_misc.o(.text)
    .text                                    0x08001774   Section        0  stm32f0xx_tim.o(.text)
    TI2_Config                               0x08001d59   Thumb Code    42  stm32f0xx_tim.o(.text)
    TI1_Config                               0x08001d93   Thumb Code    40  stm32f0xx_tim.o(.text)
    .text                                    0x08002090   Section        0  stm32f0xx_dma.o(.text)
    .text                                    0x080021b4   Section        0  stm32f0xx_pwr.o(.text)
    .text                                    0x08002294   Section        0  stm32f0xx_adc.o(.text)
    .text                                    0x080024b8   Section        0  stm32f0xx_exti.o(.text)
    .text                                    0x0800258c   Section        0  stm32f0xx_syscfg.o(.text)
    .text                                    0x08002624   Section        0  rt_memclr.o(.text)
    .text                                    0x08002664   Section      346  aeabi_sdiv.o(.text)
    .text                                    0x080027be   Section        0  heapauxi.o(.text)
    .text                                    0x080027c4   Section       62  sys_stackheap_outer.o(.text)
    .text                                    0x08002802   Section        0  exit.o(.text)
    .text                                    0x08002814   Section        8  libspace.o(.text)
    .text                                    0x0800281c   Section        0  sys_exit.o(.text)
    .text                                    0x08002828   Section        2  use_no_semi.o(.text)
    .text                                    0x0800282a   Section        0  indicate_semi.o(.text)
    .data                                    0x20000000   Section       20  system_stm32f0xx.o(.data)
    .data                                    0x20000014   Section        5  key_power_on_task.o(.data)
    wakeup_Cnt                               0x20000018   Data           1  key_power_on_task.o(.data)
    .data                                    0x2000001a   Section        2  common.o(.data)
    .data                                    0x2000001c   Section        4  delay.o(.data)
    fac_us                                   0x2000001c   Data           1  delay.o(.data)
    fac_ms                                   0x2000001e   Data           2  delay.o(.data)
    .data                                    0x20000020   Section        7  i2c.o(.data)
    data11                                   0x20000020   Data           1  i2c.o(.data)
    data_staus                               0x20000021   Data           1  i2c.o(.data)
    data23_16                                0x20000022   Data           1  i2c.o(.data)
    data15_8                                 0x20000023   Data           1  i2c.o(.data)
    data7_0                                  0x20000024   Data           1  i2c.o(.data)
    data1                                    0x20000025   Data           1  i2c.o(.data)
    data2                                    0x20000026   Data           1  i2c.o(.data)
    .data                                    0x20000028   Section        4  hardware.o(.data)
    .data                                    0x2000002c   Section        8  os_core.o(.data)
    index                                    0x20000030   Data           4  os_core.o(.data)
    .data                                    0x20000034   Section       16  stm32f0xx_rcc.o(.data)
    APBAHBPrescTable                         0x20000034   Data          16  stm32f0xx_rcc.o(.data)
    .bss                                     0x20000044   Section      180  os_core.o(.bss)
    .bss                                     0x200000f8   Section       96  libspace.o(.bss)
    HEAP                                     0x20000158   Section      512  startup_stm32f0xx.o(HEAP)
    Heap_Mem                                 0x20000158   Data         512  startup_stm32f0xx.o(HEAP)
    STACK                                    0x20000358   Section     1024  startup_stm32f0xx.o(STACK)
    Stack_Mem                                0x20000358   Data        1024  startup_stm32f0xx.o(STACK)
    __initial_sp                             0x20000758   Data           0  startup_stm32f0xx.o(STACK)

    Global Symbols

    Symbol Name                              Value     Ov Type        Size  Object(Section)

    BuildAttributes$$THM_ISAv3M$S$PE$A:L22$X:L11$S22$IEEE1$IW$USESV6$~STKCKD$USESV7$~SHL$OSPACE$ROPI$EBA8$UX$STANDARDLIB$REQ8$PRES8$EABIv2 0x00000000   Number         0  anon$$obj.o ABSOLUTE
    __ARM_use_no_argv                        0x00000000   Number         0  main.o ABSOLUTE
    __ARM_exceptions_init                     - Undefined Weak Reference
    __alloca_initialize                       - Undefined Weak Reference
    __arm_preinit_                            - Undefined Weak Reference
    __cpp_initialize__aeabi_                  - Undefined Weak Reference
    __cxa_finalize                            - Undefined Weak Reference
    __rt_locale                               - Undefined Weak Reference
    __sigvec_lookup                           - Undefined Weak Reference
    _atexit_init                              - Undefined Weak Reference
    _call_atexit_fns                          - Undefined Weak Reference
    _clock_init                               - Undefined Weak Reference
    _fp_trap_init                             - Undefined Weak Reference
    _fp_trap_shutdown                         - Undefined Weak Reference
    _get_lc_collate                           - Undefined Weak Reference
    _get_lc_ctype                             - Undefined Weak Reference
    _get_lc_monetary                          - Undefined Weak Reference
    _get_lc_numeric                           - Undefined Weak Reference
    _get_lc_time                              - Undefined Weak Reference
    _getenv_init                              - Undefined Weak Reference
    _handle_redirection                       - Undefined Weak Reference
    _init_alloc                               - Undefined Weak Reference
    _init_user_alloc                          - Undefined Weak Reference
    _initio                                   - Undefined Weak Reference
    _rand_init                                - Undefined Weak Reference
    _signal_finish                            - Undefined Weak Reference
    _signal_init                              - Undefined Weak Reference
    _terminate_alloc                          - Undefined Weak Reference
    _terminate_user_alloc                     - Undefined Weak Reference
    _terminateio                              - Undefined Weak Reference
    __Vectors_Size                           0x000000c0   Number         0  startup_stm32f0xx.o ABSOLUTE
    __Vectors                                0x08000000   Data           4  startup_stm32f0xx.o(RESET)
    __Vectors_End                            0x080000c0   Data           0  startup_stm32f0xx.o(RESET)
    __main                                   0x080000c1   Thumb Code     8  __main.o(!!!main)
    __scatterload                            0x080000c9   Thumb Code     0  __scatter.o(!!!scatter)
    __scatterload_rt2                        0x080000c9   Thumb Code    52  __scatter.o(!!!scatter)
    __scatterload_rt2_thumb_only             0x080000c9   Thumb Code     0  __scatter.o(!!!scatter)
    __scatterload_null                       0x080000d9   Thumb Code     0  __scatter.o(!!!scatter)
    __scatterload_copy                       0x08000105   Thumb Code    26  __scatter_copy.o(!!handler_copy)
    __scatterload_zeroinit                   0x08000121   Thumb Code    28  __scatter_zi.o(!!handler_zi)
    __rt_lib_init                            0x0800013d   Thumb Code     0  libinit.o(.ARM.Collect$$libinit$$00000000)
    __rt_lib_init_alloca_1                   0x0800013f   Thumb Code     0  libinit2.o(.ARM.Collect$$libinit$$0000002E)
    __rt_lib_init_argv_1                     0x0800013f   Thumb Code     0  libinit2.o(.ARM.Collect$$libinit$$0000002C)
    __rt_lib_init_atexit_1                   0x0800013f   Thumb Code     0  libinit2.o(.ARM.Collect$$libinit$$0000001B)
    __rt_lib_init_clock_1                    0x0800013f   Thumb Code     0  libinit2.o(.ARM.Collect$$libinit$$00000021)
    __rt_lib_init_cpp_1                      0x0800013f   Thumb Code     0  libinit2.o(.ARM.Collect$$libinit$$00000032)
    __rt_lib_init_exceptions_1               0x0800013f   Thumb Code     0  libinit2.o(.ARM.Collect$$libinit$$00000030)
    __rt_lib_init_fp_1                       0x0800013f   Thumb Code     0  libinit2.o(.ARM.Collect$$libinit$$00000002)
    __rt_lib_init_fp_trap_1                  0x0800013f   Thumb Code     0  libinit2.o(.ARM.Collect$$libinit$$0000001F)
    __rt_lib_init_getenv_1                   0x0800013f   Thumb Code     0  libinit2.o(.ARM.Collect$$libinit$$00000023)
    __rt_lib_init_heap_1                     0x0800013f   Thumb Code     0  libinit2.o(.ARM.Collect$$libinit$$0000000A)
    __rt_lib_init_lc_collate_1               0x0800013f   Thumb Code     0  libinit2.o(.ARM.Collect$$libinit$$00000011)
    __rt_lib_init_lc_ctype_1                 0x0800013f   Thumb Code     0  libinit2.o(.ARM.Collect$$libinit$$00000013)
    __rt_lib_init_lc_monetary_1              0x0800013f   Thumb Code     0  libinit2.o(.ARM.Collect$$libinit$$00000015)
    __rt_lib_init_lc_numeric_1               0x0800013f   Thumb Code     0  libinit2.o(.ARM.Collect$$libinit$$00000017)
    __rt_lib_init_lc_time_1                  0x0800013f   Thumb Code     0  libinit2.o(.ARM.Collect$$libinit$$00000019)
    __rt_lib_init_preinit_1                  0x0800013f   Thumb Code     0  libinit2.o(.ARM.Collect$$libinit$$00000004)
    __rt_lib_init_rand_1                     0x0800013f   Thumb Code     0  libinit2.o(.ARM.Collect$$libinit$$0000000E)
    __rt_lib_init_return                     0x0800013f   Thumb Code     0  libinit2.o(.ARM.Collect$$libinit$$00000033)
    __rt_lib_init_signal_1                   0x0800013f   Thumb Code     0  libinit2.o(.ARM.Collect$$libinit$$0000001D)
    __rt_lib_init_stdio_1                    0x0800013f   Thumb Code     0  libinit2.o(.ARM.Collect$$libinit$$00000025)
    __rt_lib_init_user_alloc_1               0x0800013f   Thumb Code     0  libinit2.o(.ARM.Collect$$libinit$$0000000C)
    __rt_lib_shutdown                        0x08000141   Thumb Code     0  libshutdown.o(.ARM.Collect$$libshutdown$$00000000)
    __rt_lib_shutdown_cpp_1                  0x08000143   Thumb Code     0  libshutdown2.o(.ARM.Collect$$libshutdown$$00000002)
    __rt_lib_shutdown_fp_trap_1              0x08000143   Thumb Code     0  libshutdown2.o(.ARM.Collect$$libshutdown$$00000007)
    __rt_lib_shutdown_heap_1                 0x08000143   Thumb Code     0  libshutdown2.o(.ARM.Collect$$libshutdown$$0000000F)
    __rt_lib_shutdown_return                 0x08000143   Thumb Code     0  libshutdown2.o(.ARM.Collect$$libshutdown$$00000010)
    __rt_lib_shutdown_signal_1               0x08000143   Thumb Code     0  libshutdown2.o(.ARM.Collect$$libshutdown$$0000000A)
    __rt_lib_shutdown_stdio_1                0x08000143   Thumb Code     0  libshutdown2.o(.ARM.Collect$$libshutdown$$00000004)
    __rt_lib_shutdown_user_alloc_1           0x08000143   Thumb Code     0  libshutdown2.o(.ARM.Collect$$libshutdown$$0000000C)
    __rt_entry                               0x08000145   Thumb Code     0  __rtentry.o(.ARM.Collect$$rtentry$$00000000)
    __rt_entry_presh_1                       0x08000145   Thumb Code     0  __rtentry2.o(.ARM.Collect$$rtentry$$00000002)
    __rt_entry_sh                            0x08000145   Thumb Code     0  __rtentry4.o(.ARM.Collect$$rtentry$$00000004)
    __rt_entry_li                            0x0800014b   Thumb Code     0  __rtentry2.o(.ARM.Collect$$rtentry$$0000000A)
    __rt_entry_postsh_1                      0x0800014b   Thumb Code     0  __rtentry2.o(.ARM.Collect$$rtentry$$00000009)
    __rt_entry_main                          0x0800014f   Thumb Code     0  __rtentry2.o(.ARM.Collect$$rtentry$$0000000D)
    __rt_entry_postli_1                      0x0800014f   Thumb Code     0  __rtentry2.o(.ARM.Collect$$rtentry$$0000000C)
    __rt_exit                                0x08000157   Thumb Code     0  rtexit.o(.ARM.Collect$$rtexit$$00000000)
    __rt_exit_ls                             0x08000159   Thumb Code     0  rtexit2.o(.ARM.Collect$$rtexit$$00000003)
    __rt_exit_prels_1                        0x08000159   Thumb Code     0  rtexit2.o(.ARM.Collect$$rtexit$$00000002)
    __rt_exit_exit                           0x0800015d   Thumb Code     0  rtexit2.o(.ARM.Collect$$rtexit$$00000004)
    main                                     0x08000165   Thumb Code    36  main.o(.text)
    NMI_Handler                              0x0800018d   Thumb Code     2  stm32f0xx_it.o(.text)
    HardFault_Handler                        0x0800018f   Thumb Code     2  stm32f0xx_it.o(.text)
    SVC_Handler                              0x08000191   Thumb Code     2  stm32f0xx_it.o(.text)
    PendSV_Handler                           0x08000193   Thumb Code     2  stm32f0xx_it.o(.text)
    SysTick_Handler                          0x08000195   Thumb Code     2  stm32f0xx_it.o(.text)
    TIM16_IRQHandler                         0x08000197   Thumb Code    30  stm32f0xx_it.o(.text)
    SystemInit                               0x080001b9   Thumb Code    84  system_stm32f0xx.o(.text)
    SystemCoreClockUpdate                    0x0800020d   Thumb Code    90  system_stm32f0xx.o(.text)
    init_task                                0x080002f5   Thumb Code    24  app.o(.text)
    test_task                                0x0800030d   Thumb Code    12  app.o(.text)
    CfgWFI                                   0x0800031d   Thumb Code   108  key_power_on_task.o(.text)
    Check_USB_pull_or_push                   0x08000389   Thumb Code   284  key_power_on_task.o(.text)
    EXTI4_15_IRQHandler                      0x080004a5   Thumb Code    60  key_power_on_task.o(.text)
    EXTI0_1_IRQHandler                       0x080004e1   Thumb Code    26  key_power_on_task.o(.text)
    init_system_afterWakeUp                  0x080004fb   Thumb Code    26  key_power_on_task.o(.text)
    CfgALLPins4StopMode                      0x08000515   Thumb Code    52  key_power_on_task.o(.text)
    EnterStopMode                            0x08000549   Thumb Code    28  key_power_on_task.o(.text)
    test                                     0x08000565   Thumb Code    20  key_power_on_task.o(.text)
    key_power_on_task                        0x08000579   Thumb Code   138  key_power_on_task.o(.text)
    Delay                                    0x08000611   Thumb Code    10  common.o(.text)
    Delay_us                                 0x0800061b   Thumb Code     8  common.o(.text)
    Delay_ms                                 0x08000623   Thumb Code    10  common.o(.text)
    delay_init                               0x08000631   Thumb Code    36  delay.o(.text)
    delay_us                                 0x08000655   Thumb Code    46  delay.o(.text)
    delay_ms                                 0x08000683   Thumb Code    46  delay.o(.text)
    I2C_uConfiguration                       0x080006c1   Thumb Code    40  i2c.o(.text)
    I2C_SDA_OUT                              0x080006e9   Thumb Code    34  i2c.o(.text)
    I2C_SDA_IN                               0x0800070b   Thumb Code    34  i2c.o(.text)
    I2C_Start                                0x0800072d   Thumb Code    40  i2c.o(.text)
    I2C_Stop                                 0x08000755   Thumb Code    34  i2c.o(.text)
    I2C_SendAck                              0x08000777   Thumb Code    38  i2c.o(.text)
    I2C_SendNak                              0x0800079d   Thumb Code    38  i2c.o(.text)
    I2C_RecAck                               0x080007c3   Thumb Code    68  i2c.o(.text)
    I2C_SendByte                             0x08000807   Thumb Code    66  i2c.o(.text)
    I2C_RecByte                              0x08000849   Thumb Code    60  i2c.o(.text)
    ADS115_enter_power_down_mode             0x08000885   Thumb Code    28  i2c.o(.text)
    Honeywell_ready_for_read                 0x080008a1   Thumb Code    40  i2c.o(.text)
    Init_I2C_MP                              0x080008c9   Thumb Code    56  i2c.o(.text)
    honeywell_readByte                       0x08000901   Thumb Code    84  i2c.o(.text)
    ADS115_readByte                          0x08000955   Thumb Code    86  i2c.o(.text)
    init_tim                                 0x080009b9   Thumb Code    90  hardware.o(.text)
    set_led                                  0x08000a13   Thumb Code    44  hardware.o(.text)
    Init_LED                                 0x08000a3f   Thumb Code    54  hardware.o(.text)
    Init_PWRSAVE                             0x08000a75   Thumb Code    44  hardware.o(.text)
    Init_Valve                               0x08000aa1   Thumb Code    42  hardware.o(.text)
    Init_Switch_Mode                         0x08000acb   Thumb Code    28  hardware.o(.text)
    Init_Bat_Charge_Stby                     0x08000ae7   Thumb Code    30  hardware.o(.text)
    Init_PWR_EN                              0x08000b05   Thumb Code    44  hardware.o(.text)
    Init_PWR_ON_OFF                          0x08000b31   Thumb Code    20  hardware.o(.text)
    Init_SWITCH_ON_OFF                       0x08000b45   Thumb Code    22  hardware.o(.text)
    Calibrate_pressure_sensor                0x08000b5b   Thumb Code    68  hardware.o(.text)
    Init_USB_OE                              0x08000b9f   Thumb Code    22  hardware.o(.text)
    Init_Blue_WIFI_ONOFF                     0x08000bb5   Thumb Code    42  hardware.o(.text)
    Init_Blue_EN                             0x08000bdf   Thumb Code    42  hardware.o(.text)
    Init_USB_ON                              0x08000c09   Thumb Code    44  hardware.o(.text)
    Init_STDBY_IO                            0x08000c35   Thumb Code    28  hardware.o(.text)
    Init_CHARGE_IO                           0x08000c51   Thumb Code    28  hardware.o(.text)
    Init_SENSOR_ONOFF                        0x08000c6d   Thumb Code    40  hardware.o(.text)
    init_hardware                            0x08000c95   Thumb Code    18  hardware.o(.text)
    get_key_status                           0x08000ca7   Thumb Code    14  hardware.o(.text)
    save_one_page_to_flash                   0x08000cb5   Thumb Code     4  hardware.o(.text)
    read_one_page_from_flash                 0x08000cb9   Thumb Code     2  hardware.o(.text)
    save_half_word_to_flash                  0x08000cbb   Thumb Code     4  hardware.o(.text)
    read_half_word_from_flash                0x08000cbf   Thumb Code     2  hardware.o(.text)
    save_half_word_buf_to_eeprom             0x08000cc1   Thumb Code     4  hardware.o(.text)
    read_half_word_buf_from_eeprom           0x08000cc5   Thumb Code     2  hardware.o(.text)
    Key_WakeUp_Init                          0x08000cc7   Thumb Code    30  hardware.o(.text)
    Init_ADC1                                0x08000ce5   Thumb Code   272  hardware.o(.text)
    Motor_PWM_Init                           0x08000f11   Thumb Code    12  motor_pwm.o(.text)
    Motor_PWM_Freq_Dudy_Set                  0x08000f1d   Thumb Code   172  motor_pwm.o(.text)
    os_start                                 0x080010a1   Thumb Code    54  os_core.o(.text)
    os_create_task                           0x080010d7   Thumb Code    26  os_core.o(.text)
    os_resume_task                           0x080010f1   Thumb Code    18  os_core.o(.text)
    os_pend_task                             0x08001103   Thumb Code    18  os_core.o(.text)
    os_delay_ms                              0x08001115   Thumb Code    38  os_core.o(.text)
    os_isr_ticks                             0x0800113b   Thumb Code    10  os_core.o(.text)
    os_init                                  0x08001145   Thumb Code     8  os_core.o(.text)
    Init_sysTick                             0x0800114d   Thumb Code     2  os_core.o(.text)
    Reset_Handler                            0x08001159   Thumb Code     8  startup_stm32f0xx.o(.text)
    ADC1_COMP_IRQHandler                     0x0800116b   Thumb Code     0  startup_stm32f0xx.o(.text)
    CEC_IRQHandler                           0x0800116b   Thumb Code     0  startup_stm32f0xx.o(.text)
    DMA1_Channel1_IRQHandler                 0x0800116b   Thumb Code     0  startup_stm32f0xx.o(.text)
    DMA1_Channel2_3_IRQHandler               0x0800116b   Thumb Code     0  startup_stm32f0xx.o(.text)
    DMA1_Channel4_5_IRQHandler               0x0800116b   Thumb Code     0  startup_stm32f0xx.o(.text)
    EXTI2_3_IRQHandler                       0x0800116b   Thumb Code     0  startup_stm32f0xx.o(.text)
    FLASH_IRQHandler                         0x0800116b   Thumb Code     0  startup_stm32f0xx.o(.text)
    I2C1_IRQHandler                          0x0800116b   Thumb Code     0  startup_stm32f0xx.o(.text)
    I2C2_IRQHandler                          0x0800116b   Thumb Code     0  startup_stm32f0xx.o(.text)
    PVD_IRQHandler                           0x0800116b   Thumb Code     0  startup_stm32f0xx.o(.text)
    RCC_IRQHandler                           0x0800116b   Thumb Code     0  startup_stm32f0xx.o(.text)
    RTC_IRQHandler                           0x0800116b   Thumb Code     0  startup_stm32f0xx.o(.text)
    SPI1_IRQHandler                          0x0800116b   Thumb Code     0  startup_stm32f0xx.o(.text)
    SPI2_IRQHandler                          0x0800116b   Thumb Code     0  startup_stm32f0xx.o(.text)
    TIM14_IRQHandler                         0x0800116b   Thumb Code     0  startup_stm32f0xx.o(.text)
    TIM15_IRQHandler                         0x0800116b   Thumb Code     0  startup_stm32f0xx.o(.text)
    TIM17_IRQHandler                         0x0800116b   Thumb Code     0  startup_stm32f0xx.o(.text)
    TIM1_BRK_UP_TRG_COM_IRQHandler           0x0800116b   Thumb Code     0  startup_stm32f0xx.o(.text)
    TIM1_CC_IRQHandler                       0x0800116b   Thumb Code     0  startup_stm32f0xx.o(.text)
    TIM2_IRQHandler                          0x0800116b   Thumb Code     0  startup_stm32f0xx.o(.text)
    TIM3_IRQHandler                          0x0800116b   Thumb Code     0  startup_stm32f0xx.o(.text)
    TIM6_DAC_IRQHandler                      0x0800116b   Thumb Code     0  startup_stm32f0xx.o(.text)
    TS_IRQHandler                            0x0800116b   Thumb Code     0  startup_stm32f0xx.o(.text)
    USART1_IRQHandler                        0x0800116b   Thumb Code     0  startup_stm32f0xx.o(.text)
    USART2_IRQHandler                        0x0800116b   Thumb Code     0  startup_stm32f0xx.o(.text)
    WWDG_IRQHandler                          0x0800116b   Thumb Code     0  startup_stm32f0xx.o(.text)
    __user_initial_stackheap                 0x0800116d   Thumb Code     0  startup_stm32f0xx.o(.text)
    GPIO_DeInit                              0x08001191   Thumb Code    78  stm32f0xx_gpio.o(.text)
    GPIO_Init                                0x080011df   Thumb Code   112  stm32f0xx_gpio.o(.text)
    GPIO_StructInit                          0x0800124f   Thumb Code    18  stm32f0xx_gpio.o(.text)
    GPIO_PinLockConfig                       0x08001261   Thumb Code    26  stm32f0xx_gpio.o(.text)
    GPIO_ReadInputDataBit                    0x0800127b   Thumb Code    14  stm32f0xx_gpio.o(.text)
    GPIO_ReadInputData                       0x08001289   Thumb Code     4  stm32f0xx_gpio.o(.text)
    GPIO_ReadOutputDataBit                   0x0800128d   Thumb Code    14  stm32f0xx_gpio.o(.text)
    GPIO_ReadOutputData                      0x0800129b   Thumb Code     4  stm32f0xx_gpio.o(.text)
    GPIO_SetBits                             0x0800129f   Thumb Code     4  stm32f0xx_gpio.o(.text)
    GPIO_ResetBits                           0x080012a3   Thumb Code     4  stm32f0xx_gpio.o(.text)
    GPIO_WriteBit                            0x080012a7   Thumb Code    12  stm32f0xx_gpio.o(.text)
    GPIO_Write                               0x080012b3   Thumb Code     4  stm32f0xx_gpio.o(.text)
    GPIO_PinAFConfig                         0x080012b7   Thumb Code    32  stm32f0xx_gpio.o(.text)
    RCC_DeInit                               0x080012ed   Thumb Code    78  stm32f0xx_rcc.o(.text)
    RCC_HSEConfig                            0x0800133b   Thumb Code    10  stm32f0xx_rcc.o(.text)
    RCC_GetFlagStatus                        0x08001345   Thumb Code    48  stm32f0xx_rcc.o(.text)
    RCC_WaitForHSEStartUp                    0x08001375   Thumb Code    44  stm32f0xx_rcc.o(.text)
    RCC_AdjustHSICalibrationValue            0x080013a1   Thumb Code    16  stm32f0xx_rcc.o(.text)
    RCC_HSICmd                               0x080013b1   Thumb Code    22  stm32f0xx_rcc.o(.text)
    RCC_AdjustHSI14CalibrationValue          0x080013c7   Thumb Code    16  stm32f0xx_rcc.o(.text)
    RCC_HSI14Cmd                             0x080013d7   Thumb Code    22  stm32f0xx_rcc.o(.text)
    RCC_HSI14ADCRequestCmd                   0x080013ed   Thumb Code    20  stm32f0xx_rcc.o(.text)
    RCC_LSEConfig                            0x08001401   Thumb Code    26  stm32f0xx_rcc.o(.text)
    RCC_LSEDriveConfig                       0x0800141b   Thumb Code    18  stm32f0xx_rcc.o(.text)
    RCC_LSICmd                               0x0800142d   Thumb Code    22  stm32f0xx_rcc.o(.text)
    RCC_PLLConfig                            0x08001443   Thumb Code    24  stm32f0xx_rcc.o(.text)
    RCC_PLLCmd                               0x0800145b   Thumb Code    22  stm32f0xx_rcc.o(.text)
    RCC_PREDIV1Config                        0x08001471   Thumb Code    14  stm32f0xx_rcc.o(.text)
    RCC_ClockSecuritySystemCmd               0x0800147f   Thumb Code    22  stm32f0xx_rcc.o(.text)
    RCC_MCOConfig                            0x08001495   Thumb Code     6  stm32f0xx_rcc.o(.text)
    RCC_SYSCLKConfig                         0x0800149b   Thumb Code    14  stm32f0xx_rcc.o(.text)
    RCC_GetSYSCLKSource                      0x080014a9   Thumb Code    10  stm32f0xx_rcc.o(.text)
    RCC_HCLKConfig                           0x080014b3   Thumb Code    14  stm32f0xx_rcc.o(.text)
    RCC_PCLKConfig                           0x080014c1   Thumb Code    16  stm32f0xx_rcc.o(.text)
    RCC_ADCCLKConfig                         0x080014d1   Thumb Code    38  stm32f0xx_rcc.o(.text)
    RCC_CECCLKConfig                         0x080014f7   Thumb Code    18  stm32f0xx_rcc.o(.text)
    RCC_I2CCLKConfig                         0x08001509   Thumb Code    18  stm32f0xx_rcc.o(.text)
    RCC_USARTCLKConfig                       0x0800151b   Thumb Code    18  stm32f0xx_rcc.o(.text)
    RCC_GetClocksFreq                        0x0800152d   Thumb Code   208  stm32f0xx_rcc.o(.text)
    RCC_RTCCLKConfig                         0x080015fd   Thumb Code    10  stm32f0xx_rcc.o(.text)
    RCC_RTCCLKCmd                            0x08001607   Thumb Code    20  stm32f0xx_rcc.o(.text)
    RCC_BackupResetCmd                       0x0800161b   Thumb Code    22  stm32f0xx_rcc.o(.text)
    RCC_AHBPeriphClockCmd                    0x08001631   Thumb Code    18  stm32f0xx_rcc.o(.text)
    RCC_APB2PeriphClockCmd                   0x08001643   Thumb Code    18  stm32f0xx_rcc.o(.text)
    RCC_APB1PeriphClockCmd                   0x08001655   Thumb Code    18  stm32f0xx_rcc.o(.text)
    RCC_AHBPeriphResetCmd                    0x08001667   Thumb Code    18  stm32f0xx_rcc.o(.text)
    RCC_APB2PeriphResetCmd                   0x08001679   Thumb Code    18  stm32f0xx_rcc.o(.text)
    RCC_APB1PeriphResetCmd                   0x0800168b   Thumb Code    18  stm32f0xx_rcc.o(.text)
    RCC_ITConfig                             0x0800169d   Thumb Code    18  stm32f0xx_rcc.o(.text)
    RCC_ClearFlag                            0x080016af   Thumb Code    14  stm32f0xx_rcc.o(.text)
    RCC_GetITStatus                          0x080016bd   Thumb Code    48  stm32f0xx_rcc.o(.text)
    RCC_ClearITPendingBit                    0x080016ed   Thumb Code     6  stm32f0xx_rcc.o(.text)
    NVIC_Init                                0x080016f9   Thumb Code    70  stm32f0xx_misc.o(.text)
    NVIC_SystemLPConfig                      0x0800173f   Thumb Code    18  stm32f0xx_misc.o(.text)
    SysTick_CLKSourceConfig                  0x08001751   Thumb Code    20  stm32f0xx_misc.o(.text)
    TIM_DeInit                               0x08001775   Thumb Code   152  stm32f0xx_tim.o(.text)
    TIM_TimeBaseInit                         0x0800180d   Thumb Code    88  stm32f0xx_tim.o(.text)
    TIM_TimeBaseStructInit                   0x08001865   Thumb Code    18  stm32f0xx_tim.o(.text)
    TIM_PrescalerConfig                      0x08001877   Thumb Code     6  stm32f0xx_tim.o(.text)
    TIM_CounterModeConfig                    0x0800187d   Thumb Code    12  stm32f0xx_tim.o(.text)
    TIM_SetCounter                           0x08001889   Thumb Code     4  stm32f0xx_tim.o(.text)
    TIM_SetAutoreload                        0x0800188d   Thumb Code     4  stm32f0xx_tim.o(.text)
    TIM_GetCounter                           0x08001891   Thumb Code     4  stm32f0xx_tim.o(.text)
    TIM_GetPrescaler                         0x08001895   Thumb Code     4  stm32f0xx_tim.o(.text)
    TIM_UpdateDisableConfig                  0x08001899   Thumb Code    18  stm32f0xx_tim.o(.text)
    TIM_UpdateRequestConfig                  0x080018ab   Thumb Code    18  stm32f0xx_tim.o(.text)
    TIM_ARRPreloadConfig                     0x080018bd   Thumb Code    18  stm32f0xx_tim.o(.text)
    TIM_SelectOnePulseMode                   0x080018cf   Thumb Code    16  stm32f0xx_tim.o(.text)
    TIM_SetClockDivision                     0x080018df   Thumb Code    16  stm32f0xx_tim.o(.text)
    TIM_Cmd                                  0x080018ef   Thumb Code    20  stm32f0xx_tim.o(.text)
    TIM_BDTRConfig                           0x08001903   Thumb Code    34  stm32f0xx_tim.o(.text)
    TIM_BDTRStructInit                       0x08001925   Thumb Code    18  stm32f0xx_tim.o(.text)
    TIM_CtrlPWMOutputs                       0x08001937   Thumb Code    24  stm32f0xx_tim.o(.text)
    TIM_OC1Init                              0x0800194f   Thumb Code   104  stm32f0xx_tim.o(.text)
    TIM_OC2Init                              0x080019b7   Thumb Code   110  stm32f0xx_tim.o(.text)
    TIM_OC3Init                              0x08001a25   Thumb Code   110  stm32f0xx_tim.o(.text)
    TIM_OC4Init                              0x08001a93   Thumb Code    78  stm32f0xx_tim.o(.text)
    TIM_OCStructInit                         0x08001ae1   Thumb Code    20  stm32f0xx_tim.o(.text)
    TIM_SelectOCxM                           0x08001af5   Thumb Code    70  stm32f0xx_tim.o(.text)
    TIM_SetCompare1                          0x08001b3b   Thumb Code     4  stm32f0xx_tim.o(.text)
    TIM_SetCompare2                          0x08001b3f   Thumb Code     4  stm32f0xx_tim.o(.text)
    TIM_SetCompare3                          0x08001b43   Thumb Code     4  stm32f0xx_tim.o(.text)
    TIM_SetCompare4                          0x08001b47   Thumb Code     4  stm32f0xx_tim.o(.text)
    TIM_ForcedOC1Config                      0x08001b4b   Thumb Code    86  stm32f0xx_tim.o(.text)
    TIM_ForcedOC2Config                      0x08001ba1   Thumb Code    14  stm32f0xx_tim.o(.text)
    TIM_ForcedOC3Config                      0x08001baf   Thumb Code    12  stm32f0xx_tim.o(.text)
    TIM_ForcedOC4Config                      0x08001bbb   Thumb Code    14  stm32f0xx_tim.o(.text)
    TIM_CCPreloadControl                     0x08001bc9   Thumb Code    20  stm32f0xx_tim.o(.text)
    TIM_OC1PreloadConfig                     0x08001bdd   Thumb Code    12  stm32f0xx_tim.o(.text)
    TIM_OC2PreloadConfig                     0x08001be9   Thumb Code    14  stm32f0xx_tim.o(.text)
    TIM_OC3PreloadConfig                     0x08001bf7   Thumb Code    12  stm32f0xx_tim.o(.text)
    TIM_OC4PreloadConfig                     0x08001c03   Thumb Code    14  stm32f0xx_tim.o(.text)
    TIM_OC1FastConfig                        0x08001c11   Thumb Code    12  stm32f0xx_tim.o(.text)
    TIM_OC2FastConfig                        0x08001c1d   Thumb Code    14  stm32f0xx_tim.o(.text)
    TIM_OC3FastConfig                        0x08001c2b   Thumb Code    12  stm32f0xx_tim.o(.text)
    TIM_OC4FastConfig                        0x08001c37   Thumb Code    14  stm32f0xx_tim.o(.text)
    TIM_ClearOC1Ref                          0x08001c45   Thumb Code    12  stm32f0xx_tim.o(.text)
    TIM_ClearOC2Ref                          0x08001c51   Thumb Code    14  stm32f0xx_tim.o(.text)
    TIM_ClearOC3Ref                          0x08001c5f   Thumb Code    12  stm32f0xx_tim.o(.text)
    TIM_ClearOC4Ref                          0x08001c6b   Thumb Code    14  stm32f0xx_tim.o(.text)
    TIM_OC1PolarityConfig                    0x08001c79   Thumb Code    12  stm32f0xx_tim.o(.text)
    TIM_OC1NPolarityConfig                   0x08001c85   Thumb Code    12  stm32f0xx_tim.o(.text)
    TIM_OC2PolarityConfig                    0x08001c91   Thumb Code    14  stm32f0xx_tim.o(.text)
    TIM_OC2NPolarityConfig                   0x08001c9f   Thumb Code    14  stm32f0xx_tim.o(.text)
    TIM_OC3PolarityConfig                    0x08001cad   Thumb Code    14  stm32f0xx_tim.o(.text)
    TIM_OC3NPolarityConfig                   0x08001cbb   Thumb Code    14  stm32f0xx_tim.o(.text)
    TIM_OC4PolarityConfig                    0x08001cc9   Thumb Code    14  stm32f0xx_tim.o(.text)
    TIM_SelectOCREFClear                     0x08001cd7   Thumb Code    16  stm32f0xx_tim.o(.text)
    TIM_CCxCmd                               0x08001ce7   Thumb Code    22  stm32f0xx_tim.o(.text)
    TIM_CCxNCmd                              0x08001cfd   Thumb Code    22  stm32f0xx_tim.o(.text)
    TIM_SelectCOM                            0x08001d13   Thumb Code    18  stm32f0xx_tim.o(.text)
    TIM_SetIC4Prescaler                      0x08001d25   Thumb Code    18  stm32f0xx_tim.o(.text)
    TIM_SetIC3Prescaler                      0x08001d37   Thumb Code    16  stm32f0xx_tim.o(.text)
    TIM_SetIC2Prescaler                      0x08001d47   Thumb Code    18  stm32f0xx_tim.o(.text)
    TIM_SetIC1Prescaler                      0x08001d83   Thumb Code    16  stm32f0xx_tim.o(.text)
    TIM_ICInit                               0x08001dbb   Thumb Code   162  stm32f0xx_tim.o(.text)
    TIM_ICStructInit                         0x08001e5d   Thumb Code    16  stm32f0xx_tim.o(.text)
    TIM_PWMIConfig                           0x08001e6d   Thumb Code   104  stm32f0xx_tim.o(.text)
    TIM_GetCapture1                          0x08001ed5   Thumb Code     4  stm32f0xx_tim.o(.text)
    TIM_GetCapture2                          0x08001ed9   Thumb Code     4  stm32f0xx_tim.o(.text)
    TIM_GetCapture3                          0x08001edd   Thumb Code     4  stm32f0xx_tim.o(.text)
    TIM_GetCapture4                          0x08001ee1   Thumb Code     4  stm32f0xx_tim.o(.text)
    TIM_ITConfig                             0x08001ee5   Thumb Code    16  stm32f0xx_tim.o(.text)
    TIM_GenerateEvent                        0x08001ef5   Thumb Code     4  stm32f0xx_tim.o(.text)
    TIM_GetFlagStatus                        0x08001ef9   Thumb Code    14  stm32f0xx_tim.o(.text)
    TIM_ClearFlag                            0x08001f07   Thumb Code     6  stm32f0xx_tim.o(.text)
    TIM_GetITStatus                          0x08001f0d   Thumb Code    24  stm32f0xx_tim.o(.text)
    TIM_ClearITPendingBit                    0x08001f25   Thumb Code     6  stm32f0xx_tim.o(.text)
    TIM_DMAConfig                            0x08001f2b   Thumb Code     8  stm32f0xx_tim.o(.text)
    TIM_DMACmd                               0x08001f33   Thumb Code    16  stm32f0xx_tim.o(.text)
    TIM_SelectCCDMA                          0x08001f43   Thumb Code    18  stm32f0xx_tim.o(.text)
    TIM_InternalClockConfig                  0x08001f55   Thumb Code    10  stm32f0xx_tim.o(.text)
    TIM_SelectInputTrigger                   0x08001f5f   Thumb Code    12  stm32f0xx_tim.o(.text)
    TIM_ITRxExternalClockConfig              0x08001f6b   Thumb Code    62  stm32f0xx_tim.o(.text)
    TIM_TIxExternalClockConfig               0x08001fa9   Thumb Code    48  stm32f0xx_tim.o(.text)
    TIM_ETRConfig                            0x08001fd9   Thumb Code    18  stm32f0xx_tim.o(.text)
    TIM_ETRClockMode1Config                  0x08001feb   Thumb Code    28  stm32f0xx_tim.o(.text)
    TIM_ETRClockMode2Config                  0x08002007   Thumb Code    20  stm32f0xx_tim.o(.text)
    TIM_SelectOutputTrigger                  0x0800201b   Thumb Code    16  stm32f0xx_tim.o(.text)
    TIM_SelectSlaveMode                      0x0800202b   Thumb Code    16  stm32f0xx_tim.o(.text)
    TIM_SelectMasterSlaveMode                0x0800203b   Thumb Code    16  stm32f0xx_tim.o(.text)
    TIM_EncoderInterfaceConfig               0x0800204b   Thumb Code    42  stm32f0xx_tim.o(.text)
    TIM_SelectHallSensor                     0x08002075   Thumb Code    18  stm32f0xx_tim.o(.text)
    TIM_RemapConfig                          0x08002087   Thumb Code     6  stm32f0xx_tim.o(.text)
    DMA_DeInit                               0x08002091   Thumb Code   100  stm32f0xx_dma.o(.text)
    DMA_Init                                 0x080020f5   Thumb Code    56  stm32f0xx_dma.o(.text)
    DMA_StructInit                           0x0800212d   Thumb Code    26  stm32f0xx_dma.o(.text)
    DMA_Cmd                                  0x08002147   Thumb Code    20  stm32f0xx_dma.o(.text)
    DMA_SetCurrDataCounter                   0x0800215b   Thumb Code     4  stm32f0xx_dma.o(.text)
    DMA_GetCurrDataCounter                   0x0800215f   Thumb Code     6  stm32f0xx_dma.o(.text)
    DMA_ITConfig                             0x08002165   Thumb Code    16  stm32f0xx_dma.o(.text)
    DMA_GetFlagStatus                        0x08002175   Thumb Code    18  stm32f0xx_dma.o(.text)
    DMA_ClearFlag                            0x08002187   Thumb Code     8  stm32f0xx_dma.o(.text)
    DMA_GetITStatus                          0x0800218f   Thumb Code    18  stm32f0xx_dma.o(.text)
    DMA_ClearITPendingBit                    0x080021a1   Thumb Code     8  stm32f0xx_dma.o(.text)
    PWR_DeInit                               0x080021b5   Thumb Code    22  stm32f0xx_pwr.o(.text)
    PWR_BackupAccessCmd                      0x080021cb   Thumb Code    20  stm32f0xx_pwr.o(.text)
    PWR_PVDLevelConfig                       0x080021df   Thumb Code    14  stm32f0xx_pwr.o(.text)
    PWR_PVDCmd                               0x080021ed   Thumb Code    20  stm32f0xx_pwr.o(.text)
    PWR_WakeUpPinCmd                         0x08002201   Thumb Code    18  stm32f0xx_pwr.o(.text)
    PWR_EnterSleepMode                       0x08002213   Thumb Code    22  stm32f0xx_pwr.o(.text)
    PWR_EnterSTOPMode                        0x08002229   Thumb Code    40  stm32f0xx_pwr.o(.text)
    PWR_EnterSTANDBYMode                     0x08002251   Thumb Code    30  stm32f0xx_pwr.o(.text)
    PWR_GetFlagStatus                        0x0800226f   Thumb Code    16  stm32f0xx_pwr.o(.text)
    PWR_ClearFlag                            0x0800227f   Thumb Code    12  stm32f0xx_pwr.o(.text)
    ADC_DeInit                               0x08002295   Thumb Code    28  stm32f0xx_adc.o(.text)
    ADC_Init                                 0x080022b1   Thumb Code    38  stm32f0xx_adc.o(.text)
    ADC_StructInit                           0x080022d7   Thumb Code    16  stm32f0xx_adc.o(.text)
    ADC_Cmd                                  0x080022e7   Thumb Code    18  stm32f0xx_adc.o(.text)
    ADC_JitterCmd                            0x080022f9   Thumb Code    16  stm32f0xx_adc.o(.text)
    ADC_AutoPowerOffCmd                      0x08002309   Thumb Code    20  stm32f0xx_adc.o(.text)
    ADC_WaitModeCmd                          0x0800231d   Thumb Code    20  stm32f0xx_adc.o(.text)
    ADC_AnalogWatchdogCmd                    0x08002331   Thumb Code    20  stm32f0xx_adc.o(.text)
    ADC_AnalogWatchdogThresholdsConfig       0x08002345   Thumb Code     8  stm32f0xx_adc.o(.text)
    ADC_AnalogWatchdogSingleChannelConfig    0x0800234d   Thumb Code    14  stm32f0xx_adc.o(.text)
    ADC_AnalogWatchdogSingleChannelCmd       0x0800235b   Thumb Code    20  stm32f0xx_adc.o(.text)
    ADC_TempSensorCmd                        0x0800236f   Thumb Code    22  stm32f0xx_adc.o(.text)
    ADC_VrefintCmd                           0x08002385   Thumb Code    22  stm32f0xx_adc.o(.text)
    ADC_VbatCmd                              0x0800239b   Thumb Code    22  stm32f0xx_adc.o(.text)
    ADC_ChannelConfig                        0x080023b1   Thumb Code    10  stm32f0xx_adc.o(.text)
    ADC_ContinuousModeCmd                    0x080023bb   Thumb Code    20  stm32f0xx_adc.o(.text)
    ADC_DiscModeCmd                          0x080023cf   Thumb Code    20  stm32f0xx_adc.o(.text)
    ADC_OverrunModeCmd                       0x080023e3   Thumb Code    20  stm32f0xx_adc.o(.text)
    ADC_GetCalibrationFactor                 0x080023f7   Thumb Code    46  stm32f0xx_adc.o(.text)
    ADC_StopOfConversion                     0x08002425   Thumb Code    10  stm32f0xx_adc.o(.text)
    ADC_StartOfConversion                    0x0800242f   Thumb Code    10  stm32f0xx_adc.o(.text)
    ADC_GetConversionValue                   0x08002439   Thumb Code     6  stm32f0xx_adc.o(.text)
    ADC_DMACmd                               0x0800243f   Thumb Code    20  stm32f0xx_adc.o(.text)
    ADC_DMARequestModeConfig                 0x08002453   Thumb Code    16  stm32f0xx_adc.o(.text)
    ADC_ITConfig                             0x08002463   Thumb Code    16  stm32f0xx_adc.o(.text)
    ADC_GetFlagStatus                        0x08002473   Thumb Code    28  stm32f0xx_adc.o(.text)
    ADC_ClearFlag                            0x0800248f   Thumb Code     4  stm32f0xx_adc.o(.text)
    ADC_GetITStatus                          0x08002493   Thumb Code    22  stm32f0xx_adc.o(.text)
    ADC_ClearITPendingBit                    0x080024a9   Thumb Code     4  stm32f0xx_adc.o(.text)
    EXTI_DeInit                              0x080024b9   Thumb Code    20  stm32f0xx_exti.o(.text)
    EXTI_Init                                0x080024cd   Thumb Code   102  stm32f0xx_exti.o(.text)
    EXTI_StructInit                          0x08002533   Thumb Code    14  stm32f0xx_exti.o(.text)
    EXTI_GenerateSWInterrupt                 0x08002541   Thumb Code    10  stm32f0xx_exti.o(.text)
    EXTI_GetFlagStatus                       0x0800254b   Thumb Code    16  stm32f0xx_exti.o(.text)
    EXTI_ClearFlag                           0x0800255b   Thumb Code     6  stm32f0xx_exti.o(.text)
    EXTI_GetITStatus                         0x08002561   Thumb Code    24  stm32f0xx_exti.o(.text)
    EXTI_ClearITPendingBit                   0x08002579   Thumb Code     6  stm32f0xx_exti.o(.text)
    SYSCFG_DeInit                            0x0800258d   Thumb Code    30  stm32f0xx_syscfg.o(.text)
    SYSCFG_MemoryRemapConfig                 0x080025ab   Thumb Code    14  stm32f0xx_syscfg.o(.text)
    SYSCFG_DMAChannelRemapConfig             0x080025b9   Thumb Code    18  stm32f0xx_syscfg.o(.text)
    SYSCFG_I2CFastModePlusConfig             0x080025cb   Thumb Code    18  stm32f0xx_syscfg.o(.text)
    SYSCFG_EXTILineConfig                    0x080025dd   Thumb Code    34  stm32f0xx_syscfg.o(.text)
    SYSCFG_BreakConfig                       0x080025ff   Thumb Code    10  stm32f0xx_syscfg.o(.text)
    SYSCFG_GetFlagStatus                     0x08002609   Thumb Code    14  stm32f0xx_syscfg.o(.text)
    SYSCFG_ClearFlag                         0x08002617   Thumb Code    10  stm32f0xx_syscfg.o(.text)
    _memset_w                                0x08002625   Thumb Code    26  rt_memclr.o(.text)
    _memset                                  0x0800263f   Thumb Code    30  rt_memclr.o(.text)
    __aeabi_memclr                           0x0800265d   Thumb Code     4  rt_memclr.o(.text)
    __rt_memclr                              0x0800265d   Thumb Code     0  rt_memclr.o(.text)
    __aeabi_memclr4                          0x08002661   Thumb Code     0  rt_memclr.o(.text)
    __aeabi_memclr8                          0x08002661   Thumb Code     0  rt_memclr.o(.text)
    __rt_memclr_w                            0x08002661   Thumb Code     4  rt_memclr.o(.text)
    __aeabi_uidiv                            0x08002665   Thumb Code     0  aeabi_sdiv.o(.text)
    __aeabi_uidivmod                         0x08002665   Thumb Code    20  aeabi_sdiv.o(.text)
    __aeabi_idiv                             0x08002679   Thumb Code     0  aeabi_sdiv.o(.text)
    __aeabi_idivmod                          0x08002679   Thumb Code   326  aeabi_sdiv.o(.text)
    __use_two_region_memory                  0x080027bf   Thumb Code     2  heapauxi.o(.text)
    __rt_heap_escrow$2region                 0x080027c1   Thumb Code     2  heapauxi.o(.text)
    __rt_heap_expand$2region                 0x080027c3   Thumb Code     2  heapauxi.o(.text)
    __user_setup_stackheap                   0x080027c5   Thumb Code    62  sys_stackheap_outer.o(.text)
    exit                                     0x08002803   Thumb Code    16  exit.o(.text)
    __user_libspace                          0x08002815   Thumb Code     8  libspace.o(.text)
    __user_perproc_libspace                  0x08002815   Thumb Code     0  libspace.o(.text)
    __user_perthread_libspace                0x08002815   Thumb Code     0  libspace.o(.text)
    _sys_exit                                0x0800281d   Thumb Code     8  sys_exit.o(.text)
    __I$use$semihosting                      0x08002829   Thumb Code     0  use_no_semi.o(.text)
    __use_no_semihosting_swi                 0x08002829   Thumb Code     2  use_no_semi.o(.text)
    __semihosting_library_function           0x0800282b   Thumb Code     0  indicate_semi.o(.text)
    Region$$Table$$Base                      0x0800282c   Number         0  anon$$obj.o(Region$$Table)
    Region$$Table$$Limit                     0x0800284c   Number         0  anon$$obj.o(Region$$Table)
    SystemCoreClock                          0x20000000   Data           4  system_stm32f0xx.o(.data)
    AHBPrescTable                            0x20000004   Data          16  system_stm32f0xx.o(.data)
    usb_detect_state                         0x20000014   Data           1  key_power_on_task.o(.data)
    mcu_state                                0x20000015   Data           1  key_power_on_task.o(.data)
    b_Is_PCB_PowerOn                         0x20000016   Data           1  key_power_on_task.o(.data)
    key_state                                0x20000017   Data           1  key_power_on_task.o(.data)
    g_uwDelayTime_ms                         0x2000001a   Data           2  common.o(.data)
    RegularConvData_Tab                      0x20000028   Data           4  hardware.o(.data)
    os_ticks                                 0x2000002c   Data           4  os_core.o(.data)
    task_array                               0x20000044   Data         180  os_core.o(.bss)
    __libspace_start                         0x200000f8   Data          96  libspace.o(.bss)
    __temporary_stack_top$libspace           0x20000158   Data           0  libspace.o(.bss)



==============================================================================

Memory Map of the image

  Image Entry point : 0x08001159

  Load Region LR_1 (Base: 0x08000000, Size: 0x00002890, Max: 0xffffffff, ABSOLUTE)

    Execution Region ER_RO (Base: 0x08000000, Size: 0x0000284c, Max: 0xffffffff, ABSOLUTE)

    Base Addr    Size         Type   Attr      Idx    E Section Name        Object

    0x08000000   0x000000c0   Data   RO          635    RESET               startup_stm32f0xx.o
    0x080000c0   0x00000008   Code   RO          850  * !!!main             c_p.l(__main.o)
    0x080000c8   0x0000003c   Code   RO         1019    !!!scatter          c_p.l(__scatter.o)
    0x08000104   0x0000001a   Code   RO         1021    !!handler_copy      c_p.l(__scatter_copy.o)
    0x0800011e   0x00000002   PAD
    0x08000120   0x0000001c   Code   RO         1023    !!handler_zi        c_p.l(__scatter_zi.o)
    0x0800013c   0x00000002   Code   RO          888    .ARM.Collect$$libinit$$00000000  c_p.l(libinit.o)
    0x0800013e   0x00000000   Code   RO          902    .ARM.Collect$$libinit$$00000002  c_p.l(libinit2.o)
    0x0800013e   0x00000000   Code   RO          904    .ARM.Collect$$libinit$$00000004  c_p.l(libinit2.o)
    0x0800013e   0x00000000   Code   RO          907    .ARM.Collect$$libinit$$0000000A  c_p.l(libinit2.o)
    0x0800013e   0x00000000   Code   RO          909    .ARM.Collect$$libinit$$0000000C  c_p.l(libinit2.o)
    0x0800013e   0x00000000   Code   RO          911    .ARM.Collect$$libinit$$0000000E  c_p.l(libinit2.o)
    0x0800013e   0x00000000   Code   RO          914    .ARM.Collect$$libinit$$00000011  c_p.l(libinit2.o)
    0x0800013e   0x00000000   Code   RO          916    .ARM.Collect$$libinit$$00000013  c_p.l(libinit2.o)
    0x0800013e   0x00000000   Code   RO          918    .ARM.Collect$$libinit$$00000015  c_p.l(libinit2.o)
    0x0800013e   0x00000000   Code   RO          920    .ARM.Collect$$libinit$$00000017  c_p.l(libinit2.o)
    0x0800013e   0x00000000   Code   RO          922    .ARM.Collect$$libinit$$00000019  c_p.l(libinit2.o)
    0x0800013e   0x00000000   Code   RO          924    .ARM.Collect$$libinit$$0000001B  c_p.l(libinit2.o)
    0x0800013e   0x00000000   Code   RO          926    .ARM.Collect$$libinit$$0000001D  c_p.l(libinit2.o)
    0x0800013e   0x00000000   Code   RO          928    .ARM.Collect$$libinit$$0000001F  c_p.l(libinit2.o)
    0x0800013e   0x00000000   Code   RO          930    .ARM.Collect$$libinit$$00000021  c_p.l(libinit2.o)
    0x0800013e   0x00000000   Code   RO          932    .ARM.Collect$$libinit$$00000023  c_p.l(libinit2.o)
    0x0800013e   0x00000000   Code   RO          934    .ARM.Collect$$libinit$$00000025  c_p.l(libinit2.o)
    0x0800013e   0x00000000   Code   RO          938    .ARM.Collect$$libinit$$0000002C  c_p.l(libinit2.o)
    0x0800013e   0x00000000   Code   RO          940    .ARM.Collect$$libinit$$0000002E  c_p.l(libinit2.o)
    0x0800013e   0x00000000   Code   RO          942    .ARM.Collect$$libinit$$00000030  c_p.l(libinit2.o)
    0x0800013e   0x00000000   Code   RO          944    .ARM.Collect$$libinit$$00000032  c_p.l(libinit2.o)
    0x0800013e   0x00000002   Code   RO          945    .ARM.Collect$$libinit$$00000033  c_p.l(libinit2.o)
    0x08000140   0x00000002   Code   RO          976    .ARM.Collect$$libshutdown$$00000000  c_p.l(libshutdown.o)
    0x08000142   0x00000000   Code   RO         1002    .ARM.Collect$$libshutdown$$00000002  c_p.l(libshutdown2.o)
    0x08000142   0x00000000   Code   RO         1004    .ARM.Collect$$libshutdown$$00000004  c_p.l(libshutdown2.o)
    0x08000142   0x00000000   Code   RO         1007    .ARM.Collect$$libshutdown$$00000007  c_p.l(libshutdown2.o)
    0x08000142   0x00000000   Code   RO         1010    .ARM.Collect$$libshutdown$$0000000A  c_p.l(libshutdown2.o)
    0x08000142   0x00000000   Code   RO         1012    .ARM.Collect$$libshutdown$$0000000C  c_p.l(libshutdown2.o)
    0x08000142   0x00000000   Code   RO         1015    .ARM.Collect$$libshutdown$$0000000F  c_p.l(libshutdown2.o)
    0x08000142   0x00000002   Code   RO         1016    .ARM.Collect$$libshutdown$$00000010  c_p.l(libshutdown2.o)
    0x08000144   0x00000000   Code   RO          852    .ARM.Collect$$rtentry$$00000000  c_p.l(__rtentry.o)
    0x08000144   0x00000000   Code   RO          858    .ARM.Collect$$rtentry$$00000002  c_p.l(__rtentry2.o)
    0x08000144   0x00000006   Code   RO          870    .ARM.Collect$$rtentry$$00000004  c_p.l(__rtentry4.o)
    0x0800014a   0x00000000   Code   RO          860    .ARM.Collect$$rtentry$$00000009  c_p.l(__rtentry2.o)
    0x0800014a   0x00000004   Code   RO          861    .ARM.Collect$$rtentry$$0000000A  c_p.l(__rtentry2.o)
    0x0800014e   0x00000000   Code   RO          863    .ARM.Collect$$rtentry$$0000000C  c_p.l(__rtentry2.o)
    0x0800014e   0x00000008   Code   RO          864    .ARM.Collect$$rtentry$$0000000D  c_p.l(__rtentry2.o)
    0x08000156   0x00000002   Code   RO          893    .ARM.Collect$$rtexit$$00000000  c_p.l(rtexit.o)
    0x08000158   0x00000000   Code   RO          949    .ARM.Collect$$rtexit$$00000002  c_p.l(rtexit2.o)
    0x08000158   0x00000004   Code   RO          950    .ARM.Collect$$rtexit$$00000003  c_p.l(rtexit2.o)
    0x0800015c   0x00000006   Code   RO          951    .ARM.Collect$$rtexit$$00000004  c_p.l(rtexit2.o)
    0x08000162   0x00000002   PAD
    0x08000164   0x00000028   Code   RO            2    .text               main.o
    0x0800018c   0x0000002c   Code   RO          104    .text               stm32f0xx_it.o
    0x080001b8   0x0000013c   Code   RO          123    .text               system_stm32f0xx.o
    0x080002f4   0x00000028   Code   RO          183    .text               app.o
    0x0800031c   0x000002f4   Code   RO          390    .text               key_power_on_task.o
    0x08000610   0x00000020   Code   RO          459    .text               common.o
    0x08000630   0x00000090   Code   RO          481    .text               delay.o
    0x080006c0   0x000002f8   Code   RO          553    .text               i2c.o
    0x080009b8   0x0000043c   Code   RO          571    .text               hardware.o
    0x08000df4   0x000002ac   Code   RO          596    .text               motor_pwm.o
    0x080010a0   0x000000b8   Code   RO          612    .text               os_core.o
    0x08001158   0x00000038   Code   RO          636  * .text               startup_stm32f0xx.o
    0x08001190   0x0000015c   Code   RO          641    .text               stm32f0xx_gpio.o
    0x080012ec   0x0000040c   Code   RO          657    .text               stm32f0xx_rcc.o
    0x080016f8   0x0000007c   Code   RO          675    .text               stm32f0xx_misc.o
    0x08001774   0x0000091c   Code   RO          707    .text               stm32f0xx_tim.o
    0x08002090   0x00000124   Code   RO          724    .text               stm32f0xx_dma.o
    0x080021b4   0x000000e0   Code   RO          740    .text               stm32f0xx_pwr.o
    0x08002294   0x00000224   Code   RO          773    .text               stm32f0xx_adc.o
    0x080024b8   0x000000d4   Code   RO          789    .text               stm32f0xx_exti.o
    0x0800258c   0x00000098   Code   RO          805    .text               stm32f0xx_syscfg.o
    0x08002624   0x00000040   Code   RO          842    .text               c_p.l(rt_memclr.o)
    0x08002664   0x0000015a   Code   RO          844    .text               c_p.l(aeabi_sdiv.o)
    0x080027be   0x00000006   Code   RO          848    .text               c_p.l(heapauxi.o)
    0x080027c4   0x0000003e   Code   RO          874    .text               c_p.l(sys_stackheap_outer.o)
    0x08002802   0x00000010   Code   RO          877    .text               c_p.l(exit.o)
    0x08002812   0x00000002   PAD
    0x08002814   0x00000008   Code   RO          889    .text               c_p.l(libspace.o)
    0x0800281c   0x0000000c   Code   RO          946    .text               c_p.l(sys_exit.o)
    0x08002828   0x00000002   Code   RO          965    .text               c_p.l(use_no_semi.o)
    0x0800282a   0x00000000   Code   RO          967    .text               c_p.l(indicate_semi.o)
    0x0800282a   0x00000002   PAD
    0x0800282c   0x00000020   Data   RO         1017    Region$$Table       anon$$obj.o


    Execution Region ER_RW (Base: 0x20000000, Size: 0x00000044, Max: 0xffffffff, ABSOLUTE)

    Base Addr    Size         Type   Attr      Idx    E Section Name        Object

    0x20000000   0x00000014   Data   RW          124    .data               system_stm32f0xx.o
    0x20000014   0x00000005   Data   RW          391    .data               key_power_on_task.o
    0x20000019   0x00000001   PAD
    0x2000001a   0x00000002   Data   RW          460    .data               common.o
    0x2000001c   0x00000004   Data   RW          482    .data               delay.o
    0x20000020   0x00000007   Data   RW          554    .data               i2c.o
    0x20000027   0x00000001   PAD
    0x20000028   0x00000004   Data   RW          573    .data               hardware.o
    0x2000002c   0x00000008   Data   RW          614    .data               os_core.o
    0x20000034   0x00000010   Data   RW          658    .data               stm32f0xx_rcc.o


    Execution Region ER_ZI (Base: 0x20000044, Size: 0x00000714, Max: 0xffffffff, ABSOLUTE)

    Base Addr    Size         Type   Attr      Idx    E Section Name        Object

    0x20000044   0x000000b4   Zero   RW          613    .bss                os_core.o
    0x200000f8   0x00000060   Zero   RW          890    .bss                c_p.l(libspace.o)
    0x20000158   0x00000200   Zero   RW          634    HEAP                startup_stm32f0xx.o
    0x20000358   0x00000400   Zero   RW          633    STACK               startup_stm32f0xx.o


==============================================================================

Image component sizes


      Code (inc. data)   RO Data    RW Data    ZI Data      Debug   Object Name

        40          4          0          0          0       1186   app.o
         0          0          0          0          0        680   comm_task.o
        32          4          0          2          0       1433   common.o
       144         16          0          4          0       1019   delay.o
      1084         32          0          4          0       6853   hardware.o
       760         14          0          7          0       3530   i2c.o
         0          0          0          0          0      92060   iwtdg.o
       756         14          0          5          0      10589   key_power_on_task.o
        40          4          0          0          0      48598   main.o
       684         32          0          0          0       2449   motor_pwm.o
       184         10          0          8        180       2513   os_core.o
        56         26        192          0       1536        604   startup_stm32f0xx.o
       548         12          0          0          0       7107   stm32f0xx_adc.o
       292         12          0          0          0       3582   stm32f0xx_dma.o
       212         14          0          0          0       2307   stm32f0xx_exti.o
       348         22          0          0          0       3813   stm32f0xx_gpio.o
        44          4          0          0          0        940   stm32f0xx_it.o
       124         16          0          0          0       1348   stm32f0xx_misc.o
       224         10          0          0          0       2182   stm32f0xx_pwr.o
      1036         38          0         16          0       8718   stm32f0xx_rcc.o
       152          4          0          0          0       2010   stm32f0xx_syscfg.o
      2332        122          0          0          0      22507   stm32f0xx_tim.o
       316         28          0         20          0       1563   system_stm32f0xx.o

    ----------------------------------------------------------------------
      9408        438        224         68       1716     227591   Object Totals
         0          0         32          0          0          0   (incl. Generated)
         0          0          0          2          0          0   (incl. Padding)

    ----------------------------------------------------------------------

      Code (inc. data)   RO Data    RW Data    ZI Data      Debug   Library Member Name

         8          0          0          0          0         68   __main.o
         0          0          0          0          0          0   __rtentry.o
        12          0          0          0          0          0   __rtentry2.o
         6          0          0          0          0          0   __rtentry4.o
        60          8          0          0          0          0   __scatter.o
        26          0          0          0          0          0   __scatter_copy.o
        28          0          0          0          0          0   __scatter_zi.o
       346          0          0          0          0         92   aeabi_sdiv.o
        16          0          0          0          0         68   exit.o
         6          0          0          0          0        136   heapauxi.o
         0          0          0          0          0          0   indicate_semi.o
         2          0          0          0          0          0   libinit.o
         2          0          0          0          0          0   libinit2.o
         2          0          0          0          0          0   libshutdown.o
         2          0          0          0          0          0   libshutdown2.o
         8          4          0          0         96         68   libspace.o
        64          0          0          0          0        108   rt_memclr.o
         2          0          0          0          0          0   rtexit.o
        10          0          0          0          0          0   rtexit2.o
        12          4          0          0          0         60   sys_exit.o
        62          0          0          0          0         80   sys_stackheap_outer.o
         2          0          0          0          0         68   use_no_semi.o

    ----------------------------------------------------------------------
       684         16          0          0         96        748   Library Totals
         8          0          0          0          0          0   (incl. Padding)

    ----------------------------------------------------------------------

      Code (inc. data)   RO Data    RW Data    ZI Data      Debug   Library Name

       676         16          0          0         96        748   c_p.l

    ----------------------------------------------------------------------
       684         16          0          0         96        748   Library Totals

    ----------------------------------------------------------------------

==============================================================================


      Code (inc. data)   RO Data    RW Data    ZI Data      Debug   

     10092        454        224         68       1812     225951   Grand Totals
     10092        454        224         68       1812     225951   ELF Image Totals
     10092        454        224         68          0          0   ROM Totals

==============================================================================

    Total RO  Size (Code + RO Data)                10316 (  10.07kB)
    Total RW  Size (RW Data + ZI Data)              1880 (   1.84kB)
    Total ROM Size (Code + RO Data + RW Data)      10384 (  10.14kB)

==============================================================================

