Component: ARM Compiler 5.06 update 4 (build 422) Tool: armlink [4d35d2]

==============================================================================

Section Cross References

    main.o(.text) refers to delay.o(.text) for delay_init
    main.o(.text) refers to os_core.o(.text) for os_init
    main.o(.text) refers to key_power_on_task.o(.text) for EnterStopMode
    main.o(.text) refers to app.o(.text) for init_task
    stm32f0xx_it.o(.text) refers to stm32f0xx_tim.o(.text) for TIM_GetITStatus
    stm32f0xx_it.o(.text) refers to os_core.o(.text) for os_isr_ticks
    system_stm32f0xx.o(.text) refers to aeabi_sdiv.o(.text) for __aeabi_uidivmod
    system_stm32f0xx.o(.text) refers to stm32f0xx_rcc.o(.text) for RCC_MCOConfig
    system_stm32f0xx.o(.text) refers to system_stm32f0xx.o(.data) for .data
    iwtdg.o(.text) refers to stm32f0xx_iwdg.o(.text) for IWDG_WriteAccessCmd
    app.o(.text) refers to hardware.o(.text) for init_hardware
    app.o(.text) refers to fifo.o(.text) for fifoInit
    app.o(.text) refers to serial_port.o(.text) for UARTInit
    app.o(.text) refers to cmd_receive.o(.text) for Init_Receive
    app.o(.text) refers to os_core.o(.text) for os_create_task
    app.o(.text) refers to hardware.o(.data) for zero_point_of_pressure_sensor
    app.o(.text) refers to comm_task.o(.bss) for send_buf
    app.o(.text) refers to comm_task.o(.bss) for send_fifo
    app.o(.text) refers to comm_task.o(.text) for TaskDataSend
    app.o(.text) refers to key_power_on_task.o(.text) for test
    comm_task.o(.text) refers to cmd_receive.o(.text) for GetBuf2Length
    comm_task.o(.text) refers to rt_memcpy.o(.text) for __aeabi_memcpy
    comm_task.o(.text) refers to protocol_module.o(.text) for protocol_module_process
    comm_task.o(.text) refers to delay.o(.text) for delay_ms
    comm_task.o(.text) refers to rt_memclr.o(.text) for __aeabi_memclr4
    comm_task.o(.text) refers to fifo.o(.text) for fifoReadData
    comm_task.o(.text) refers to serial_port.o(.text) for UartSendNBytes
    comm_task.o(.text) refers to os_core.o(.text) for os_delay_ms
    comm_task.o(.text) refers to comm_task.o(.bss) for .bss
    comm_task.o(.text) refers to comm_task.o(.data) for .data
    key_power_on_task.o(.text) refers to stm32f0xx_rcc.o(.text) for RCC_AHBPeriphClockCmd
    key_power_on_task.o(.text) refers to stm32f0xx_gpio.o(.text) for GPIO_Init
    key_power_on_task.o(.text) refers to stm32f0xx_syscfg.o(.text) for SYSCFG_EXTILineConfig
    key_power_on_task.o(.text) refers to stm32f0xx_exti.o(.text) for EXTI_Init
    key_power_on_task.o(.text) refers to stm32f0xx_misc.o(.text) for NVIC_Init
    key_power_on_task.o(.text) refers to motor_pwm.o(.text) for Motor_PWM_Freq_Dudy_Set
    key_power_on_task.o(.text) refers to hardware.o(.text) for set_led
    key_power_on_task.o(.text) refers to delay.o(.text) for delay_ms
    key_power_on_task.o(.text) refers to os_core.o(.text) for os_init
    key_power_on_task.o(.text) refers to system_stm32f0xx.o(.text) for SystemInit
    key_power_on_task.o(.text) refers to app.o(.text) for init_task
    key_power_on_task.o(.text) refers to stm32f0xx_pwr.o(.text) for PWR_EnterSTOPMode
    key_power_on_task.o(.text) refers to common.o(.text) for Delay_ms
    key_power_on_task.o(.text) refers to i2c.o(.text) for Init_I2C_MP
    key_power_on_task.o(.text) refers to key_power_on_task.o(.data) for .data
    key_power_on_task.o(.text) refers to os_core.o(.data) for os_ticks
    key_power_on_task.o(.text) refers to comm_task.o(.data) for b_bat_detected_ok
    key_power_on_task.o(.text) refers to comm_task.o(.data) for mode
    protocol_module.o(.text) refers to comm_task.o(.text) for CalcCheckSum
    protocol_module.o(.text) refers to fifo.o(.text) for fifoWriteData
    protocol_module.o(.text) refers to rt_memclr.o(.text) for __aeabi_memclr
    protocol_module.o(.text) refers to stm32f0xx_flash.o(.text) for FLASH_Unlock
    protocol_module.o(.text) refers to rt_memcpy.o(.text) for __aeabi_memcpy
    protocol_module.o(.text) refers to aeabi_sdiv.o(.text) for __aeabi_idivmod
    protocol_module.o(.text) refers to comm_task.o(.bss) for send_fifo
    protocol_module.o(.text) refers to comm_task.o(.bss) for parameter_buf
    protocol_module.o(.text) refers to comm_task.o(.data) for check_sum
    protocol_module.o(.text) refers to protocol_module.o(.data) for .data
    protocol_module.o(.text) refers to i2c.o(.text) for ADS115_readByte
    protocol_module.o(.text) refers to protocol_module.o(i.__ARM_common_switch8) for __ARM_common_switch8
    protocol_module.o(.text) refers to hardware.o(.data) for zero_point_of_pressure_sensor
    common.o(.text) refers to delay.o(.text) for delay_us
    common.o(.text) refers to common.o(.data) for .data
    delay.o(.text) refers to stm32f0xx_misc.o(.text) for SysTick_CLKSourceConfig
    delay.o(.text) refers to aeabi_sdiv.o(.text) for __aeabi_uidivmod
    delay.o(.text) refers to system_stm32f0xx.o(.data) for SystemCoreClock
[...]
    ../clib/signal.c                         0x00000000   Number         0  defsig_rtmem_outer.o ABSOLUTE
    ../clib/signal.c                         0x00000000   Number         0  defsig_rtmem_inner.o ABSOLUTE
    ../clib/signal.c                         0x00000000   Number         0  defsig_fpe_inner.o ABSOLUTE
    ../clib/signal.c                         0x00000000   Number         0  defsig_pvfn_inner.o ABSOLUTE
    ../clib/signal.c                         0x00000000   Number         0  defsig_exit.o ABSOLUTE
    ../clib/signal.c                         0x00000000   Number         0  defsig_general.o ABSOLUTE
    ../clib/signal.c                         0x00000000   Number         0  defsig_fpe_formal.o ABSOLUTE
    ../clib/signal.c                         0x00000000   Number         0  defsig_fpe_outer.o ABSOLUTE
    ../clib/signal.c                         0x00000000   Number         0  __raise.o ABSOLUTE
    ../clib/signal.c                         0x00000000   Number         0  defsig_abrt_inner.o ABSOLUTE
    ../clib/signal.s                         0x00000000   Number         0  defsig.o ABSOLUTE
    ../clib/stdlib.c                         0x00000000   Number         0  exit.o ABSOLUTE
    ../fplib/cfplib/fpinit.c                 0x00000000   Number         0  fpinit.o ABSOLUTE
    ..\APP\app.c                             0x00000000   Number         0  app.o ABSOLUTE
    ..\APP\comm_task.c                       0x00000000   Number         0  comm_task.o ABSOLUTE
    ..\APP\common.c                          0x00000000   Number         0  common.o ABSOLUTE
    ..\APP\i2c.c                             0x00000000   Number         0  i2c.o ABSOLUTE
    ..\APP\key_power_on_task.c               0x00000000   Number         0  key_power_on_task.o ABSOLUTE
    ..\CORE\startup_stm32f0xx.s              0x00000000   Number         0  startup_stm32f0xx.o ABSOLUTE
    ..\HARDWARE\Motor_pwm.c                  0x00000000   Number         0  motor_pwm.o ABSOLUTE
    ..\HARDWARE\hardware.c                   0x00000000   Number         0  hardware.o ABSOLUTE
    ..\MODULE\protocol_module.c              0x00000000   Number         0  protocol_module.o ABSOLUTE
    ..\OS\os_core.c                          0x00000000   Number         0  os_core.o ABSOLUTE
    ..\STM32F03x_FWLib\src\stm32f0xx_adc.c   0x00000000   Number         0  stm32f0xx_adc.o ABSOLUTE
    ..\STM32F03x_FWLib\src\stm32f0xx_dma.c   0x00000000   Number         0  stm32f0xx_dma.o ABSOLUTE
    ..\STM32F03x_FWLib\src\stm32f0xx_exti.c  0x00000000   Number         0  stm32f0xx_exti.o ABSOLUTE
    ..\STM32F03x_FWLib\src\stm32f0xx_flash.c 0x00000000   Number         0  stm32f0xx_flash.o ABSOLUTE
    ..\STM32F03x_FWLib\src\stm32f0xx_gpio.c  0x00000000   Number         0  stm32f0xx_gpio.o ABSOLUTE
    ..\STM32F03x_FWLib\src\stm32f0xx_iwdg.c  0x00000000   Number         0  stm32f0xx_iwdg.o ABSOLUTE
    ..\STM32F03x_FWLib\src\stm32f0xx_misc.c  0x00000000   Number         0  stm32f0xx_misc.o ABSOLUTE
    ..\STM32F03x_FWLib\src\stm32f0xx_pwr.c   0x00000000   Number         0  stm32f0xx_pwr.o ABSOLUTE
    ..\STM32F03x_FWLib\src\stm32f0xx_rcc.c   0x00000000   Number         0  stm32f0xx_rcc.o ABSOLUTE
    ..\STM32F03x_FWLib\src\stm32f0xx_syscfg.c 0x00000000   Number         0  stm32f0xx_syscfg.o ABSOLUTE
    ..\STM32F03x_FWLib\src\stm32f0xx_tim.c   0x00000000   Number         0  stm32f0xx_tim.o ABSOLUTE
    ..\STM32F03x_FWLib\src\stm32f0xx_usart.c 0x00000000   Number         0  stm32f0xx_usart.o ABSOLUTE
    ..\SYSTEM\cmd\CMD_Receive.c              0x00000000   Number         0  cmd_receive.o ABSOLUTE
    ..\SYSTEM\delay.c                        0x00000000   Number         0  delay.o ABSOLUTE
    ..\SYSTEM\fifo\fifo.c                    0x00000000   Number         0  fifo.o ABSOLUTE
    ..\SYSTEM\serial_port.c                  0x00000000   Number         0  serial_port.o ABSOLUTE
    ..\\APP\\app.c                           0x00000000   Number         0  app.o ABSOLUTE
    ..\\APP\\comm_task.c                     0x00000000   Number         0  comm_task.o ABSOLUTE
    ..\\APP\\common.c                        0x00000000   Number         0  common.o ABSOLUTE
    ..\\APP\\i2c.c                           0x00000000   Number         0  i2c.o ABSOLUTE
    ..\\APP\\key_power_on_task.c             0x00000000   Number         0  key_power_on_task.o ABSOLUTE
    ..\\HARDWARE\\Motor_pwm.c                0x00000000   Number         0  motor_pwm.o ABSOLUTE
    ..\\HARDWARE\\hardware.c                 0x00000000   Number         0  hardware.o ABSOLUTE
    ..\\MODULE\\protocol_module.c            0x00000000   Number         0  protocol_module.o ABSOLUTE
    ..\\OS\\os_core.c                        0x00000000   Number         0  os_core.o ABSOLUTE
    ..\\STM32F03x_FWLib\\src\\stm32f0xx_adc.c 0x00000000   Number         0  stm32f0xx_adc.o ABSOLUTE
    ..\\STM32F03x_FWLib\\src\\stm32f0xx_dma.c 0x00000000   Number         0  stm32f0xx_dma.o ABSOLUTE
    ..\\STM32F03x_FWLib\\src\\stm32f0xx_exti.c 0x00000000   Number         0  stm32f0xx_exti.o ABSOLUTE
    ..\\STM32F03x_FWLib\\src\\stm32f0xx_flash.c 0x00000000   Number         0  stm32f0xx_flash.o ABSOLUTE
    ..\\STM32F03x_FWLib\\src\\stm32f0xx_gpio.c 0x00000000   Number         0  stm32f0xx_gpio.o ABSOLUTE
    ..\\STM32F03x_FWLib\\src\\stm32f0xx_iwdg.c 0x00000000   Number         0  stm32f0xx_iwdg.o ABSOLUTE
    ..\\STM32F03x_FWLib\\src\\stm32f0xx_misc.c 0x00000000   Number         0  stm32f0xx_misc.o ABSOLUTE
    ..\\STM32F03x_FWLib\\src\\stm32f0xx_pwr.c 0x00000000   Number         0  stm32f0xx_pwr.o ABSOLUTE
    ..\\STM32F03x_FWLib\\src\\stm32f0xx_rcc.c 0x00000000   Number         0  stm32f0xx_rcc.o ABSOLUTE
    ..\\STM32F03x_FWLib\\src\\stm32f0xx_syscfg.c 0x00000000   Number         0  stm32f0xx_syscfg.o ABSOLUTE
    ..\\STM32F03x_FWLib\\src\\stm32f0xx_tim.c 0x00000000   Number         0  stm32f0xx_tim.o ABSOLUTE
    ..\\STM32F03x_FWLib\\src\\stm32f0xx_usart.c 0x00000000   Number         0  stm32f0xx_usart.o ABSOLUTE
    ..\\SYSTEM\\cmd\\CMD_Receive.c           0x00000000   Number         0  cmd_receive.o ABSOLUTE
    ..\\SYSTEM\\delay.c                      0x00000000   Number         0  delay.o ABSOLUTE
    ..\\SYSTEM\\serial_port.c                0x00000000   Number         0  serial_port.o ABSOLUTE
    dc.s                                     0x00000000   Number         0  dc.o ABSOLUTE
    iwtdg.c                                  0x00000000   Number         0  iwtdg.o ABSOLUTE
    iwtdg.c                                  0x00000000   Number         0  iwtdg.o ABSOLUTE
    main.c                                   0x00000000   Number         0  main.o ABSOLUTE
    main.c                                   0x00000000   Number         0  main.o ABSOLUTE
    stm32f0xx_it.c                           0x00000000   Number         0  stm32f0xx_it.o ABSOLUTE
    stm32f0xx_it.c                           0x00000000   Number         0  stm32f0xx_it.o ABSOLUTE
    system_stm32f0xx.c                       0x00000000   Number         0  system_stm32f0xx.o ABSOLUTE
    system_stm32f0xx.c                       0x00000000   Number         0  system_stm32f0xx.o ABSOLUTE
    RESET                                    0x08000000   Section      192  startup_stm32f0xx.o(RESET)
    !!!main                                  0x080000c0   Section        8  __main.o(!!!main)
    !!!scatter                               0x080000c8   Section       60  __scatter.o(!!!scatter)
    !!handler_copy                           0x08000104   Section       26  __scatter_copy.o(!!handler_copy)
    !!handler_zi                             0x08000120   Section       28  __scatter_zi.o(!!handler_zi)
    .ARM.Collect$$libinit$$00000000          0x0800013c   Section        2  libinit.o(.ARM.Collect$$libinit$$00000000)
    .ARM.Collect$$libinit$$00000002          0x0800013e   Section        0  libinit2.o(.ARM.Collect$$libinit$$00000002)
    .ARM.Collect$$libinit$$00000004          0x0800013e   Section        0  libinit2.o(.ARM.Collect$$libinit$$00000004)
    .ARM.Collect$$libinit$$0000000A          0x0800013e   Section        0  libinit2.o(.ARM.Collect$$libinit$$0000000A)
    .ARM.Collect$$libinit$$0000000C          0x0800013e   Section        0  libinit2.o(.ARM.Collect$$libinit$$0000000C)
    .ARM.Collect$$libinit$$0000000E          0x0800013e   Section        0  libinit2.o(.ARM.Collect$$libinit$$0000000E)
    .ARM.Collect$$libinit$$00000011          0x0800013e   Section        0  libinit2.o(.ARM.Collect$$libinit$$00000011)
    .ARM.Collect$$libinit$$00000013          0x0800013e   Section        0  libinit2.o(.ARM.Collect$$libinit$$00000013)
    .ARM.Collect$$libinit$$00000015          0x0800013e   Section        0  libinit2.o(.ARM.Collect$$libinit$$00000015)
    .ARM.Collect$$libinit$$00000017          0x0800013e   Section        0  libinit2.o(.ARM.Collect$$libinit$$00000017)
    .ARM.Collect$$libinit$$00000019          0x0800013e   Section        0  libinit2.o(.ARM.Collect$$libinit$$00000019)
    .ARM.Collect$$libinit$$0000001B          0x0800013e   Section        0  libinit2.o(.ARM.Collect$$libinit$$0000001B)
    .ARM.Collect$$libinit$$0000001D          0x0800013e   Section        0  libinit2.o(.ARM.Collect$$libinit$$0000001D)
    .ARM.Collect$$libinit$$0000001F          0x0800013e   Section        0  libinit2.o(.ARM.Collect$$libinit$$0000001F)
    .ARM.Collect$$libinit$$00000021          0x0800013e   Section        0  libinit2.o(.ARM.Collect$$libinit$$00000021)
    .ARM.Collect$$libinit$$00000023          0x0800013e   Section        0  libinit2.o(.ARM.Collect$$libinit$$00000023)
    .ARM.Collect$$libinit$$00000025          0x0800013e   Section        0  libinit2.o(.ARM.Collect$$libinit$$00000025)
    .ARM.Collect$$libinit$$0000002C          0x0800013e   Section        0  libinit2.o(.ARM.Collect$$libinit$$0000002C)
    .ARM.Collect$$libinit$$0000002E          0x0800013e   Section        0  libinit2.o(.ARM.Collect$$libinit$$0000002E)
    .ARM.Collect$$libinit$$00000030          0x0800013e   Section        0  libinit2.o(.ARM.Collect$$libinit$$00000030)
    .ARM.Collect$$libinit$$00000032          0x0800013e   Section        0  libinit2.o(.ARM.Collect$$libinit$$00000032)
    .ARM.Collect$$libinit$$00000033          0x0800013e   Section        2  libinit2.o(.ARM.Collect$$libinit$$00000033)
    .ARM.Collect$$libshutdown$$00000000      0x08000140   Section        2  libshutdown.o(.ARM.Collect$$libshutdown$$00000000)
    .ARM.Collect$$libshutdown$$00000002      0x08000142   Section        0  libshutdown2.o(.ARM.Collect$$libshutdown$$00000002)
    .ARM.Collect$$libshutdown$$00000004      0x08000142   Section        0  libshutdown2.o(.ARM.Collect$$libshutdown$$00000004)
    .ARM.Collect$$libshutdown$$00000007      0x08000142   Section        0  libshutdown2.o(.ARM.Collect$$libshutdown$$00000007)
    .ARM.Collect$$libshutdown$$0000000A      0x08000142   Section        0  libshutdown2.o(.ARM.Collect$$libshutdown$$0000000A)
    .ARM.Collect$$libshutdown$$0000000C      0x08000142   Section        0  libshutdown2.o(.ARM.Collect$$libshutdown$$0000000C)
    .ARM.Collect$$libshutdown$$0000000F      0x08000142   Section        0  libshutdown2.o(.ARM.Collect$$libshutdown$$0000000F)
    .ARM.Collect$$libshutdown$$00000010      0x08000142   Section        2  libshutdown2.o(.ARM.Collect$$libshutdown$$00000010)
    .ARM.Collect$$rtentry$$00000000          0x08000144   Section        0  __rtentry.o(.ARM.Collect$$rtentry$$00000000)
    .ARM.Collect$$rtentry$$00000002          0x08000144   Section        0  __rtentry2.o(.ARM.Collect$$rtentry$$00000002)
    .ARM.Collect$$rtentry$$00000004          0x08000144   Section        6  __rtentry4.o(.ARM.Collect$$rtentry$$00000004)
    .ARM.Collect$$rtentry$$00000009          0x0800014a   Section        0  __rtentry2.o(.ARM.Collect$$rtentry$$00000009)
    .ARM.Collect$$rtentry$$0000000A          0x0800014a   Section        4  __rtentry2.o(.ARM.Collect$$rtentry$$0000000A)
    .ARM.Collect$$rtentry$$0000000C          0x0800014e   Section        0  __rtentry2.o(.ARM.Collect$$rtentry$$0000000C)
    .ARM.Collect$$rtentry$$0000000D          0x0800014e   Section        8  __rtentry2.o(.ARM.Collect$$rtentry$$0000000D)
    .ARM.Collect$$rtexit$$00000000           0x08000156   Section        2  rtexit.o(.ARM.Collect$$rtexit$$00000000)
    .ARM.Collect$$rtexit$$00000002           0x08000158   Section        0  rtexit2.o(.ARM.Collect$$rtexit$$00000002)
    .ARM.Collect$$rtexit$$00000003           0x08000158   Section        4  rtexit2.o(.ARM.Collect$$rtexit$$00000003)
    .ARM.Collect$$rtexit$$00000004           0x0800015c   Section        6  rtexit2.o(.ARM.Collect$$rtexit$$00000004)
    .emb_text                                0x08000164   Section       56  rt_memcpy.o(.emb_text)
    .text                                    0x0800019c   Section        0  main.o(.text)
    .text                                    0x080001c4   Section        0  stm32f0xx_it.o(.text)
    .text                                    0x080001f0   Section        0  system_stm32f0xx.o(.text)
    SetSysClock                              0x0800029f   Thumb Code   114  system_stm32f0xx.o(.text)
    .text                                    0x0800032c   Section        0  app.o(.text)
    .text                                    0x080003a4   Section        0  comm_task.o(.text)
    ModuleUnPackFrame                        0x080003c7   Thumb Code   192  comm_task.o(.text)
    .text                                    0x080004e0   Section        0  key_power_on_task.o(.text)
    .text                                    0x0800082c   Section        0  protocol_module.o(.text)
    .text                                    0x08000dc4   Section        0  common.o(.text)
    .text                                    0x08000de4   Section        0  delay.o(.text)
    .text                                    0x08000e74   Section        0  fifo.o(.text)
    .text                                    0x08000f1a   Section        0  cmd_receive.o(.text)
    .text                                    0x08000fac   Section        0  serial_port.o(.text)
    .text                                    0x080010cc   Section        0  i2c.o(.text)
    .text                                    0x080013c4   Section        0  hardware.o(.text)
    .text                                    0x08001828   Section        0  motor_pwm.o(.text)
    Motor_PWM_Config                         0x08001829   Thumb Code   284  motor_pwm.o(.text)
    Motor_PWM_GPIO_Config                    0x080019fd   Thumb Code   184  motor_pwm.o(.text)
    .text                                    0x08001ad4   Section        0  os_core.o(.text)
    .text                                    0x08001b8c   Section       56  startup_stm32f0xx.o(.text)
    .text                                    0x08001bc4   Section        0  stm32f0xx_gpio.o(.text)
    .text                                    0x08001d20   Section        0  stm32f0xx_rcc.o(.text)
    .text                                    0x0800212c   Section        0  stm32f0xx_misc.o(.text)
    .text                                    0x080021a8   Section        0  stm32f0xx_usart.o(.text)
    .text                                    0x0800260c   Section        0  stm32f0xx_tim.o(.text)
    TI2_Config                               0x08002bf1   Thumb Code    42  stm32f0xx_tim.o(.text)
    TI1_Config                               0x08002c2b   Thumb Code    40  stm32f0xx_tim.o(.text)
    .text                                    0x08002f28   Section        0  stm32f0xx_dma.o(.text)
    .text                                    0x0800304c   Section        0  stm32f0xx_pwr.o(.text)
    .text                                    0x0800312c   Section        0  stm32f0xx_flash.o(.text)
    .text                                    0x08003578   Section        0  stm32f0xx_adc.o(.text)
    .text                                    0x0800379c   Section        0  stm32f0xx_exti.o(.text)
    .text                                    0x08003870   Section        0  stm32f0xx_syscfg.o(.text)
    .text                                    0x08003908   Section        0  rt_memcpy.o(.text)
    .text                                    0x0800398a   Section        0  rt_memclr.o(.text)
    .text                                    0x080039ca   Section      346  aeabi_sdiv.o(.text)
    .text                                    0x08003b24   Section        0  heapauxi.o(.text)
    .text                                    0x08003b2a   Section       62  sys_stackheap_outer.o(.text)
    .text                                    0x08003b68   Section        0  exit.o(.text)
    .text                                    0x08003b78   Section        8  libspace.o(.text)
    .text                                    0x08003b80   Section        0  sys_exit.o(.text)
    .text                                    0x08003b8c   Section        2  use_no_semi.o(.text)
    .text                                    0x08003b8e   Section        0  indicate_semi.o(.text)
    i.__ARM_common_switch8                   0x08003b8e   Section        0  protocol_module.o(i.__ARM_common_switch8)
    .data                                    0x20000000   Section       20  system_stm32f0xx.o(.data)
    .data                                    0x20000014   Section        1  comm_task.o(.data)
    .data                                    0x20000015   Section        1  comm_task.o(.data)
    .data                                    0x20000016   Section        4  comm_task.o(.data)
    sPacketHeadFlag                          0x20000016   Data           1  comm_task.o(.data)
    sPacketLenFlag                           0x20000017   Data           1  comm_task.o(.data)
    sCurPacketLen                            0x20000018   Data           1  comm_task.o(.data)
    sResetByte                               0x20000019   Data           1  comm_task.o(.data)
    .data                                    0x2000001a   Section        2  comm_task.o(.data)
    .data                                    0x2000001c   Section       12  key_power_on_task.o(.data)
    wakeup_Cnt                               0x20000020   Data           1  key_power_on_task.o(.data)
    data                                     0x20000024   Data           4  key_power_on_task.o(.data)
    .data                                    0x20000028   Section       10  protocol_module.o(.data)
    .data                                    0x20000032   Section        2  common.o(.data)
    .data                                    0x20000034   Section        4  delay.o(.data)
    fac_us                                   0x20000034   Data           1  delay.o(.data)
    fac_ms                                   0x20000036   Data           2  delay.o(.data)
    .data                                    0x20000038   Section        7  i2c.o(.data)
    data11                                   0x20000038   Data           1  i2c.o(.data)
    data_staus                               0x20000039   Data           1  i2c.o(.data)
    data23_16                                0x2000003a   Data           1  i2c.o(.data)
    data15_8                                 0x2000003b   Data           1  i2c.o(.data)
    data7_0                                  0x2000003c   Data           1  i2c.o(.data)
    data1                                    0x2000003d   Data           1  i2c.o(.data)
    data2                                    0x2000003e   Data           1  i2c.o(.data)
    .data                                    0x20000040   Section        4  hardware.o(.data)
    .data                                    0x20000044   Section        2  hardware.o(.data)
    .data                                    0x20000048   Section        8  os_core.o(.data)
    index                                    0x2000004c   Data           4  os_core.o(.data)
    .data                                    0x20000050   Section       16  stm32f0xx_rcc.o(.data)
    APBAHBPrescTable                         0x20000050   Data          16  stm32f0xx_rcc.o(.data)
    .bss                                     0x20000060   Section      872  comm_task.o(.bss)
    .bss                                     0x200003c8   Section      260  comm_task.o(.bss)
    .bss                                     0x200004cc   Section      472  comm_task.o(.bss)
    .bss                                     0x200006a4   Section      180  os_core.o(.bss)
    .bss                                     0x20000758   Section       96  libspace.o(.bss)
    HEAP                                     0x200007b8   Section      512  startup_stm32f0xx.o(HEAP)
    Heap_Mem                                 0x200007b8   Data         512  startup_stm32f0xx.o(HEAP)
    STACK                                    0x200009b8   Section     1024  startup_stm32f0xx.o(STACK)
    Stack_Mem                                0x200009b8   Data        1024  startup_stm32f0xx.o(STACK)
    __initial_sp                             0x20000db8   Data           0  startup_stm32f0xx.o(STACK)

    Global Symbols

    Symbol Name                              Value     Ov Type        Size  Object(Section)

    BuildAttributes$$THM_ISAv3M$S$PE$A:L22$X:L11$S22$IEEE1$IW$USESV6$~STKCKD$USESV7$~SHL$OSPACE$ROPI$EBA8$UX$STANDARDLIB$REQ8$PRES8$EABIv2 0x00000000   Number         0  anon$$obj.o ABSOLUTE
    __ARM_use_no_argv                        0x00000000   Number         0  main.o ABSOLUTE
    __ARM_exceptions_init                     - Undefined Weak Reference
    __alloca_initialize                       - Undefined Weak Reference
    __arm_preinit_                            - Undefined Weak Reference
    __cpp_initialize__aeabi_                  - Undefined Weak Reference
    __cxa_finalize                            - Undefined Weak Reference
    __rt_locale                               - Undefined Weak Reference
    __sigvec_lookup                           - Undefined Weak Reference
    _atexit_init                              - Undefined Weak Reference
    _call_atexit_fns                          - Undefined Weak Reference
    _clock_init                               - Undefined Weak Reference
    _fp_trap_init                             - Undefined Weak Reference
    _fp_trap_shutdown                         - Undefined Weak Reference
    _get_lc_collate                           - Undefined Weak Reference
    _get_lc_ctype                             - Undefined Weak Reference
    _get_lc_monetary                          - Undefined Weak Reference
    _get_lc_numeric                           - Undefined Weak Reference
    _get_lc_time                              - Undefined Weak Reference
    _getenv_init                              - Undefined Weak Reference
    _handle_redirection                       - Undefined Weak Reference
    _init_alloc                               - Undefined Weak Reference
    _init_user_alloc                          - Undefined Weak Reference
    _initio                                   - Undefined Weak Reference
    _rand_init                                - Undefined Weak Reference
    _signal_finish                            - Undefined Weak Reference
    _signal_init                              - Undefined Weak Reference
    _terminate_alloc                          - Undefined Weak Reference
    _terminate_user_alloc                     - Undefined Weak Reference
    _terminateio                              - Undefined Weak Reference
    __Vectors_Size                           0x000000c0   Number         0  startup_stm32f0xx.o ABSOLUTE
    __Vectors                                0x08000000   Data           4  startup_stm32f0xx.o(RESET)
    __Vectors_End                            0x080000c0   Data           0  startup_stm32f0xx.o(RESET)
    __main                                   0x080000c1   Thumb Code     8  __main.o(!!!main)
    __scatterload                            0x080000c9   Thumb Code     0  __scatter.o(!!!scatter)
    __scatterload_rt2                        0x080000c9   Thumb Code    52  __scatter.o(!!!scatter)
    __scatterload_rt2_thumb_only             0x080000c9   Thumb Code     0  __scatter.o(!!!scatter)
    __scatterload_null                       0x080000d9   Thumb Code     0  __scatter.o(!!!scatter)
    __scatterload_copy                       0x08000105   Thumb Code    26  __scatter_copy.o(!!handler_copy)
    __scatterload_zeroinit                   0x08000121   Thumb Code    28  __scatter_zi.o(!!handler_zi)
    __rt_lib_init                            0x0800013d   Thumb Code     0  libinit.o(.ARM.Collect$$libinit$$00000000)
    __rt_lib_init_alloca_1                   0x0800013f   Thumb Code     0  libinit2.o(.ARM.Collect$$libinit$$0000002E)
    __rt_lib_init_argv_1                     0x0800013f   Thumb Code     0  libinit2.o(.ARM.Collect$$libinit$$0000002C)
    __rt_lib_init_atexit_1                   0x0800013f   Thumb Code     0  libinit2.o(.ARM.Collect$$libinit$$0000001B)
    __rt_lib_init_clock_1                    0x0800013f   Thumb Code     0  libinit2.o(.ARM.Collect$$libinit$$00000021)
    __rt_lib_init_cpp_1                      0x0800013f   Thumb Code     0  libinit2.o(.ARM.Collect$$libinit$$00000032)
    __rt_lib_init_exceptions_1               0x0800013f   Thumb Code     0  libinit2.o(.ARM.Collect$$libinit$$00000030)
    __rt_lib_init_fp_1                       0x0800013f   Thumb Code     0  libinit2.o(.ARM.Collect$$libinit$$00000002)
    __rt_lib_init_fp_trap_1                  0x0800013f   Thumb Code     0  libinit2.o(.ARM.Collect$$libinit$$0000001F)
    __rt_lib_init_getenv_1                   0x0800013f   Thumb Code     0  libinit2.o(.ARM.Collect$$libinit$$00000023)
    __rt_lib_init_heap_1                     0x0800013f   Thumb Code     0  libinit2.o(.ARM.Collect$$libinit$$0000000A)
    __rt_lib_init_lc_collate_1               0x0800013f   Thumb Code     0  libinit2.o(.ARM.Collect$$libinit$$00000011)
    __rt_lib_init_lc_ctype_1                 0x0800013f   Thumb Code     0  libinit2.o(.ARM.Collect$$libinit$$00000013)
    __rt_lib_init_lc_monetary_1              0x0800013f   Thumb Code     0  libinit2.o(.ARM.Collect$$libinit$$00000015)
    __rt_lib_init_lc_numeric_1               0x0800013f   Thumb Code     0  libinit2.o(.ARM.Collect$$libinit$$00000017)
    __rt_lib_init_lc_time_1                  0x0800013f   Thumb Code     0  libinit2.o(.ARM.Collect$$libinit$$00000019)
    __rt_lib_init_preinit_1                  0x0800013f   Thumb Code     0  libinit2.o(.ARM.Collect$$libinit$$00000004)
    __rt_lib_init_rand_1                     0x0800013f   Thumb Code     0  libinit2.o(.ARM.Collect$$libinit$$0000000E)
    __rt_lib_init_return                     0x0800013f   Thumb Code     0  libinit2.o(.ARM.Collect$$libinit$$00000033)
    __rt_lib_init_signal_1                   0x0800013f   Thumb Code     0  libinit2.o(.ARM.Collect$$libinit$$0000001D)
    __rt_lib_init_stdio_1                    0x0800013f   Thumb Code     0  libinit2.o(.ARM.Collect$$libinit$$00000025)
    __rt_lib_init_user_alloc_1               0x0800013f   Thumb Code     0  libinit2.o(.ARM.Collect$$libinit$$0000000C)
    __rt_lib_shutdown                        0x08000141   Thumb Code     0  libshutdown.o(.ARM.Collect$$libshutdown$$00000000)
    __rt_lib_shutdown_cpp_1                  0x08000143   Thumb Code     0  libshutdown2.o(.ARM.Collect$$libshutdown$$00000002)
    __rt_lib_shutdown_fp_trap_1              0x08000143   Thumb Code     0  libshutdown2.o(.ARM.Collect$$libshutdown$$00000007)
    __rt_lib_shutdown_heap_1                 0x08000143   Thumb Code     0  libshutdown2.o(.ARM.Collect$$libshutdown$$0000000F)
    __rt_lib_shutdown_return                 0x08000143   Thumb Code     0  libshutdown2.o(.ARM.Collect$$libshutdown$$00000010)
    __rt_lib_shutdown_signal_1               0x08000143   Thumb Code     0  libshutdown2.o(.ARM.Collect$$libshutdown$$0000000A)
    __rt_lib_shutdown_stdio_1                0x08000143   Thumb Code     0  libshutdown2.o(.ARM.Collect$$libshutdown$$00000004)
    __rt_lib_shutdown_user_alloc_1           0x08000143   Thumb Code     0  libshutdown2.o(.ARM.Collect$$libshutdown$$0000000C)
    __rt_entry                               0x08000145   Thumb Code     0  __rtentry.o(.ARM.Collect$$rtentry$$00000000)
    __rt_entry_presh_1                       0x08000145   Thumb Code     0  __rtentry2.o(.ARM.Collect$$rtentry$$00000002)
    __rt_entry_sh                            0x08000145   Thumb Code     0  __rtentry4.o(.ARM.Collect$$rtentry$$00000004)
    __rt_entry_li                            0x0800014b   Thumb Code     0  __rtentry2.o(.ARM.Collect$$rtentry$$0000000A)
    __rt_entry_postsh_1                      0x0800014b   Thumb Code     0  __rtentry2.o(.ARM.Collect$$rtentry$$00000009)
    __rt_entry_main                          0x0800014f   Thumb Code     0  __rtentry2.o(.ARM.Collect$$rtentry$$0000000D)
    __rt_entry_postli_1                      0x0800014f   Thumb Code     0  __rtentry2.o(.ARM.Collect$$rtentry$$0000000C)
    __rt_exit                                0x08000157   Thumb Code     0  rtexit.o(.ARM.Collect$$rtexit$$00000000)
    __rt_exit_ls                             0x08000159   Thumb Code     0  rtexit2.o(.ARM.Collect$$rtexit$$00000003)
    __rt_exit_prels_1                        0x08000159   Thumb Code     0  rtexit2.o(.ARM.Collect$$rtexit$$00000002)
    __rt_exit_exit                           0x0800015d   Thumb Code     0  rtexit2.o(.ARM.Collect$$rtexit$$00000004)
    __aeabi_memcpy4                          0x08000165   Thumb Code    56  rt_memcpy.o(.emb_text)
    __aeabi_memcpy8                          0x08000165   Thumb Code     0  rt_memcpy.o(.emb_text)
    main                                     0x0800019d   Thumb Code    36  main.o(.text)
    NMI_Handler                              0x080001c5   Thumb Code     2  stm32f0xx_it.o(.text)
    HardFault_Handler                        0x080001c7   Thumb Code     2  stm32f0xx_it.o(.text)
    SVC_Handler                              0x080001c9   Thumb Code     2  stm32f0xx_it.o(.text)
    PendSV_Handler                           0x080001cb   Thumb Code     2  stm32f0xx_it.o(.text)
    SysTick_Handler                          0x080001cd   Thumb Code     2  stm32f0xx_it.o(.text)
    TIM16_IRQHandler                         0x080001cf   Thumb Code    30  stm32f0xx_it.o(.text)
    SystemInit                               0x080001f1   Thumb Code    84  system_stm32f0xx.o(.text)
    SystemCoreClockUpdate                    0x08000245   Thumb Code    90  system_stm32f0xx.o(.text)
    init_task                                0x0800032d   Thumb Code    78  app.o(.text)
    test_task                                0x0800037b   Thumb Code    12  app.o(.text)
    CalcCheckSum                             0x080003a5   Thumb Code    34  comm_task.o(.text)
    TaskDataSend                             0x08000487   Thumb Code    50  comm_task.o(.text)
    CMD_ProcessTask                          0x080004b9   Thumb Code    22  comm_task.o(.text)
    CfgWFI                                   0x080004e1   Thumb Code   108  key_power_on_task.o(.text)
    Check_USB_pull_or_push                   0x0800054d   Thumb Code   284  key_power_on_task.o(.text)
    EXTI4_15_IRQHandler                      0x08000669   Thumb Code    60  key_power_on_task.o(.text)
    EXTI0_1_IRQHandler                       0x080006a5   Thumb Code    28  key_power_on_task.o(.text)
    init_system_afterWakeUp                  0x080006c1   Thumb Code    26  key_power_on_task.o(.text)
    CfgALLPins4StopMode                      0x080006db   Thumb Code    14  key_power_on_task.o(.text)
    EnterStopMode                            0x080006e9   Thumb Code    24  key_power_on_task.o(.text)
    test                                     0x08000701   Thumb Code    82  key_power_on_task.o(.text)
    key_power_on_task                        0x08000753   Thumb Code   196  key_power_on_task.o(.text)
    protocol_module_send_train_data_check_sum 0x0800082d   Thumb Code    58  protocol_module.o(.text)
    get_comm_para_to_buf                     0x08000867   Thumb Code    48  protocol_module.o(.text)
    FlashWrite                               0x08000897   Thumb Code    80  protocol_module.o(.text)
    get_parameter_to_buf_by_frameId          0x080008e7   Thumb Code   462  protocol_module.o(.text)
    send_para_rcv_result                     0x08000ab5   Thumb Code    48  protocol_module.o(.text)
    FlashReadWord                            0x08000ae5   Thumb Code     4  protocol_module.o(.text)
    FlashRead                                0x08000ae9   Thumb Code    26  protocol_module.o(.text)
    send_prameter_fram1_to_PC                0x08000b03   Thumb Code   112  protocol_module.o(.text)
    send_prameter_fram2_to_PC                0x08000b73   Thumb Code    74  protocol_module.o(.text)
    send_prameter_fram3_to_PC                0x08000bbd   Thumb Code    74  protocol_module.o(.text)
    FlashReadByte                            0x08000c07   Thumb Code     4  protocol_module.o(.text)
    cal_pressure_rate                        0x08000c0b   Thumb Code    90  protocol_module.o(.text)
    send_cal_reslut_2_PC                     0x08000c65   Thumb Code   136  protocol_module.o(.text)
    calibrate_sensor_by_ID                   0x08000ced   Thumb Code    64  protocol_module.o(.text)
    protocol_module_process                  0x08000d2d   Thumb Code   134  protocol_module.o(.text)
    Delay                                    0x08000dc5   Thumb Code    10  common.o(.text)
    Delay_us                                 0x08000dcf   Thumb Code     8  common.o(.text)
    Delay_ms                                 0x08000dd7   Thumb Code    10  common.o(.text)
    delay_init                               0x08000de5   Thumb Code    36  delay.o(.text)
    delay_us                                 0x08000e09   Thumb Code    46  delay.o(.text)
    delay_ms                                 0x08000e37   Thumb Code    46  delay.o(.text)
    fifoInit                                 0x08000e75   Thumb Code    14  fifo.o(.text)
    fifoReset                                0x08000e83   Thumb Code    10  fifo.o(.text)
    fifoIsFull                               0x08000e8d   Thumb Code    16  fifo.o(.text)
    fifoCnt                                  0x08000e9d   Thumb Code     4  fifo.o(.text)
    fifoWriteData                            0x08000ea1   Thumb Code    64  fifo.o(.text)
    fifoReadData                             0x08000ee1   Thumb Code    58  fifo.o(.text)
    Init_Receive                             0x08000f1b   Thumb Code    14  cmd_receive.o(.text)
    Buf2Write                                0x08000f29   Thumb Code    20  cmd_receive.o(.text)
    Buf2Read                                 0x08000f3d   Thumb Code    20  cmd_receive.o(.text)
    GetBuf2Length                            0x08000f51   Thumb Code    14  cmd_receive.o(.text)
    ReceiveData                              0x08000f5f   Thumb Code    78  cmd_receive.o(.text)
    UARTInit                                 0x08000fad   Thumb Code   242  serial_port.o(.text)
    UartSendNBytes                           0x0800109f   Thumb Code    24  serial_port.o(.text)
    GetUartReceiverResidualCnt               0x080010b7   Thumb Code    12  serial_port.o(.text)
    I2C_uConfiguration                       0x080010cd   Thumb Code    40  i2c.o(.text)
    I2C_SDA_OUT                              0x080010f5   Thumb Code    34  i2c.o(.text)
    I2C_SDA_IN                               0x08001117   Thumb Code    34  i2c.o(.text)
    I2C_Start                                0x08001139   Thumb Code    40  i2c.o(.text)
    I2C_Stop                                 0x08001161   Thumb Code    34  i2c.o(.text)
    I2C_SendAck                              0x08001183   Thumb Code    38  i2c.o(.text)
    I2C_SendNak                              0x080011a9   Thumb Code    38  i2c.o(.text)
    I2C_RecAck                               0x080011cf   Thumb Code    68  i2c.o(.text)
    I2C_SendByte                             0x08001213   Thumb Code    66  i2c.o(.text)
    I2C_RecByte                              0x08001255   Thumb Code    60  i2c.o(.text)
    ADS115_enter_power_down_mode             0x08001291   Thumb Code    28  i2c.o(.text)
    Honeywell_ready_for_read                 0x080012ad   Thumb Code    40  i2c.o(.text)
    Init_I2C_MP                              0x080012d5   Thumb Code    56  i2c.o(.text)
    honeywell_readByte                       0x0800130d   Thumb Code    84  i2c.o(.text)
    ADS115_readByte                          0x08001361   Thumb Code    86  i2c.o(.text)
    init_tim                                 0x080013c5   Thumb Code    90  hardware.o(.text)
    set_led                                  0x0800141f   Thumb Code    44  hardware.o(.text)
    Init_LED                                 0x0800144b   Thumb Code    54  hardware.o(.text)
    Init_PWRSAVE                             0x08001481   Thumb Code    44  hardware.o(.text)
    Init_Valve                               0x080014ad   Thumb Code    42  hardware.o(.text)
    Init_Switch_Mode                         0x080014d7   Thumb Code    28  hardware.o(.text)
    Init_Bat_Charge_Stby                     0x080014f3   Thumb Code    30  hardware.o(.text)
    Init_PWR_EN                              0x08001511   Thumb Code    44  hardware.o(.text)
    Init_PWR_ON_OFF                          0x0800153d   Thumb Code    20  hardware.o(.text)
    Init_SWITCH_ON_OFF                       0x08001551   Thumb Code    22  hardware.o(.text)
    Calibrate_pressure_sensor                0x08001567   Thumb Code    68  hardware.o(.text)
    Init_USB_OE                              0x080015ab   Thumb Code    22  hardware.o(.text)
    Init_Blue_WIFI_ONOFF                     0x080015c1   Thumb Code    42  hardware.o(.text)
    Init_Blue_EN                             0x080015eb   Thumb Code    42  hardware.o(.text)
    Init_USB_ON                              0x08001615   Thumb Code    44  hardware.o(.text)
    Init_STDBY_IO                            0x08001641   Thumb Code    28  hardware.o(.text)
    Init_CHARGE_IO                           0x0800165d   Thumb Code    28  hardware.o(.text)
    Init_SENSOR_ONOFF                        0x08001679   Thumb Code    40  hardware.o(.text)
    init_hardware                            0x080016a1   Thumb Code    54  hardware.o(.text)
    get_key_status                           0x080016d7   Thumb Code    14  hardware.o(.text)
    save_one_page_to_flash                   0x080016e5   Thumb Code     4  hardware.o(.text)
    read_one_page_from_flash                 0x080016e9   Thumb Code     2  hardware.o(.text)
    save_half_word_to_flash                  0x080016eb   Thumb Code     4  hardware.o(.text)
    read_half_word_from_flash                0x080016ef   Thumb Code     2  hardware.o(.text)
    save_half_word_buf_to_eeprom             0x080016f1   Thumb Code     4  hardware.o(.text)
    read_half_word_buf_from_eeprom           0x080016f5   Thumb Code     2  hardware.o(.text)
    Key_WakeUp_Init                          0x080016f7   Thumb Code    30  hardware.o(.text)
    Init_ADC1                                0x08001715   Thumb Code   270  hardware.o(.text)
    Motor_PWM_Init                           0x08001945   Thumb Code    12  motor_pwm.o(.text)
    Motor_PWM_Freq_Dudy_Set                  0x08001951   Thumb Code   172  motor_pwm.o(.text)
    os_start                                 0x08001ad5   Thumb Code    54  os_core.o(.text)
    os_create_task                           0x08001b0b   Thumb Code    26  os_core.o(.text)
    os_resume_task                           0x08001b25   Thumb Code    18  os_core.o(.text)
    os_pend_task                             0x08001b37   Thumb Code    18  os_core.o(.text)
    os_delay_ms                              0x08001b49   Thumb Code    38  os_core.o(.text)
    os_isr_ticks                             0x08001b6f   Thumb Code    10  os_core.o(.text)
    os_init                                  0x08001b79   Thumb Code     8  os_core.o(.text)
    Init_sysTick                             0x08001b81   Thumb Code     2  os_core.o(.text)
    Reset_Handler                            0x08001b8d   Thumb Code     8  startup_stm32f0xx.o(.text)
    ADC1_COMP_IRQHandler                     0x08001b9f   Thumb Code     0  startup_stm32f0xx.o(.text)
    CEC_IRQHandler                           0x08001b9f   Thumb Code     0  startup_stm32f0xx.o(.text)
    DMA1_Channel1_IRQHandler                 0x08001b9f   Thumb Code     0  startup_stm32f0xx.o(.text)
    DMA1_Channel2_3_IRQHandler               0x08001b9f   Thumb Code     0  startup_stm32f0xx.o(.text)
    DMA1_Channel4_5_IRQHandler               0x08001b9f   Thumb Code     0  startup_stm32f0xx.o(.text)
    EXTI2_3_IRQHandler                       0x08001b9f   Thumb Code     0  startup_stm32f0xx.o(.text)
    FLASH_IRQHandler                         0x08001b9f   Thumb Code     0  startup_stm32f0xx.o(.text)
    I2C1_IRQHandler                          0x08001b9f   Thumb Code     0  startup_stm32f0xx.o(.text)
    I2C2_IRQHandler                          0x08001b9f   Thumb Code     0  startup_stm32f0xx.o(.text)
    PVD_IRQHandler                           0x08001b9f   Thumb Code     0  startup_stm32f0xx.o(.text)
    RCC_IRQHandler                           0x08001b9f   Thumb Code     0  startup_stm32f0xx.o(.text)
    RTC_IRQHandler                           0x08001b9f   Thumb Code     0  startup_stm32f0xx.o(.text)
    SPI1_IRQHandler                          0x08001b9f   Thumb Code     0  startup_stm32f0xx.o(.text)
    SPI2_IRQHandler                          0x08001b9f   Thumb Code     0  startup_stm32f0xx.o(.text)
    TIM14_IRQHandler                         0x08001b9f   Thumb Code     0  startup_stm32f0xx.o(.text)
    TIM15_IRQHandler                         0x08001b9f   Thumb Code     0  startup_stm32f0xx.o(.text)
    TIM17_IRQHandler                         0x08001b9f   Thumb Code     0  startup_stm32f0xx.o(.text)
    TIM1_BRK_UP_TRG_COM_IRQHandler           0x08001b9f   Thumb Code     0  startup_stm32f0xx.o(.text)
    TIM1_CC_IRQHandler                       0x08001b9f   Thumb Code     0  startup_stm32f0xx.o(.text)
    TIM2_IRQHandler                          0x08001b9f   Thumb Code     0  startup_stm32f0xx.o(.text)
    TIM3_IRQHandler                          0x08001b9f   Thumb Code     0  startup_stm32f0xx.o(.text)
    TIM6_DAC_IRQHandler                      0x08001b9f   Thumb Code     0  startup_stm32f0xx.o(.text)
    TS_IRQHandler                            0x08001b9f   Thumb Code     0  startup_stm32f0xx.o(.text)
    USART1_IRQHandler                        0x08001b9f   Thumb Code     0  startup_stm32f0xx.o(.text)
    USART2_IRQHandler                        0x08001b9f   Thumb Code     0  startup_stm32f0xx.o(.text)
    WWDG_IRQHandler                          0x08001b9f   Thumb Code     0  startup_stm32f0xx.o(.text)
    __user_initial_stackheap                 0x08001ba1   Thumb Code     0  startup_stm32f0xx.o(.text)
    GPIO_DeInit                              0x08001bc5   Thumb Code    78  stm32f0xx_gpio.o(.text)
    GPIO_Init                                0x08001c13   Thumb Code   112  stm32f0xx_gpio.o(.text)
    GPIO_StructInit                          0x08001c83   Thumb Code    18  stm32f0xx_gpio.o(.text)
    GPIO_PinLockConfig                       0x08001c95   Thumb Code    26  stm32f0xx_gpio.o(.text)
    GPIO_ReadInputDataBit                    0x08001caf   Thumb Code    14  stm32f0xx_gpio.o(.text)
    GPIO_ReadInputData                       0x08001cbd   Thumb Code     4  stm32f0xx_gpio.o(.text)
    GPIO_ReadOutputDataBit                   0x08001cc1   Thumb Code    14  stm32f0xx_gpio.o(.text)
    GPIO_ReadOutputData                      0x08001ccf   Thumb Code     4  stm32f0xx_gpio.o(.text)
    GPIO_SetBits                             0x08001cd3   Thumb Code     4  stm32f0xx_gpio.o(.text)
    GPIO_ResetBits                           0x08001cd7   Thumb Code     4  stm32f0xx_gpio.o(.text)
    GPIO_WriteBit                            0x08001cdb   Thumb Code    12  stm32f0xx_gpio.o(.text)
    GPIO_Write                               0x08001ce7   Thumb Code     4  stm32f0xx_gpio.o(.text)
    GPIO_PinAFConfig                         0x08001ceb   Thumb Code    32  stm32f0xx_gpio.o(.text)
    RCC_DeInit                               0x08001d21   Thumb Code    78  stm32f0xx_rcc.o(.text)
    RCC_HSEConfig                            0x08001d6f   Thumb Code    10  stm32f0xx_rcc.o(.text)
    RCC_GetFlagStatus                        0x08001d79   Thumb Code    48  stm32f0xx_rcc.o(.text)
    RCC_WaitForHSEStartUp                    0x08001da9   Thumb Code    44  stm32f0xx_rcc.o(.text)
    RCC_AdjustHSICalibrationValue            0x08001dd5   Thumb Code    16  stm32f0xx_rcc.o(.text)
    RCC_HSICmd                               0x08001de5   Thumb Code    22  stm32f0xx_rcc.o(.text)
    RCC_AdjustHSI14CalibrationValue          0x08001dfb   Thumb Code    16  stm32f0xx_rcc.o(.text)
    RCC_HSI14Cmd                             0x08001e0b   Thumb Code    22  stm32f0xx_rcc.o(.text)
    RCC_HSI14ADCRequestCmd                   0x08001e21   Thumb Code    20  stm32f0xx_rcc.o(.text)
    RCC_LSEConfig                            0x08001e35   Thumb Code    26  stm32f0xx_rcc.o(.text)
    RCC_LSEDriveConfig                       0x08001e4f   Thumb Code    18  stm32f0xx_rcc.o(.text)
    RCC_LSICmd                               0x08001e61   Thumb Code    22  stm32f0xx_rcc.o(.text)
    RCC_PLLConfig                            0x08001e77   Thumb Code    24  stm32f0xx_rcc.o(.text)
    RCC_PLLCmd                               0x08001e8f   Thumb Code    22  stm32f0xx_rcc.o(.text)
    RCC_PREDIV1Config                        0x08001ea5   Thumb Code    14  stm32f0xx_rcc.o(.text)
    RCC_ClockSecuritySystemCmd               0x08001eb3   Thumb Code    22  stm32f0xx_rcc.o(.text)
    RCC_MCOConfig                            0x08001ec9   Thumb Code     6  stm32f0xx_rcc.o(.text)
    RCC_SYSCLKConfig                         0x08001ecf   Thumb Code    14  stm32f0xx_rcc.o(.text)
    RCC_GetSYSCLKSource                      0x08001edd   Thumb Code    10  stm32f0xx_rcc.o(.text)
    RCC_HCLKConfig                           0x08001ee7   Thumb Code    14  stm32f0xx_rcc.o(.text)
    RCC_PCLKConfig                           0x08001ef5   Thumb Code    16  stm32f0xx_rcc.o(.text)
    RCC_ADCCLKConfig                         0x08001f05   Thumb Code    38  stm32f0xx_rcc.o(.text)
    RCC_CECCLKConfig                         0x08001f2b   Thumb Code    18  stm32f0xx_rcc.o(.text)
    RCC_I2CCLKConfig                         0x08001f3d   Thumb Code    18  stm32f0xx_rcc.o(.text)
    RCC_USARTCLKConfig                       0x08001f4f   Thumb Code    18  stm32f0xx_rcc.o(.text)
    RCC_GetClocksFreq                        0x08001f61   Thumb Code   208  stm32f0xx_rcc.o(.text)
    RCC_RTCCLKConfig                         0x08002031   Thumb Code    10  stm32f0xx_rcc.o(.text)
    RCC_RTCCLKCmd                            0x0800203b   Thumb Code    20  stm32f0xx_rcc.o(.text)
    RCC_BackupResetCmd                       0x0800204f   Thumb Code    22  stm32f0xx_rcc.o(.text)
    RCC_AHBPeriphClockCmd                    0x08002065   Thumb Code    18  stm32f0xx_rcc.o(.text)
    RCC_APB2PeriphClockCmd                   0x08002077   Thumb Code    18  stm32f0xx_rcc.o(.text)
    RCC_APB1PeriphClockCmd                   0x08002089   Thumb Code    18  stm32f0xx_rcc.o(.text)
    RCC_AHBPeriphResetCmd                    0x0800209b   Thumb Code    18  stm32f0xx_rcc.o(.text)
    RCC_APB2PeriphResetCmd                   0x080020ad   Thumb Code    18  stm32f0xx_rcc.o(.text)
    RCC_APB1PeriphResetCmd                   0x080020bf   Thumb Code    18  stm32f0xx_rcc.o(.text)
    RCC_ITConfig                             0x080020d1   Thumb Code    18  stm32f0xx_rcc.o(.text)
    RCC_ClearFlag                            0x080020e3   Thumb Code    14  stm32f0xx_rcc.o(.text)
    RCC_GetITStatus                          0x080020f1   Thumb Code    48  stm32f0xx_rcc.o(.text)
    RCC_ClearITPendingBit                    0x08002121   Thumb Code     6  stm32f0xx_rcc.o(.text)
    NVIC_Init                                0x0800212d   Thumb Code    70  stm32f0xx_misc.o(.text)
    NVIC_SystemLPConfig                      0x08002173   Thumb Code    18  stm32f0xx_misc.o(.text)
    SysTick_CLKSourceConfig                  0x08002185   Thumb Code    20  stm32f0xx_misc.o(.text)
    USART_DeInit                             0x080021a9   Thumb Code    54  stm32f0xx_usart.o(.text)
    USART_Init                               0x080021df   Thumb Code   166  stm32f0xx_usart.o(.text)
    USART_StructInit                         0x08002285   Thumb Code    22  stm32f0xx_usart.o(.text)
    USART_ClockInit                          0x0800229b   Thumb Code    28  stm32f0xx_usart.o(.text)
    USART_ClockStructInit                    0x080022b7   Thumb Code    12  stm32f0xx_usart.o(.text)
    USART_Cmd                                0x080022c3   Thumb Code    20  stm32f0xx_usart.o(.text)
    USART_DirectionModeCmd                   0x080022d7   Thumb Code    16  stm32f0xx_usart.o(.text)
    USART_OverSampling8Cmd                   0x080022e7   Thumb Code    20  stm32f0xx_usart.o(.text)
    USART_OneBitMethodCmd                    0x080022fb   Thumb Code    20  stm32f0xx_usart.o(.text)
    USART_MSBFirstCmd                        0x0800230f   Thumb Code    20  stm32f0xx_usart.o(.text)
    USART_DataInvCmd                         0x08002323   Thumb Code    20  stm32f0xx_usart.o(.text)
    USART_InvPinCmd                          0x08002337   Thumb Code    16  stm32f0xx_usart.o(.text)
    USART_SWAPPinCmd                         0x08002347   Thumb Code    20  stm32f0xx_usart.o(.text)
    USART_ReceiverTimeOutCmd                 0x0800235b   Thumb Code    20  stm32f0xx_usart.o(.text)
    USART_SetReceiverTimeOut                 0x0800236f   Thumb Code    16  stm32f0xx_usart.o(.text)
    USART_SetPrescaler                       0x0800237f   Thumb Code    16  stm32f0xx_usart.o(.text)
    USART_STOPModeCmd                        0x0800238f   Thumb Code    18  stm32f0xx_usart.o(.text)
    USART_StopModeWakeUpSourceConfig         0x080023a1   Thumb Code    18  stm32f0xx_usart.o(.text)
    USART_AutoBaudRateCmd                    0x080023b3   Thumb Code    20  stm32f0xx_usart.o(.text)
    USART_AutoBaudRateConfig                 0x080023c7   Thumb Code    18  stm32f0xx_usart.o(.text)
    USART_AutoBaudRateNewRequest             0x080023d9   Thumb Code    12  stm32f0xx_usart.o(.text)
    USART_SendData                           0x080023e5   Thumb Code     8  stm32f0xx_usart.o(.text)
    USART_ReceiveData                        0x080023ed   Thumb Code     8  stm32f0xx_usart.o(.text)
    USART_SetAddress                         0x080023f5   Thumb Code    18  stm32f0xx_usart.o(.text)
    USART_MuteModeCmd                        0x08002407   Thumb Code    20  stm32f0xx_usart.o(.text)
    USART_MuteModeWakeUpConfig               0x0800241b   Thumb Code    18  stm32f0xx_usart.o(.text)
    USART_AddressDetectionConfig             0x0800242d   Thumb Code    16  stm32f0xx_usart.o(.text)
    USART_LINBreakDetectLengthConfig         0x0800243d   Thumb Code    16  stm32f0xx_usart.o(.text)
    USART_LINCmd                             0x0800244d   Thumb Code    20  stm32f0xx_usart.o(.text)
    USART_HalfDuplexCmd                      0x08002461   Thumb Code    18  stm32f0xx_usart.o(.text)
    USART_SetGuardTime                       0x08002473   Thumb Code    16  stm32f0xx_usart.o(.text)
    USART_SmartCardCmd                       0x08002483   Thumb Code    18  stm32f0xx_usart.o(.text)
    USART_SmartCardNACKCmd                   0x08002495   Thumb Code    18  stm32f0xx_usart.o(.text)
    USART_SetAutoRetryCount                  0x080024a7   Thumb Code    20  stm32f0xx_usart.o(.text)
    USART_SetBlockLength                     0x080024bb   Thumb Code    18  stm32f0xx_usart.o(.text)
    USART_IrDAConfig                         0x080024cd   Thumb Code    16  stm32f0xx_usart.o(.text)
    USART_IrDACmd                            0x080024dd   Thumb Code    18  stm32f0xx_usart.o(.text)
    USART_DECmd                              0x080024ef   Thumb Code    20  stm32f0xx_usart.o(.text)
    USART_DEPolarityConfig                   0x08002503   Thumb Code    18  stm32f0xx_usart.o(.text)
    USART_SetDEAssertionTime                 0x08002515   Thumb Code    20  stm32f0xx_usart.o(.text)
    USART_SetDEDeassertionTime               0x08002529   Thumb Code    20  stm32f0xx_usart.o(.text)
    USART_DMACmd                             0x0800253d   Thumb Code    16  stm32f0xx_usart.o(.text)
    USART_DMAReceptionErrorConfig            0x0800254d   Thumb Code    18  stm32f0xx_usart.o(.text)
    USART_ITConfig                           0x0800255f   Thumb Code    54  stm32f0xx_usart.o(.text)
    USART_RequestCmd                         0x08002595   Thumb Code    16  stm32f0xx_usart.o(.text)
    USART_OverrunDetectionConfig             0x080025a5   Thumb Code    18  stm32f0xx_usart.o(.text)
    USART_GetFlagStatus                      0x080025b7   Thumb Code    14  stm32f0xx_usart.o(.text)
    USART_ClearFlag                          0x080025c5   Thumb Code     4  stm32f0xx_usart.o(.text)
    USART_GetITStatus                        0x080025c9   Thumb Code    56  stm32f0xx_usart.o(.text)
    USART_ClearITPendingBit                  0x08002601   Thumb Code    10  stm32f0xx_usart.o(.text)
    TIM_DeInit                               0x0800260d   Thumb Code   152  stm32f0xx_tim.o(.text)
    TIM_TimeBaseInit                         0x080026a5   Thumb Code    88  stm32f0xx_tim.o(.text)
    TIM_TimeBaseStructInit                   0x080026fd   Thumb Code    18  stm32f0xx_tim.o(.text)
    TIM_PrescalerConfig                      0x0800270f   Thumb Code     6  stm32f0xx_tim.o(.text)
    TIM_CounterModeConfig                    0x08002715   Thumb Code    12  stm32f0xx_tim.o(.text)
    TIM_SetCounter                           0x08002721   Thumb Code     4  stm32f0xx_tim.o(.text)
    TIM_SetAutoreload                        0x08002725   Thumb Code     4  stm32f0xx_tim.o(.text)
    TIM_GetCounter                           0x08002729   Thumb Code     4  stm32f0xx_tim.o(.text)
    TIM_GetPrescaler                         0x0800272d   Thumb Code     4  stm32f0xx_tim.o(.text)
    TIM_UpdateDisableConfig                  0x08002731   Thumb Code    18  stm32f0xx_tim.o(.text)
    TIM_UpdateRequestConfig                  0x08002743   Thumb Code    18  stm32f0xx_tim.o(.text)
    TIM_ARRPreloadConfig                     0x08002755   Thumb Code    18  stm32f0xx_tim.o(.text)
    TIM_SelectOnePulseMode                   0x08002767   Thumb Code    16  stm32f0xx_tim.o(.text)
    TIM_SetClockDivision                     0x08002777   Thumb Code    16  stm32f0xx_tim.o(.text)
    TIM_Cmd                                  0x08002787   Thumb Code    20  stm32f0xx_tim.o(.text)
    TIM_BDTRConfig                           0x0800279b   Thumb Code    34  stm32f0xx_tim.o(.text)
    TIM_BDTRStructInit                       0x080027bd   Thumb Code    18  stm32f0xx_tim.o(.text)
    TIM_CtrlPWMOutputs                       0x080027cf   Thumb Code    24  stm32f0xx_tim.o(.text)
    TIM_OC1Init                              0x080027e7   Thumb Code   104  stm32f0xx_tim.o(.text)
    TIM_OC2Init                              0x0800284f   Thumb Code   110  stm32f0xx_tim.o(.text)
    TIM_OC3Init                              0x080028bd   Thumb Code   110  stm32f0xx_tim.o(.text)
    TIM_OC4Init                              0x0800292b   Thumb Code    78  stm32f0xx_tim.o(.text)
    TIM_OCStructInit                         0x08002979   Thumb Code    20  stm32f0xx_tim.o(.text)
    TIM_SelectOCxM                           0x0800298d   Thumb Code    70  stm32f0xx_tim.o(.text)
    TIM_SetCompare1                          0x080029d3   Thumb Code     4  stm32f0xx_tim.o(.text)
    TIM_SetCompare2                          0x080029d7   Thumb Code     4  stm32f0xx_tim.o(.text)
    TIM_SetCompare3                          0x080029db   Thumb Code     4  stm32f0xx_tim.o(.text)
    TIM_SetCompare4                          0x080029df   Thumb Code     4  stm32f0xx_tim.o(.text)
    TIM_ForcedOC1Config                      0x080029e3   Thumb Code    86  stm32f0xx_tim.o(.text)
    TIM_ForcedOC2Config                      0x08002a39   Thumb Code    14  stm32f0xx_tim.o(.text)
    TIM_ForcedOC3Config                      0x08002a47   Thumb Code    12  stm32f0xx_tim.o(.text)
    TIM_ForcedOC4Config                      0x08002a53   Thumb Code    14  stm32f0xx_tim.o(.text)
    TIM_CCPreloadControl                     0x08002a61   Thumb Code    20  stm32f0xx_tim.o(.text)
    TIM_OC1PreloadConfig                     0x08002a75   Thumb Code    12  stm32f0xx_tim.o(.text)
    TIM_OC2PreloadConfig                     0x08002a81   Thumb Code    14  stm32f0xx_tim.o(.text)
    TIM_OC3PreloadConfig                     0x08002a8f   Thumb Code    12  stm32f0xx_tim.o(.text)
    TIM_OC4PreloadConfig                     0x08002a9b   Thumb Code    14  stm32f0xx_tim.o(.text)
    TIM_OC1FastConfig                        0x08002aa9   Thumb Code    12  stm32f0xx_tim.o(.text)
    TIM_OC2FastConfig                        0x08002ab5   Thumb Code    14  stm32f0xx_tim.o(.text)
    TIM_OC3FastConfig                        0x08002ac3   Thumb Code    12  stm32f0xx_tim.o(.text)
    TIM_OC4FastConfig                        0x08002acf   Thumb Code    14  stm32f0xx_tim.o(.text)
    TIM_ClearOC1Ref                          0x08002add   Thumb Code    12  stm32f0xx_tim.o(.text)
    TIM_ClearOC2Ref                          0x08002ae9   Thumb Code    14  stm32f0xx_tim.o(.text)
    TIM_ClearOC3Ref                          0x08002af7   Thumb Code    12  stm32f0xx_tim.o(.text)
    TIM_ClearOC4Ref                          0x08002b03   Thumb Code    14  stm32f0xx_tim.o(.text)
    TIM_OC1PolarityConfig                    0x08002b11   Thumb Code    12  stm32f0xx_tim.o(.text)
    TIM_OC1NPolarityConfig                   0x08002b1d   Thumb Code    12  stm32f0xx_tim.o(.text)
    TIM_OC2PolarityConfig                    0x08002b29   Thumb Code    14  stm32f0xx_tim.o(.text)
    TIM_OC2NPolarityConfig                   0x08002b37   Thumb Code    14  stm32f0xx_tim.o(.text)
    TIM_OC3PolarityConfig                    0x08002b45   Thumb Code    14  stm32f0xx_tim.o(.text)
    TIM_OC3NPolarityConfig                   0x08002b53   Thumb Code    14  stm32f0xx_tim.o(.text)
    TIM_OC4PolarityConfig                    0x08002b61   Thumb Code    14  stm32f0xx_tim.o(.text)
    TIM_SelectOCREFClear                     0x08002b6f   Thumb Code    16  stm32f0xx_tim.o(.text)
    TIM_CCxCmd                               0x08002b7f   Thumb Code    22  stm32f0xx_tim.o(.text)
    TIM_CCxNCmd                              0x08002b95   Thumb Code    22  stm32f0xx_tim.o(.text)
    TIM_SelectCOM                            0x08002bab   Thumb Code    18  stm32f0xx_tim.o(.text)
    TIM_SetIC4Prescaler                      0x08002bbd   Thumb Code    18  stm32f0xx_tim.o(.text)
    TIM_SetIC3Prescaler                      0x08002bcf   Thumb Code    16  stm32f0xx_tim.o(.text)
    TIM_SetIC2Prescaler                      0x08002bdf   Thumb Code    18  stm32f0xx_tim.o(.text)
    TIM_SetIC1Prescaler                      0x08002c1b   Thumb Code    16  stm32f0xx_tim.o(.text)
    TIM_ICInit                               0x08002c53   Thumb Code   162  stm32f0xx_tim.o(.text)
    TIM_ICStructInit                         0x08002cf5   Thumb Code    16  stm32f0xx_tim.o(.text)
    TIM_PWMIConfig                           0x08002d05   Thumb Code   104  stm32f0xx_tim.o(.text)
    TIM_GetCapture1                          0x08002d6d   Thumb Code     4  stm32f0xx_tim.o(.text)
    TIM_GetCapture2                          0x08002d71   Thumb Code     4  stm32f0xx_tim.o(.text)
    TIM_GetCapture3                          0x08002d75   Thumb Code     4  stm32f0xx_tim.o(.text)
    TIM_GetCapture4                          0x08002d79   Thumb Code     4  stm32f0xx_tim.o(.text)
    TIM_ITConfig                             0x08002d7d   Thumb Code    16  stm32f0xx_tim.o(.text)
    TIM_GenerateEvent                        0x08002d8d   Thumb Code     4  stm32f0xx_tim.o(.text)
    TIM_GetFlagStatus                        0x08002d91   Thumb Code    14  stm32f0xx_tim.o(.text)
    TIM_ClearFlag                            0x08002d9f   Thumb Code     6  stm32f0xx_tim.o(.text)
    TIM_GetITStatus                          0x08002da5   Thumb Code    24  stm32f0xx_tim.o(.text)
    TIM_ClearITPendingBit                    0x08002dbd   Thumb Code     6  stm32f0xx_tim.o(.text)
    TIM_DMAConfig                            0x08002dc3   Thumb Code     8  stm32f0xx_tim.o(.text)
    TIM_DMACmd                               0x08002dcb   Thumb Code    16  stm32f0xx_tim.o(.text)
    TIM_SelectCCDMA                          0x08002ddb   Thumb Code    18  stm32f0xx_tim.o(.text)
    TIM_InternalClockConfig                  0x08002ded   Thumb Code    10  stm32f0xx_tim.o(.text)
    TIM_SelectInputTrigger                   0x08002df7   Thumb Code    12  stm32f0xx_tim.o(.text)
    TIM_ITRxExternalClockConfig              0x08002e03   Thumb Code    62  stm32f0xx_tim.o(.text)
    TIM_TIxExternalClockConfig               0x08002e41   Thumb Code    48  stm32f0xx_tim.o(.text)
    TIM_ETRConfig                            0x08002e71   Thumb Code    18  stm32f0xx_tim.o(.text)
    TIM_ETRClockMode1Config                  0x08002e83   Thumb Code    28  stm32f0xx_tim.o(.text)
    TIM_ETRClockMode2Config                  0x08002e9f   Thumb Code    20  stm32f0xx_tim.o(.text)
    TIM_SelectOutputTrigger                  0x08002eb3   Thumb Code    16  stm32f0xx_tim.o(.text)
    TIM_SelectSlaveMode                      0x08002ec3   Thumb Code    16  stm32f0xx_tim.o(.text)
    TIM_SelectMasterSlaveMode                0x08002ed3   Thumb Code    16  stm32f0xx_tim.o(.text)
    TIM_EncoderInterfaceConfig               0x08002ee3   Thumb Code    42  stm32f0xx_tim.o(.text)
    TIM_SelectHallSensor                     0x08002f0d   Thumb Code    18  stm32f0xx_tim.o(.text)
    TIM_RemapConfig                          0x08002f1f   Thumb Code     6  stm32f0xx_tim.o(.text)
    DMA_DeInit                               0x08002f29   Thumb Code   100  stm32f0xx_dma.o(.text)
    DMA_Init                                 0x08002f8d   Thumb Code    56  stm32f0xx_dma.o(.text)
    DMA_StructInit                           0x08002fc5   Thumb Code    26  stm32f0xx_dma.o(.text)
    DMA_Cmd                                  0x08002fdf   Thumb Code    20  stm32f0xx_dma.o(.text)
    DMA_SetCurrDataCounter                   0x08002ff3   Thumb Code     4  stm32f0xx_dma.o(.text)
    DMA_GetCurrDataCounter                   0x08002ff7   Thumb Code     6  stm32f0xx_dma.o(.text)
    DMA_ITConfig                             0x08002ffd   Thumb Code    16  stm32f0xx_dma.o(.text)
    DMA_GetFlagStatus                        0x0800300d   Thumb Code    18  stm32f0xx_dma.o(.text)
    DMA_ClearFlag                            0x0800301f   Thumb Code     8  stm32f0xx_dma.o(.text)
    DMA_GetITStatus                          0x08003027   Thumb Code    18  stm32f0xx_dma.o(.text)
    DMA_ClearITPendingBit                    0x08003039   Thumb Code     8  stm32f0xx_dma.o(.text)
    PWR_DeInit                               0x0800304d   Thumb Code    22  stm32f0xx_pwr.o(.text)
    PWR_BackupAccessCmd                      0x08003063   Thumb Code    20  stm32f0xx_pwr.o(.text)
    PWR_PVDLevelConfig                       0x08003077   Thumb Code    14  stm32f0xx_pwr.o(.text)
    PWR_PVDCmd                               0x08003085   Thumb Code    20  stm32f0xx_pwr.o(.text)
    PWR_WakeUpPinCmd                         0x08003099   Thumb Code    18  stm32f0xx_pwr.o(.text)
    PWR_EnterSleepMode                       0x080030ab   Thumb Code    22  stm32f0xx_pwr.o(.text)
    PWR_EnterSTOPMode                        0x080030c1   Thumb Code    40  stm32f0xx_pwr.o(.text)
    PWR_EnterSTANDBYMode                     0x080030e9   Thumb Code    30  stm32f0xx_pwr.o(.text)
    PWR_GetFlagStatus                        0x08003107   Thumb Code    16  stm32f0xx_pwr.o(.text)
    PWR_ClearFlag                            0x08003117   Thumb Code    12  stm32f0xx_pwr.o(.text)
    FLASH_SetLatency                         0x0800312d   Thumb Code    14  stm32f0xx_flash.o(.text)
    FLASH_PrefetchBufferCmd                  0x0800313b   Thumb Code    20  stm32f0xx_flash.o(.text)
    FLASH_GetPrefetchBufferStatus            0x0800314f   Thumb Code    14  stm32f0xx_flash.o(.text)
    FLASH_Unlock                             0x0800315d   Thumb Code    18  stm32f0xx_flash.o(.text)
    FLASH_Lock                               0x0800316f   Thumb Code    12  stm32f0xx_flash.o(.text)
    FLASH_GetStatus                          0x0800317b   Thumb Code    34  stm32f0xx_flash.o(.text)
    FLASH_WaitForLastOperation               0x0800319d   Thumb Code    34  stm32f0xx_flash.o(.text)
    FLASH_ErasePage                          0x080031bf   Thumb Code    52  stm32f0xx_flash.o(.text)
    FLASH_EraseAllPages                      0x080031f3   Thumb Code    48  stm32f0xx_flash.o(.text)
    FLASH_ProgramWord                        0x08003223   Thumb Code    70  stm32f0xx_flash.o(.text)
    FLASH_ProgramHalfWord                    0x08003269   Thumb Code    48  stm32f0xx_flash.o(.text)
    FLASH_OB_Unlock                          0x08003299   Thumb Code    18  stm32f0xx_flash.o(.text)
    FLASH_OB_Lock                            0x080032ab   Thumb Code    12  stm32f0xx_flash.o(.text)
    FLASH_OB_Launch                          0x080032b7   Thumb Code    14  stm32f0xx_flash.o(.text)
    FLASH_OB_GetRDP                          0x080032c5   Thumb Code    16  stm32f0xx_flash.o(.text)
    FLASH_OB_Erase                           0x080032d5   Thumb Code   106  stm32f0xx_flash.o(.text)
    FLASH_OB_EnableWRP                       0x0800333f   Thumb Code    80  stm32f0xx_flash.o(.text)
    FLASH_OB_RDPConfig                       0x0800338f   Thumb Code    82  stm32f0xx_flash.o(.text)
    FLASH_OB_UserConfig                      0x080033e1   Thumb Code    64  stm32f0xx_flash.o(.text)
    FLASH_OB_BOOTConfig                      0x08003421   Thumb Code    54  stm32f0xx_flash.o(.text)
    FLASH_OB_VDDAConfig                      0x08003457   Thumb Code    54  stm32f0xx_flash.o(.text)
    FLASH_OB_SRAMParityConfig                0x0800348d   Thumb Code    54  stm32f0xx_flash.o(.text)
    FLASH_OB_WriteUser                       0x080034c3   Thumb Code    54  stm32f0xx_flash.o(.text)
    FLASH_ProgramOptionByteData              0x080034f9   Thumb Code    68  stm32f0xx_flash.o(.text)
    FLASH_OB_GetUser                         0x0800353d   Thumb Code    10  stm32f0xx_flash.o(.text)
    FLASH_OB_GetWRP                          0x08003547   Thumb Code     6  stm32f0xx_flash.o(.text)
    FLASH_ITConfig                           0x0800354d   Thumb Code    18  stm32f0xx_flash.o(.text)
    FLASH_GetFlagStatus                      0x0800355f   Thumb Code    16  stm32f0xx_flash.o(.text)
    FLASH_ClearFlag                          0x0800356f   Thumb Code     6  stm32f0xx_flash.o(.text)
    ADC_DeInit                               0x08003579   Thumb Code    28  stm32f0xx_adc.o(.text)
    ADC_Init                                 0x08003595   Thumb Code    38  stm32f0xx_adc.o(.text)
    ADC_StructInit                           0x080035bb   Thumb Code    16  stm32f0xx_adc.o(.text)
    ADC_Cmd                                  0x080035cb   Thumb Code    18  stm32f0xx_adc.o(.text)
    ADC_JitterCmd                            0x080035dd   Thumb Code    16  stm32f0xx_adc.o(.text)
    ADC_AutoPowerOffCmd                      0x080035ed   Thumb Code    20  stm32f0xx_adc.o(.text)
    ADC_WaitModeCmd                          0x08003601   Thumb Code    20  stm32f0xx_adc.o(.text)
    ADC_AnalogWatchdogCmd                    0x08003615   Thumb Code    20  stm32f0xx_adc.o(.text)
    ADC_AnalogWatchdogThresholdsConfig       0x08003629   Thumb Code     8  stm32f0xx_adc.o(.text)
    ADC_AnalogWatchdogSingleChannelConfig    0x08003631   Thumb Code    14  stm32f0xx_adc.o(.text)
    ADC_AnalogWatchdogSingleChannelCmd       0x0800363f   Thumb Code    20  stm32f0xx_adc.o(.text)
    ADC_TempSensorCmd                        0x08003653   Thumb Code    22  stm32f0xx_adc.o(.text)
    ADC_VrefintCmd                           0x08003669   Thumb Code    22  stm32f0xx_adc.o(.text)
    ADC_VbatCmd                              0x0800367f   Thumb Code    22  stm32f0xx_adc.o(.text)
    ADC_ChannelConfig                        0x08003695   Thumb Code    10  stm32f0xx_adc.o(.text)
    ADC_ContinuousModeCmd                    0x0800369f   Thumb Code    20  stm32f0xx_adc.o(.text)
    ADC_DiscModeCmd                          0x080036b3   Thumb Code    20  stm32f0xx_adc.o(.text)
    ADC_OverrunModeCmd                       0x080036c7   Thumb Code    20  stm32f0xx_adc.o(.text)
    ADC_GetCalibrationFactor                 0x080036db   Thumb Code    46  stm32f0xx_adc.o(.text)
    ADC_StopOfConversion                     0x08003709   Thumb Code    10  stm32f0xx_adc.o(.text)
    ADC_StartOfConversion                    0x08003713   Thumb Code    10  stm32f0xx_adc.o(.text)
    ADC_GetConversionValue                   0x0800371d   Thumb Code     6  stm32f0xx_adc.o(.text)
    ADC_DMACmd                               0x08003723   Thumb Code    20  stm32f0xx_adc.o(.text)
    ADC_DMARequestModeConfig                 0x08003737   Thumb Code    16  stm32f0xx_adc.o(.text)
    ADC_ITConfig                             0x08003747   Thumb Code    16  stm32f0xx_adc.o(.text)
    ADC_GetFlagStatus                        0x08003757   Thumb Code    28  stm32f0xx_adc.o(.text)
    ADC_ClearFlag                            0x08003773   Thumb Code     4  stm32f0xx_adc.o(.text)
    ADC_GetITStatus                          0x08003777   Thumb Code    22  stm32f0xx_adc.o(.text)
    ADC_ClearITPendingBit                    0x0800378d   Thumb Code     4  stm32f0xx_adc.o(.text)
    EXTI_DeInit                              0x0800379d   Thumb Code    20  stm32f0xx_exti.o(.text)
    EXTI_Init                                0x080037b1   Thumb Code   102  stm32f0xx_exti.o(.text)
    EXTI_StructInit                          0x08003817   Thumb Code    14  stm32f0xx_exti.o(.text)
    EXTI_GenerateSWInterrupt                 0x08003825   Thumb Code    10  stm32f0xx_exti.o(.text)
    EXTI_GetFlagStatus                       0x0800382f   Thumb Code    16  stm32f0xx_exti.o(.text)
    EXTI_ClearFlag                           0x0800383f   Thumb Code     6  stm32f0xx_exti.o(.text)
    EXTI_GetITStatus                         0x08003845   Thumb Code    24  stm32f0xx_exti.o(.text)
    EXTI_ClearITPendingBit                   0x0800385d   Thumb Code     6  stm32f0xx_exti.o(.text)
    SYSCFG_DeInit                            0x08003871   Thumb Code    30  stm32f0xx_syscfg.o(.text)
    SYSCFG_MemoryRemapConfig                 0x0800388f   Thumb Code    14  stm32f0xx_syscfg.o(.text)
    SYSCFG_DMAChannelRemapConfig             0x0800389d   Thumb Code    18  stm32f0xx_syscfg.o(.text)
    SYSCFG_I2CFastModePlusConfig             0x080038af   Thumb Code    18  stm32f0xx_syscfg.o(.text)
    SYSCFG_EXTILineConfig                    0x080038c1   Thumb Code    34  stm32f0xx_syscfg.o(.text)
    SYSCFG_BreakConfig                       0x080038e3   Thumb Code    10  stm32f0xx_syscfg.o(.text)
    SYSCFG_GetFlagStatus                     0x080038ed   Thumb Code    14  stm32f0xx_syscfg.o(.text)
    SYSCFG_ClearFlag                         0x080038fb   Thumb Code    10  stm32f0xx_syscfg.o(.text)
    __aeabi_memcpy                           0x08003909   Thumb Code   130  rt_memcpy.o(.text)
    __rt_memcpy                              0x08003909   Thumb Code     0  rt_memcpy.o(.text)
    _memset_w                                0x0800398b   Thumb Code    26  rt_memclr.o(.text)
    _memset                                  0x080039a5   Thumb Code    30  rt_memclr.o(.text)
    __aeabi_memclr                           0x080039c3   Thumb Code     4  rt_memclr.o(.text)
    __rt_memclr                              0x080039c3   Thumb Code     0  rt_memclr.o(.text)
    __aeabi_memclr4                          0x080039c7   Thumb Code     0  rt_memclr.o(.text)
    __aeabi_memclr8                          0x080039c7   Thumb Code     0  rt_memclr.o(.text)
    __rt_memclr_w                            0x080039c7   Thumb Code     4  rt_memclr.o(.text)
    __aeabi_uidiv                            0x080039cb   Thumb Code     0  aeabi_sdiv.o(.text)
    __aeabi_uidivmod                         0x080039cb   Thumb Code    20  aeabi_sdiv.o(.text)
    __aeabi_idiv                             0x080039df   Thumb Code     0  aeabi_sdiv.o(.text)
    __aeabi_idivmod                          0x080039df   Thumb Code   326  aeabi_sdiv.o(.text)
    __use_two_region_memory                  0x08003b25   Thumb Code     2  heapauxi.o(.text)
    __rt_heap_escrow$2region                 0x08003b27   Thumb Code     2  heapauxi.o(.text)
    __rt_heap_expand$2region                 0x08003b29   Thumb Code     2  heapauxi.o(.text)
    __user_setup_stackheap                   0x08003b2b   Thumb Code    62  sys_stackheap_outer.o(.text)
    exit                                     0x08003b69   Thumb Code    16  exit.o(.text)
    __user_libspace                          0x08003b79   Thumb Code     8  libspace.o(.text)
    __user_perproc_libspace                  0x08003b79   Thumb Code     0  libspace.o(.text)
    __user_perthread_libspace                0x08003b79   Thumb Code     0  libspace.o(.text)
    _sys_exit                                0x08003b81   Thumb Code     8  sys_exit.o(.text)
    __I$use$semihosting                      0x08003b8d   Thumb Code     0  use_no_semi.o(.text)
    __use_no_semihosting_swi                 0x08003b8d   Thumb Code     2  use_no_semi.o(.text)
    __ARM_common_switch8                     0x08003b8f   Thumb Code    26  protocol_module.o(i.__ARM_common_switch8)
    __semihosting_library_function           0x08003b8f   Thumb Code     0  indicate_semi.o(.text)
    Region$$Table$$Base                      0x08003ba8   Number         0  anon$$obj.o(Region$$Table)
    Region$$Table$$Limit                     0x08003bc8   Number         0  anon$$obj.o(Region$$Table)
    SystemCoreClock                          0x20000000   Data           4  system_stm32f0xx.o(.data)
    AHBPrescTable                            0x20000004   Data          16  system_stm32f0xx.o(.data)
    b_bat_detected_ok                        0x20000014   Data           1  comm_task.o(.data)
    mode                                     0x20000015   Data           1  comm_task.o(.data)
    check_sum                                0x2000001a   Data           2  comm_task.o(.data)
    usb_detect_state                         0x2000001c   Data           1  key_power_on_task.o(.data)
    mcu_state                                0x2000001d   Data           1  key_power_on_task.o(.data)
    b_Is_PCB_PowerOn                         0x2000001e   Data           1  key_power_on_task.o(.data)
    key_state                                0x2000001f   Data           1  key_power_on_task.o(.data)
    rcvParaSuccess                           0x20000028   Data           1  protocol_module.o(.data)
    arr_mmgH_value                           0x20000029   Data           3  protocol_module.o(.data)
    arr_adc_value                            0x2000002c   Data           6  protocol_module.o(.data)
    g_uwDelayTime_ms                         0x20000032   Data           2  common.o(.data)
    RegularConvData_Tab                      0x20000040   Data           4  hardware.o(.data)
    zero_point_of_pressure_sensor            0x20000044   Data           2  hardware.o(.data)
    os_ticks                                 0x20000048   Data           4  os_core.o(.data)
    sDataBuff                                0x20000060   Data         350  comm_task.o(.bss)
    sBackBuff                                0x200001be   Data         350  comm_task.o(.bss)
    g_CmdReceive                             0x2000031c   Data         160  comm_task.o(.bss)
    send_fifo                                0x200003bc   Data          12  comm_task.o(.bss)
    send_buf                                 0x200003c8   Data         260  comm_task.o(.bss)
    parameter_buf                            0x200004cc   Data         472  comm_task.o(.bss)
    task_array                               0x200006a4   Data         180  os_core.o(.bss)
    __libspace_start                         0x20000758   Data          96  libspace.o(.bss)
    __temporary_stack_top$libspace           0x200007b8   Data           0  libspace.o(.bss)



==============================================================================

Memory Map of the image

  Image Entry point : 0x08001b8d

  Load Region LR_1 (Base: 0x08000000, Size: 0x00003c28, Max: 0xffffffff, ABSOLUTE)

    Execution Region ER_RO (Base: 0x08000000, Size: 0x00003bc8, Max: 0xffffffff, ABSOLUTE)

    Base Addr    Size         Type   Attr      Idx    E Section Name        Object

    0x08000000   0x000000c0   Data   RO          635    RESET               startup_stm32f0xx.o
    0x080000c0   0x00000008   Code   RO          850  * !!!main             c_p.l(__main.o)
    0x080000c8   0x0000003c   Code   RO         1019    !!!scatter          c_p.l(__scatter.o)
    0x08000104   0x0000001a   Code   RO         1021    !!handler_copy      c_p.l(__scatter_copy.o)
    0x0800011e   0x00000002   PAD
    0x08000120   0x0000001c   Code   RO         1023    !!handler_zi        c_p.l(__scatter_zi.o)
    0x0800013c   0x00000002   Code   RO          888    .ARM.Collect$$libinit$$00000000  c_p.l(libinit.o)
    0x0800013e   0x00000000   Code   RO          902    .ARM.Collect$$libinit$$00000002  c_p.l(libinit2.o)
    0x0800013e   0x00000000   Code   RO          904    .ARM.Collect$$libinit$$00000004  c_p.l(libinit2.o)
    0x0800013e   0x00000000   Code   RO          907    .ARM.Collect$$libinit$$0000000A  c_p.l(libinit2.o)
    0x0800013e   0x00000000   Code   RO          909    .ARM.Collect$$libinit$$0000000C  c_p.l(libinit2.o)
    0x0800013e   0x00000000   Code   RO          911    .ARM.Collect$$libinit$$0000000E  c_p.l(libinit2.o)
    0x0800013e   0x00000000   Code   RO          914    .ARM.Collect$$libinit$$00000011  c_p.l(libinit2.o)
    0x0800013e   0x00000000   Code   RO          916    .ARM.Collect$$libinit$$00000013  c_p.l(libinit2.o)
    0x0800013e   0x00000000   Code   RO          918    .ARM.Collect$$libinit$$00000015  c_p.l(libinit2.o)
    0x0800013e   0x00000000   Code   RO          920    .ARM.Collect$$libinit$$00000017  c_p.l(libinit2.o)
    0x0800013e   0x00000000   Code   RO          922    .ARM.Collect$$libinit$$00000019  c_p.l(libinit2.o)
    0x0800013e   0x00000000   Code   RO          924    .ARM.Collect$$libinit$$0000001B  c_p.l(libinit2.o)
    0x0800013e   0x00000000   Code   RO          926    .ARM.Collect$$libinit$$0000001D  c_p.l(libinit2.o)
    0x0800013e   0x00000000   Code   RO          928    .ARM.Collect$$libinit$$0000001F  c_p.l(libinit2.o)
    0x0800013e   0x00000000   Code   RO          930    .ARM.Collect$$libinit$$00000021  c_p.l(libinit2.o)
    0x0800013e   0x00000000   Code   RO          932    .ARM.Collect$$libinit$$00000023  c_p.l(libinit2.o)
    0x0800013e   0x00000000   Code   RO          934    .ARM.Collect$$libinit$$00000025  c_p.l(libinit2.o)
    0x0800013e   0x00000000   Code   RO          938    .ARM.Collect$$libinit$$0000002C  c_p.l(libinit2.o)
    0x0800013e   0x00000000   Code   RO          940    .ARM.Collect$$libinit$$0000002E  c_p.l(libinit2.o)
    0x0800013e   0x00000000   Code   RO          942    .ARM.Collect$$libinit$$00000030  c_p.l(libinit2.o)
    0x0800013e   0x00000000   Code   RO          944    .ARM.Collect$$libinit$$00000032  c_p.l(libinit2.o)
    0x0800013e   0x00000002   Code   RO          945    .ARM.Collect$$libinit$$00000033  c_p.l(libinit2.o)
    0x08000140   0x00000002   Code   RO          976    .ARM.Collect$$libshutdown$$00000000  c_p.l(libshutdown.o)
    0x08000142   0x00000000   Code   RO         1002    .ARM.Collect$$libshutdown$$00000002  c_p.l(libshutdown2.o)
    0x08000142   0x00000000   Code   RO         1004    .ARM.Collect$$libshutdown$$00000004  c_p.l(libshutdown2.o)
    0x08000142   0x00000000   Code   RO         1007    .ARM.Collect$$libshutdown$$00000007  c_p.l(libshutdown2.o)
    0x08000142   0x00000000   Code   RO         1010    .ARM.Collect$$libshutdown$$0000000A  c_p.l(libshutdown2.o)
    0x08000142   0x00000000   Code   RO         1012    .ARM.Collect$$libshutdown$$0000000C  c_p.l(libshutdown2.o)
    0x08000142   0x00000000   Code   RO         1015    .ARM.Collect$$libshutdown$$0000000F  c_p.l(libshutdown2.o)
    0x08000142   0x00000002   Code   RO         1016    .ARM.Collect$$libshutdown$$00000010  c_p.l(libshutdown2.o)
    0x08000144   0x00000000   Code   RO          852    .ARM.Collect$$rtentry$$00000000  c_p.l(__rtentry.o)
    0x08000144   0x00000000   Code   RO          858    .ARM.Collect$$rtentry$$00000002  c_p.l(__rtentry2.o)
    0x08000144   0x00000006   Code   RO          870    .ARM.Collect$$rtentry$$00000004  c_p.l(__rtentry4.o)
    0x0800014a   0x00000000   Code   RO          860    .ARM.Collect$$rtentry$$00000009  c_p.l(__rtentry2.o)
    0x0800014a   0x00000004   Code   RO          861    .ARM.Collect$$rtentry$$0000000A  c_p.l(__rtentry2.o)
    0x0800014e   0x00000000   Code   RO          863    .ARM.Collect$$rtentry$$0000000C  c_p.l(__rtentry2.o)
    0x0800014e   0x00000008   Code   RO          864    .ARM.Collect$$rtentry$$0000000D  c_p.l(__rtentry2.o)
    0x08000156   0x00000002   Code   RO          893    .ARM.Collect$$rtexit$$00000000  c_p.l(rtexit.o)
    0x08000158   0x00000000   Code   RO          949    .ARM.Collect$$rtexit$$00000002  c_p.l(rtexit2.o)
    0x08000158   0x00000004   Code   RO          950    .ARM.Collect$$rtexit$$00000003  c_p.l(rtexit2.o)
    0x0800015c   0x00000006   Code   RO          951    .ARM.Collect$$rtexit$$00000004  c_p.l(rtexit2.o)
    0x08000162   0x00000002   PAD
    0x08000164   0x00000038   Code   RO          838    .emb_text           c_p.l(rt_memcpy.o)
    0x0800019c   0x00000028   Code   RO            2    .text               main.o
    0x080001c4   0x0000002c   Code   RO          104    .text               stm32f0xx_it.o
    0x080001f0   0x0000013c   Code   RO          123    .text               system_stm32f0xx.o
    0x0800032c   0x00000078   Code   RO          183    .text               app.o
    0x080003a4   0x0000013c   Code   RO          221    .text               comm_task.o
    0x080004e0   0x0000034c   Code   RO          390    .text               key_power_on_task.o
    0x0800082c   0x00000598   Code   RO          425    .text               protocol_module.o
    0x08000dc4   0x00000020   Code   RO          459    .text               common.o
    0x08000de4   0x00000090   Code   RO          481    .text               delay.o
    0x08000e74   0x000000a6   Code   RO          498    .text               fifo.o
    0x08000f1a   0x00000092   Code   RO          514    .text               cmd_receive.o
    0x08000fac   0x00000120   Code   RO          537    .text               serial_port.o
    0x080010cc   0x000002f8   Code   RO          553    .text               i2c.o
    0x080013c4   0x00000464   Code   RO          571    .text               hardware.o
    0x08001828   0x000002ac   Code   RO          596    .text               motor_pwm.o
    0x08001ad4   0x000000b8   Code   RO          612    .text               os_core.o
    0x08001b8c   0x00000038   Code   RO          636  * .text               startup_stm32f0xx.o
    0x08001bc4   0x0000015c   Code   RO          641    .text               stm32f0xx_gpio.o
    0x08001d20   0x0000040c   Code   RO          657    .text               stm32f0xx_rcc.o
    0x0800212c   0x0000007c   Code   RO          675    .text               stm32f0xx_misc.o
    0x080021a8   0x00000462   Code   RO          691    .text               stm32f0xx_usart.o
    0x0800260a   0x00000002   PAD
    0x0800260c   0x0000091c   Code   RO          707    .text               stm32f0xx_tim.o
    0x08002f28   0x00000124   Code   RO          724    .text               stm32f0xx_dma.o
    0x0800304c   0x000000e0   Code   RO          740    .text               stm32f0xx_pwr.o
    0x0800312c   0x0000044c   Code   RO          756    .text               stm32f0xx_flash.o
    0x08003578   0x00000224   Code   RO          773    .text               stm32f0xx_adc.o
    0x0800379c   0x000000d4   Code   RO          789    .text               stm32f0xx_exti.o
    0x08003870   0x00000098   Code   RO          805    .text               stm32f0xx_syscfg.o
    0x08003908   0x00000082   Code   RO          839    .text               c_p.l(rt_memcpy.o)
    0x0800398a   0x00000040   Code   RO          842    .text               c_p.l(rt_memclr.o)
    0x080039ca   0x0000015a   Code   RO          844    .text               c_p.l(aeabi_sdiv.o)
    0x08003b24   0x00000006   Code   RO          848    .text               c_p.l(heapauxi.o)
    0x08003b2a   0x0000003e   Code   RO          874    .text               c_p.l(sys_stackheap_outer.o)
    0x08003b68   0x00000010   Code   RO          877    .text               c_p.l(exit.o)
    0x08003b78   0x00000008   Code   RO          889    .text               c_p.l(libspace.o)
    0x08003b80   0x0000000c   Code   RO          946    .text               c_p.l(sys_exit.o)
    0x08003b8c   0x00000002   Code   RO          965    .text               c_p.l(use_no_semi.o)
    0x08003b8e   0x00000000   Code   RO          967    .text               c_p.l(indicate_semi.o)
    0x08003b8e   0x0000001a   Code   RO          440    i.__ARM_common_switch8  protocol_module.o
    0x08003ba8   0x00000020   Data   RO         1017    Region$$Table       anon$$obj.o


    Execution Region ER_RW (Base: 0x20000000, Size: 0x00000060, Max: 0xffffffff, ABSOLUTE)

    Base Addr    Size         Type   Attr      Idx    E Section Name        Object

    0x20000000   0x00000014   Data   RW          124    .data               system_stm32f0xx.o
    0x20000014   0x00000001   Data   RW          228    .data               comm_task.o
    0x20000015   0x00000001   Data   RW          246    .data               comm_task.o
    0x20000016   0x00000004   Data   RW          273    .data               comm_task.o
    0x2000001a   0x00000002   Data   RW          274    .data               comm_task.o
    0x2000001c   0x0000000c   Data   RW          391    .data               key_power_on_task.o
    0x20000028   0x0000000a   Data   RW          426    .data               protocol_module.o
    0x20000032   0x00000002   Data   RW          460    .data               common.o
    0x20000034   0x00000004   Data   RW          482    .data               delay.o
    0x20000038   0x00000007   Data   RW          554    .data               i2c.o
    0x2000003f   0x00000001   PAD
    0x20000040   0x00000004   Data   RW          573    .data               hardware.o
    0x20000044   0x00000002   Data   RW          574    .data               hardware.o
    0x20000046   0x00000002   PAD
    0x20000048   0x00000008   Data   RW          614    .data               os_core.o
    0x20000050   0x00000010   Data   RW          658    .data               stm32f0xx_rcc.o


    Execution Region ER_ZI (Base: 0x20000060, Size: 0x00000d58, Max: 0xffffffff, ABSOLUTE)

    Base Addr    Size         Type   Attr      Idx    E Section Name        Object

    0x20000060   0x00000368   Zero   RW          222    .bss                comm_task.o
    0x200003c8   0x00000104   Zero   RW          223    .bss                comm_task.o
    0x200004cc   0x000001d8   Zero   RW          224    .bss                comm_task.o
    0x200006a4   0x000000b4   Zero   RW          613    .bss                os_core.o
    0x20000758   0x00000060   Zero   RW          890    .bss                c_p.l(libspace.o)
    0x200007b8   0x00000200   Zero   RW          634    HEAP                startup_stm32f0xx.o
    0x200009b8   0x00000400   Zero   RW          633    STACK               startup_stm32f0xx.o


==============================================================================

Image component sizes


      Code (inc. data)   RO Data    RW Data    ZI Data      Debug   Object Name

       120         30          0          0          0       1210   app.o
       146          0          0          0          0       2958   cmd_receive.o
       316         18          0          8       1604      14228   comm_task.o
        32          4          0          2          0       1433   common.o
       144         16          0          4          0       1019   delay.o
       166          0          0          0          0       2491   fifo.o
      1124         34          0          6          0       7017   hardware.o
       760         14          0          7          0       3530   i2c.o
         0          0          0          0          0      92060   iwtdg.o
       844         22          0         12          0      10681   key_power_on_task.o
        40          4          0          0          0      58658   main.o
       684         32          0          0          0       2449   motor_pwm.o
       184         10          0          8        180       2513   os_core.o
      1458         62          0         10          0      12590   protocol_module.o
       288         10          0          0          0       1777   serial_port.o
        56         26        192          0       1536        604   startup_stm32f0xx.o
       548         12          0          0          0       7107   stm32f0xx_adc.o
       292         12          0          0          0       3582   stm32f0xx_dma.o
       212         14          0          0          0       2307   stm32f0xx_exti.o
      1100         20          0          0          0       8014   stm32f0xx_flash.o
       348         22          0          0          0       3813   stm32f0xx_gpio.o
        44          4          0          0          0        940   stm32f0xx_it.o
       124         16          0          0          0       1348   stm32f0xx_misc.o
       224         10          0          0          0       2182   stm32f0xx_pwr.o
      1036         38          0         16          0       8718   stm32f0xx_rcc.o
       152          4          0          0          0       2010   stm32f0xx_syscfg.o
      2332        122          0          0          0      22507   stm32f0xx_tim.o
      1122         12          0          0          0      12519   stm32f0xx_usart.o
       316         28          0         20          0       1563   system_stm32f0xx.o

    ----------------------------------------------------------------------
     14214        596        224         96       3320     291828   Object Totals
         0          0         32          0          0          0   (incl. Generated)
         2          0          0          3          0          0   (incl. Padding)

    ----------------------------------------------------------------------

      Code (inc. data)   RO Data    RW Data    ZI Data      Debug   Library Member Name

         8          0          0          0          0         68   __main.o
         0          0          0          0          0          0   __rtentry.o
        12          0          0          0          0          0   __rtentry2.o
         6          0          0          0          0          0   __rtentry4.o
        60          8          0          0          0          0   __scatter.o
        26          0          0          0          0          0   __scatter_copy.o
        28          0          0          0          0          0   __scatter_zi.o
       346          0          0          0          0         92   aeabi_sdiv.o
        16          0          0          0          0         68   exit.o
         6          0          0          0          0        136   heapauxi.o
         0          0          0          0          0          0   indicate_semi.o
         2          0          0          0          0          0   libinit.o
         2          0          0          0          0          0   libinit2.o
         2          0          0          0          0          0   libshutdown.o
         2          0          0          0          0          0   libshutdown2.o
         8          4          0          0         96         68   libspace.o
        64          0          0          0          0        108   rt_memclr.o
       186          0          0          0          0        144   rt_memcpy.o
         2          0          0          0          0          0   rtexit.o
        10          0          0          0          0          0   rtexit2.o
        12          4          0          0          0         60   sys_exit.o
        62          0          0          0          0         80   sys_stackheap_outer.o
         2          0          0          0          0         68   use_no_semi.o

    ----------------------------------------------------------------------
       866         16          0          0         96        892   Library Totals
         4          0          0          0          0          0   (incl. Padding)

    ----------------------------------------------------------------------

      Code (inc. data)   RO Data    RW Data    ZI Data      Debug   Library Name

       862         16          0          0         96        892   c_p.l

    ----------------------------------------------------------------------
       866         16          0          0         96        892   Library Totals

    ----------------------------------------------------------------------

==============================================================================


      Code (inc. data)   RO Data    RW Data    ZI Data      Debug   

     15080        612        224         96       3416     289180   Grand Totals
     15080        612        224         96       3416     289180   ELF Image Totals
     15080        612        224         96          0          0   ROM Totals

==============================================================================

    Total RO  Size (Code + RO Data)                15304 (  14.95kB)
    Total RW  Size (RW Data + ZI Data)              3512 (   3.43kB)
    Total ROM Size (Code + RO Data + RW Data)      15400 (  15.04kB)

==============================================================================

