Component: ARM Compiler 5.06 update 4 (build 422) Tool: armlink [4d35d2]

==============================================================================

Section Cross References

    startup_stm32f070xb.o(RESET) refers to startup_stm32f070xb.o(STACK) for __initial_sp
    startup_stm32f070xb.o(RESET) refers to startup_stm32f070xb.o(.text) for Reset_Handler
    startup_stm32f070xb.o(RESET) refers to stm32f0xx_it.o(i.NMI_Handler) for NMI_Handler
    startup_stm32f070xb.o(RESET) refers to stm32f0xx_it.o(i.HardFault_Handler) for HardFault_Handler
    startup_stm32f070xb.o(RESET) refers to stm32f0xx_it.o(i.SVC_Handler) for SVC_Handler
    startup_stm32f070xb.o(RESET) refers to stm32f0xx_it.o(i.PendSV_Handler) for PendSV_Handler
    startup_stm32f070xb.o(RESET) refers to stm32f0xx_it.o(i.SysTick_Handler) for SysTick_Handler
    startup_stm32f070xb.o(RESET) refers to key_power_on_task.o(i.EXTI0_1_IRQHandler) for EXTI0_1_IRQHandler
    startup_stm32f070xb.o(RESET) refers to stm32f0xx_it.o(i.TIM16_IRQHandler) for TIM16_IRQHandler
    startup_stm32f070xb.o(RESET) refers to stm32f0xx_it.o(i.USART1_IRQHandler) for USART1_IRQHandler
    startup_stm32f070xb.o(.text) refers to startup_stm32f070xb.o(STACK) for __initial_sp
    startup_stm32f070xb.o(.text) refers to system_stm32f0xx.o(i.SystemInit) for SystemInit
    startup_stm32f070xb.o(.text) refers to entry.o(.ARM.Collect$$$$00000000) for __main
    system_stm32f0xx.o(i.SystemCoreClockUpdate) refers to uidiv.o(.text) for __aeabi_uidivmod
    system_stm32f0xx.o(i.SystemCoreClockUpdate) refers to system_stm32f0xx.o(.data) for SystemCoreClock
    system_stm32f0xx.o(i.SystemInit) refers to system_stm32f0xx.o(i.SetSysClock) for SetSysClock
    main.o(i.main) refers to rcc_configure.o(i.RCC_Configuration) for RCC_Configuration
    main.o(i.main) refers to delay.o(i.delay_init) for delay_init
    main.o(i.main) refers to os_core.o(i.os_init) for os_init
    main.o(i.main) refers to os_core.o(i.os_create_task) for os_create_task
    main.o(i.main) refers to os_core.o(i.os_start) for os_start
    main.o(i.main) refers to app.o(i.init_task) for init_task
    stm32f0xx_it.o(i.TIM16_IRQHandler) refers to stm32f0xx_tim.o(i.TIM_GetITStatus) for TIM_GetITStatus
    stm32f0xx_it.o(i.TIM16_IRQHandler) refers to os_core.o(i.os_isr_ticks) for os_isr_ticks
    stm32f0xx_it.o(i.TIM16_IRQHandler) refers to stm32f0xx_tim.o(i.TIM_ClearITPendingBit) for TIM_ClearITPendingBit
    iwtdg.o(i.IWDG_Feed) refers to stm32f0xx_iwdg.o(i.IWDG_ReloadCounter) for IWDG_ReloadCounter
    iwtdg.o(i.Init_iWtdg) refers to stm32f0xx_iwdg.o(i.IWDG_WriteAccessCmd) for IWDG_WriteAccessCmd
    iwtdg.o(i.Init_iWtdg) refers to stm32f0xx_iwdg.o(i.IWDG_SetPrescaler) for IWDG_SetPrescaler
    iwtdg.o(i.Init_iWtdg) refers to stm32f0xx_iwdg.o(i.IWDG_SetReload) for IWDG_SetReload
    iwtdg.o(i.Init_iWtdg) refers to stm32f0xx_iwdg.o(i.IWDG_ReloadCounter) for IWDG_ReloadCounter
    iwtdg.o(i.Init_iWtdg) refers to stm32f0xx_iwdg.o(i.IWDG_Enable) for IWDG_Enable
    rcc_configure.o(i.RCC_Configuration) refers to stm32f0xx_rcc.o(i.RCC_DeInit) for RCC_DeInit
    rcc_configure.o(i.RCC_Configuration) refers to stm32f0xx_rcc.o(i.RCC_PLLConfig) for RCC_PLLConfig
    rcc_configure.o(i.RCC_Configuration) refers to stm32f0xx_rcc.o(i.RCC_PLLCmd) for RCC_PLLCmd
    rcc_configure.o(i.RCC_Configuration) refers to stm32f0xx_rcc.o(i.RCC_GetFlagStatus) for RCC_GetFlagStatus
    rcc_configure.o(i.RCC_Configuration) refers to stm32f0xx_rcc.o(i.RCC_SYSCLKConfig) for RCC_SYSCLKConfig
    rcc_configure.o(i.RCC_Configuration) refers to stm32f0xx_rcc.o(i.RCC_GetSYSCLKSource) for RCC_GetSYSCLKSource
    rcc_configure.o(i.RCC_Configuration) refers to stm32f0xx_rcc.o(i.RCC_HCLKConfig) for RCC_HCLKConfig
    rcc_configure.o(i.RCC_Configuration) refers to stm32f0xx_rcc.o(i.RCC_PCLKConfig) for RCC_PCLKConfig
    rcc_configure.o(i.RCC_Configuration) refers to stm32f0xx_rcc.o(i.RCC_ADCCLKConfig) for RCC_ADCCLKConfig
    rcc_configure.o(i.RCC_Configuration) refers to system_stm32f0xx.o(i.SystemCoreClockUpdate) for SystemCoreClockUpdate
    stm32f0xx_pwr.o(i.PWR_DeInit) refers to stm32f0xx_rcc.o(i.RCC_APB1PeriphResetCmd) for RCC_APB1PeriphResetCmd
    stm32f0xx_spi.o(i.I2S_Init) refers to stm32f0xx_rcc.o(i.RCC_GetClocksFreq) for RCC_GetClocksFreq
    stm32f0xx_spi.o(i.I2S_Init) refers to uidiv.o(.text) for __aeabi_uidivmod
    stm32f0xx_spi.o(i.SPI_I2S_DeInit) refers to stm32f0xx_rcc.o(i.RCC_APB2PeriphResetCmd) for RCC_APB2PeriphResetCmd
    stm32f0xx_spi.o(i.SPI_I2S_DeInit) refers to stm32f0xx_rcc.o(i.RCC_APB1PeriphResetCmd) for RCC_APB1PeriphResetCmd
    stm32f0xx_usart.o(i.USART_DeInit) refers to stm32f0xx_rcc.o(i.RCC_APB2PeriphResetCmd) for RCC_APB2PeriphResetCmd
    stm32f0xx_usart.o(i.USART_DeInit) refers to stm32f0xx_rcc.o(i.RCC_APB1PeriphResetCmd) for RCC_APB1PeriphResetCmd
    stm32f0xx_usart.o(i.USART_Init) refers to stm32f0xx_rcc.o(i.RCC_GetClocksFreq) for RCC_GetClocksFreq
[...]
    Removing stm32f0xx_tim.o(i.TIM_SelectSlaveMode), (20 bytes).
    Removing stm32f0xx_tim.o(i.TIM_SetAutoreload), (4 bytes).
    Removing stm32f0xx_tim.o(i.TIM_SetClockDivision), (20 bytes).
    Removing stm32f0xx_tim.o(i.TIM_SetCompare1), (4 bytes).
    Removing stm32f0xx_tim.o(i.TIM_SetCompare2), (4 bytes).
    Removing stm32f0xx_tim.o(i.TIM_SetCompare3), (4 bytes).
    Removing stm32f0xx_tim.o(i.TIM_SetCompare4), (4 bytes).
    Removing stm32f0xx_tim.o(i.TIM_SetCounter), (4 bytes).
    Removing stm32f0xx_tim.o(i.TIM_SetIC1Prescaler), (20 bytes).
    Removing stm32f0xx_tim.o(i.TIM_SetIC2Prescaler), (24 bytes).
    Removing stm32f0xx_tim.o(i.TIM_SetIC3Prescaler), (20 bytes).
    Removing stm32f0xx_tim.o(i.TIM_SetIC4Prescaler), (24 bytes).
    Removing stm32f0xx_tim.o(i.TIM_TIxExternalClockConfig), (58 bytes).
    Removing stm32f0xx_tim.o(i.TIM_TimeBaseStructInit), (18 bytes).
    Removing stm32f0xx_tim.o(i.TIM_UpdateDisableConfig), (28 bytes).
    Removing stm32f0xx_tim.o(i.TIM_UpdateRequestConfig), (28 bytes).
    Removing stm32f0xx_crs.o(.rev16_text), (4 bytes).
    Removing stm32f0xx_crs.o(.revsh_text), (4 bytes).
    Removing stm32f0xx_crs.o(i.CRS_AdjustHSI48CalibrationValue), (32 bytes).
    Removing stm32f0xx_crs.o(i.CRS_AutomaticCalibrationCmd), (36 bytes).
    Removing stm32f0xx_crs.o(i.CRS_ClearFlag), (40 bytes).
    Removing stm32f0xx_crs.o(i.CRS_ClearITPendingBit), (40 bytes).
    Removing stm32f0xx_crs.o(i.CRS_DeInit), (22 bytes).
    Removing stm32f0xx_crs.o(i.CRS_FrequencyErrorCounterCmd), (36 bytes).
    Removing stm32f0xx_crs.o(i.CRS_FrequencyErrorCounterReload), (28 bytes).
    Removing stm32f0xx_crs.o(i.CRS_FrequencyErrorLimitConfig), (28 bytes).
    Removing stm32f0xx_crs.o(i.CRS_GetFlagStatus), (16 bytes).
    Removing stm32f0xx_crs.o(i.CRS_GetFrequencyErrorDirection), (16 bytes).
    Removing stm32f0xx_crs.o(i.CRS_GetFrequencyErrorValue), (16 bytes).
    Removing stm32f0xx_crs.o(i.CRS_GetHSI48CalibrationValue), (20 bytes).
    Removing stm32f0xx_crs.o(i.CRS_GetITStatus), (16 bytes).
    Removing stm32f0xx_crs.o(i.CRS_GetReloadValue), (12 bytes).
    Removing stm32f0xx_crs.o(i.CRS_ITConfig), (32 bytes).
    Removing stm32f0xx_crs.o(i.CRS_SoftwareSynchronizationGenerate), (20 bytes).
    Removing stm32f0xx_crs.o(i.CRS_SynchronizationPolarityConfig), (28 bytes).
    Removing stm32f0xx_crs.o(i.CRS_SynchronizationPrescalerConfig), (28 bytes).
    Removing stm32f0xx_crs.o(i.CRS_SynchronizationSourceConfig), (28 bytes).
    Removing stm32f0xx_comp.o(.rev16_text), (4 bytes).
    Removing stm32f0xx_comp.o(.revsh_text), (4 bytes).
    Removing stm32f0xx_comp.o(i.COMP_Cmd), (40 bytes).
    Removing stm32f0xx_comp.o(i.COMP_DeInit), (12 bytes).
    Removing stm32f0xx_comp.o(i.COMP_GetOutputLevel), (36 bytes).
    Removing stm32f0xx_comp.o(i.COMP_Init), (56 bytes).
    Removing stm32f0xx_comp.o(i.COMP_LockConfig), (24 bytes).
    Removing stm32f0xx_comp.o(i.COMP_StructInit), (16 bytes).
    Removing stm32f0xx_comp.o(i.COMP_SwitchCmd), (36 bytes).
    Removing stm32f0xx_comp.o(i.COMP_WindowCmd), (40 bytes).
    Removing stm32f0xx_dac.o(.rev16_text), (4 bytes).
    Removing stm32f0xx_dac.o(.revsh_text), (4 bytes).
    Removing stm32f0xx_dac.o(i.DAC_ClearFlag), (16 bytes).
    Removing stm32f0xx_dac.o(i.DAC_ClearITPendingBit), (16 bytes).
    Removing stm32f0xx_dac.o(i.DAC_Cmd), (40 bytes).
    Removing stm32f0xx_dac.o(i.DAC_DMACmd), (44 bytes).
    Removing stm32f0xx_dac.o(i.DAC_DeInit), (22 bytes).
    Removing stm32f0xx_dac.o(i.DAC_DualSoftwareTriggerCmd), (36 bytes).
    Removing stm32f0xx_dac.o(i.DAC_GetDataOutputValue), (36 bytes).
    Removing stm32f0xx_dac.o(i.DAC_GetFlagStatus), (32 bytes).
    Removing stm32f0xx_dac.o(i.DAC_GetITStatus), (52 bytes).
    Removing stm32f0xx_dac.o(i.DAC_ITConfig), (44 bytes).
    Removing stm32f0xx_dac.o(i.DAC_Init), (56 bytes).
    Removing stm32f0xx_dac.o(i.DAC_SetChannel1Data), (32 bytes).
    Removing stm32f0xx_dac.o(i.DAC_SetChannel2Data), (32 bytes).
    Removing stm32f0xx_dac.o(i.DAC_SetDualChannelData), (40 bytes).
    Removing stm32f0xx_dac.o(i.DAC_SoftwareTriggerCmd), (48 bytes).
    Removing stm32f0xx_dac.o(i.DAC_StructInit), (12 bytes).
    Removing stm32f0xx_dac.o(i.DAC_WaveGenerationCmd), (44 bytes).
    Removing stm32f0xx_cec.o(.rev16_text), (4 bytes).
    Removing stm32f0xx_cec.o(.revsh_text), (4 bytes).
    Removing stm32f0xx_cec.o(i.CEC_ClearFlag), (12 bytes).
    Removing stm32f0xx_cec.o(i.CEC_ClearITPendingBit), (12 bytes).
    Removing stm32f0xx_cec.o(i.CEC_Cmd), (36 bytes).
    Removing stm32f0xx_cec.o(i.CEC_DeInit), (22 bytes).
    Removing stm32f0xx_cec.o(i.CEC_EndOfMessage), (20 bytes).
    Removing stm32f0xx_cec.o(i.CEC_GetFlagStatus), (28 bytes).
    Removing stm32f0xx_cec.o(i.CEC_GetITStatus), (40 bytes).
    Removing stm32f0xx_cec.o(i.CEC_ITConfig), (36 bytes).
    Removing stm32f0xx_cec.o(i.CEC_Init), (52 bytes).
    Removing stm32f0xx_cec.o(i.CEC_ListenModeCmd), (40 bytes).
    Removing stm32f0xx_cec.o(i.CEC_OwnAddressClear), (12 bytes).
    Removing stm32f0xx_cec.o(i.CEC_OwnAddressConfig), (28 bytes).
    Removing stm32f0xx_cec.o(i.CEC_ReceiveData), (12 bytes).
    Removing stm32f0xx_cec.o(i.CEC_SendData), (12 bytes).
    Removing stm32f0xx_cec.o(i.CEC_StartOfMessage), (20 bytes).
    Removing stm32f0xx_cec.o(i.CEC_StructInit), (18 bytes).
    Removing delay.o(.rev16_text), (4 bytes).
    Removing delay.o(.revsh_text), (4 bytes).
    Removing delay.o(i.delay_ms), (84 bytes).
    Removing serial_port.o(.rev16_text), (4 bytes).
    Removing serial_port.o(.revsh_text), (4 bytes).
    Removing serial_port.o(i.DMA_ReWorkCfg), (24 bytes).
    Removing serial_port.o(i.GetUartReceiverResidualCnt), (16 bytes).
    Removing serial_port.o(i.Init_UART_WIFI), (124 bytes).
    Removing serial_port.o(i.UARTInit), (276 bytes).
    Removing serial_port.o(i.USART_BLUETOOTH_ReciverBuf), (32 bytes).
    Removing serial_port.o(i.USART_BLUETOOTH_SendBuf), (44 bytes).
    Removing serial_port.o(i.USART_WIFI_ReciverBuf), (32 bytes).
    Removing serial_port.o(i.USART_WIFI_SendBuf), (48 bytes).
    Removing serial_port.o(i.UartSendNBytes), (24 bytes).
    Removing cmd_receive.o(.rev16_text), (4 bytes).
    Removing cmd_receive.o(.revsh_text), (4 bytes).
    Removing cmd_receive.o(i.Buf2Read), (24 bytes).
    Removing cmd_receive.o(i.Buf2Write), (22 bytes).
    Removing cmd_receive.o(i.GetBuf2Length), (28 bytes).
    Removing cmd_receive.o(i.Init_Receive), (16 bytes).
    Removing cmd_receive.o(i.ReceiveData), (104 bytes).
    Removing fifo.o(i.fifoCnt), (6 bytes).
    Removing fifo.o(i.fifoInit), (14 bytes).
    Removing fifo.o(i.fifoIsFull), (18 bytes).
    Removing fifo.o(i.fifoReadData), (62 bytes).
    Removing fifo.o(i.fifoReset), (10 bytes).
    Removing fifo.o(i.fifoWriteData), (68 bytes).
    Removing store_fifo.o(.rev16_text), (4 bytes).
    Removing store_fifo.o(.revsh_text), (4 bytes).
    Removing store_fifo.o(i.get_store_data_page_count), (38 bytes).
    Removing store_fifo.o(i.init_store_head), (62 bytes).
    Removing store_fifo.o(i.read_store_data_one_page), (88 bytes).
    Removing store_fifo.o(i.read_store_head), (24 bytes).
    Removing store_fifo.o(i.save_store_data_multi_page), (50 bytes).
    Removing store_fifo.o(i.save_store_data_one_page), (82 bytes).
    Removing store_fifo.o(i.save_store_head), (22 bytes).
    Removing hardware.o(.rev16_text), (4 bytes).
    Removing hardware.o(.revsh_text), (4 bytes).
    Removing hardware.o(i.Calibrate_pressure_sensor), (78 bytes).
    Removing hardware.o(i.Init_ADC1), (276 bytes).
    Removing hardware.o(i.Init_Bat_Charge_Stby), (36 bytes).
    Removing hardware.o(i.Init_Blue_EN), (52 bytes).
    Removing hardware.o(i.Init_CHARGE_IO), (28 bytes).
    Removing hardware.o(i.Init_PWRSAVE), (48 bytes).
    Removing hardware.o(i.Init_PWR_EN), (50 bytes).
    Removing hardware.o(i.Init_STDBY_IO), (28 bytes).
    Removing hardware.o(i.Init_SWITCH_ON_OFF), (28 bytes).
    Removing hardware.o(i.Init_Switch_Mode), (32 bytes).
    Removing hardware.o(i.Init_UART_BLUETOOTH_BCTS), (28 bytes).
    Removing hardware.o(i.Init_UART_BLUETOOTH_BRTS), (52 bytes).
    Removing hardware.o(i.Init_USB_OE), (22 bytes).
    Removing hardware.o(i.Init_USB_ON), (48 bytes).
    Removing hardware.o(i.Init_Valve), (48 bytes).
    Removing hardware.o(i.Init_WIFI_RST), (48 bytes).
    Removing hardware.o(i.Key_WakeUp_Init), (40 bytes).
    Removing hardware.o(i.get_key_status), (14 bytes).
    Removing hardware.o(i.read_half_word_buf_from_eeprom), (2 bytes).
    Removing hardware.o(i.read_half_word_from_flash), (2 bytes).
    Removing hardware.o(i.read_one_page_from_flash), (2 bytes).
    Removing hardware.o(i.save_half_word_buf_to_eeprom), (6 bytes).
    Removing hardware.o(i.save_half_word_to_flash), (6 bytes).
    Removing hardware.o(i.save_one_page_to_flash), (6 bytes).
    Removing hardware.o(i.set_led), (80 bytes).
    Removing hardware.o(.bss), (16 bytes).
    Removing hardware.o(.data), (6 bytes).
    Removing motor_pwm.o(.rev16_text), (4 bytes).
    Removing motor_pwm.o(.revsh_text), (4 bytes).
    Removing motor_pwm.o(i.Motor_PWM_Config), (328 bytes).
    Removing motor_pwm.o(i.Motor_PWM_Freq_Dudy_Set), (280 bytes).
    Removing motor_pwm.o(i.Motor_PWM_GPIO_Config), (200 bytes).
    Removing motor_pwm.o(i.Motor_PWM_Init), (12 bytes).
    Removing app.o(.rev16_text), (4 bytes).
    Removing app.o(.revsh_text), (4 bytes).
    Removing app.o(i.test_task), (460 bytes).
    Removing app.o(.data), (68 bytes).
    Removing comm_task.o(.rev16_text), (4 bytes).
    Removing comm_task.o(.revsh_text), (4 bytes).
    Removing comm_task.o(i.CMD_ProcessTask), (40 bytes).
    Removing comm_task.o(i.CalcCheckSum), (34 bytes).
    Removing comm_task.o(i.CheckCheckSum), (44 bytes).
    Removing comm_task.o(i.ModuleProcessPacket), (14 bytes).
    Removing comm_task.o(i.ModuleUnPackFrame), (260 bytes).
    Removing comm_task.o(i.TaskDataSend), (56 bytes).
    Removing comm_task.o(.bss), (2076 bytes).
    Removing common.o(.rev16_text), (4 bytes).
    Removing common.o(.revsh_text), (4 bytes).
    Removing common.o(i.Delay), (20 bytes).
    Removing common.o(i.Delay_ms), (12 bytes).
    Removing common.o(.data), (2 bytes).
    Removing i2c.o(.rev16_text), (4 bytes).
    Removing i2c.o(.revsh_text), (4 bytes).
    Removing i2c.o(i.ADS115_readByte), (100 bytes).
    Removing i2c.o(i.Honeywell_ready_for_read), (40 bytes).
    Removing i2c.o(.data), (2 bytes).
    Removing key_power_on_task.o(.rev16_text), (4 bytes).
    Removing key_power_on_task.o(.revsh_text), (4 bytes).
    Removing key_power_on_task.o(i.CfgALLPins4StopMode), (60 bytes).
    Removing key_power_on_task.o(i.CfgWFI), (124 bytes).
    Removing key_power_on_task.o(i.Check_USB_pull_or_push), (304 bytes).
    Removing key_power_on_task.o(i.EnterStopMode), (28 bytes).
    Removing key_power_on_task.o(i.RCC_Configuration_2), (80 bytes).
    Removing key_power_on_task.o(i.init_system_afterWakeUp), (32 bytes).
    Removing key_power_on_task.o(i.key_power_on_task), (208 bytes).
    Removing key_power_on_task.o(i.test), (64 bytes).
    Removing send_data_to_phone.o(.rev16_text), (4 bytes).
    Removing send_data_to_phone.o(.revsh_text), (4 bytes).
    Removing honeywell_sampling_data.o(.rev16_text), (4 bytes).
    Removing honeywell_sampling_data.o(.revsh_text), (4 bytes).
    Removing ms5525dso_sampling_data.o(.rev16_text), (4 bytes).
    Removing ms5525dso_sampling_data.o(.revsh_text), (4 bytes).
    Removing os_core.o(.rev16_text), (4 bytes).
    Removing os_core.o(.revsh_text), (4 bytes).
    Removing os_core.o(i.Init_sysTick), (2 bytes).
    Removing os_core.o(i.os_delay_100us), (72 bytes).
    Removing os_core.o(i.os_delay_ms), (68 bytes).
    Removing os_core.o(i.os_resume_task), (32 bytes).
    Removing protocol_module.o(.rev16_text), (4 bytes).
    Removing protocol_module.o(.revsh_text), (4 bytes).
    Removing protocol_module.o(i.FlashRead), (50 bytes).
    Removing protocol_module.o(i.FlashReadByte), (6 bytes).
    Removing protocol_module.o(i.FlashReadWord), (10 bytes).
    Removing protocol_module.o(i.FlashWrite), (102 bytes).
    Removing protocol_module.o(i.cal_pressure_rate), (104 bytes).
    Removing protocol_module.o(i.calibrate_sensor_by_ID), (92 bytes).
    Removing protocol_module.o(i.get_comm_para_to_buf), (68 bytes).
    Removing protocol_module.o(i.get_parameter_to_buf_by_frameId), (712 bytes).
    Removing protocol_module.o(i.protocol_module_process), (238 bytes).
    Removing protocol_module.o(i.protocol_module_send_train_data_check_sum), (72 bytes).
    Removing protocol_module.o(i.send_cal_reslut_2_PC), (308 bytes).
    Removing protocol_module.o(i.send_para_rcv_result), (64 bytes).
    Removing protocol_module.o(i.send_prameter_fram1_to_PC), (132 bytes).
    Removing protocol_module.o(i.send_prameter_fram2_to_PC), (84 bytes).
    Removing protocol_module.o(i.send_prameter_fram3_to_PC), (88 bytes).
    Removing protocol_module.o(.data), (10 bytes).
    Removing cdcmple.o(.text), (40 bytes).

707 unused section(s) (total 31462 bytes) removed from the image.

==============================================================================

Image Symbol Table

    Local Symbols

    Symbol Name                              Value     Ov Type        Size  Object(Section)

    ../clib/../cmprslib/zerorunl2.c          0x00000000   Number         0  __dczerorl2.o ABSOLUTE
    ../clib/microlib/division.c              0x00000000   Number         0  idiv.o ABSOLUTE
    ../clib/microlib/division.c              0x00000000   Number         0  uidiv.o ABSOLUTE
    ../clib/microlib/errno.c                 0x00000000   Number         0  errno.o ABSOLUTE
    ../clib/microlib/init/entry.s            0x00000000   Number         0  entry7a.o ABSOLUTE
    ../clib/microlib/init/entry.s            0x00000000   Number         0  entry9a.o ABSOLUTE
    ../clib/microlib/init/entry.s            0x00000000   Number         0  entry9b.o ABSOLUTE
    ../clib/microlib/init/entry.s            0x00000000   Number         0  entry10a.o ABSOLUTE
    ../clib/microlib/init/entry.s            0x00000000   Number         0  entry11a.o ABSOLUTE
    ../clib/microlib/init/entry.s            0x00000000   Number         0  entry7b.o ABSOLUTE
    ../clib/microlib/init/entry.s            0x00000000   Number         0  entry8a.o ABSOLUTE
    ../clib/microlib/init/entry.s            0x00000000   Number         0  entry10b.o ABSOLUTE
    ../clib/microlib/init/entry.s            0x00000000   Number         0  entry5.o ABSOLUTE
    ../clib/microlib/init/entry.s            0x00000000   Number         0  entry.o ABSOLUTE
    ../clib/microlib/init/entry.s            0x00000000   Number         0  entry2.o ABSOLUTE
    ../clib/microlib/init/entry.s            0x00000000   Number         0  entry11b.o ABSOLUTE
    ../clib/microlib/init/entry.s            0x00000000   Number         0  entry8b.o ABSOLUTE
    ../clib/microlib/longlong.c              0x00000000   Number         0  llmul.o ABSOLUTE
    ../clib/microlib/longlong.c              0x00000000   Number         0  llushr.o ABSOLUTE
    ../clib/microlib/longlong.c              0x00000000   Number         0  llshl.o ABSOLUTE
    ../clib/microlib/string/memcpy.c         0x00000000   Number         0  memcpya.o ABSOLUTE
    ../clib/microlib/string/memcpy.c         0x00000000   Number         0  memcpyb.o ABSOLUTE
    ../clib/microlib/string/memset.c         0x00000000   Number         0  memseta.o ABSOLUTE
    ../clib/microlib/stubs.s                 0x00000000   Number         0  iusefp.o ABSOLUTE
    ../fplib/microlib/fpdiv.c                0x00000000   Number         0  ddiv.o ABSOLUTE
    ../fplib/microlib/fpepilogue.c           0x00000000   Number         0  depilogue.o ABSOLUTE
    ../fplib/microlib/fpfix.c                0x00000000   Number         0  dfixi.o ABSOLUTE
    ../fplib/microlib/fpflt.c                0x00000000   Number         0  dflti.o ABSOLUTE
    ../fplib/microlib/fpmul.c                0x00000000   Number         0  dmul.o ABSOLUTE
    ../fplib/microlib/fpsqrt.c               0x00000000   Number         0  dsqrt.o ABSOLUTE
    ../mathlib/sqrt.c                        0x00000000   Number         0  sqrt_x.o ABSOLUTE
    ../mathlib/sqrt.c                        0x00000000   Number         0  sqrt.o ABSOLUTE
    ..\..\..\Libraries\CMSIS\Device\ST\STM32F0xx\Source\Templates\arm\startup_stm32f070xb.s 0x00000000   Number         0  startup_stm32f070xb.o ABSOLUTE
    ..\..\..\Libraries\CMSIS\Device\ST\STM32F0xx\Source\Templates\system_stm32f0xx.c 0x00000000   Number         0  system_stm32f0xx.o ABSOLUTE
    ..\..\..\Libraries\STM32F0xx_StdPeriph_Driver\src\stm32f0xx_adc.c 0x00000000   Number         0  stm32f0xx_adc.o ABSOLUTE
    ..\..\..\Libraries\STM32F0xx_StdPeriph_Driver\src\stm32f0xx_can.c 0x00000000   Number         0  stm32f0xx_can.o ABSOLUTE
    ..\..\..\Libraries\STM32F0xx_StdPeriph_Driver\src\stm32f0xx_cec.c 0x00000000   Number         0  stm32f0xx_cec.o ABSOLUTE
    ..\..\..\Libraries\STM32F0xx_StdPeriph_Driver\src\stm32f0xx_comp.c 0x00000000   Number         0  stm32f0xx_comp.o ABSOLUTE
    ..\..\..\Libraries\STM32F0xx_StdPeriph_Driver\src\stm32f0xx_crc.c 0x00000000   Number         0  stm32f0xx_crc.o ABSOLUTE
    ..\..\..\Libraries\STM32F0xx_StdPeriph_Driver\src\stm32f0xx_crs.c 0x00000000   Number         0  stm32f0xx_crs.o ABSOLUTE
    ..\..\..\Libraries\STM32F0xx_StdPeriph_Driver\src\stm32f0xx_dac.c 0x00000000   Number         0  stm32f0xx_dac.o ABSOLUTE
    ..\..\..\Libraries\STM32F0xx_StdPeriph_Driver\src\stm32f0xx_dbgmcu.c 0x00000000   Number         0  stm32f0xx_dbgmcu.o ABSOLUTE
    ..\..\..\Libraries\STM32F0xx_StdPeriph_Driver\src\stm32f0xx_dma.c 0x00000000   Number         0  stm32f0xx_dma.o ABSOLUTE
    ..\..\..\Libraries\STM32F0xx_StdPeriph_Driver\src\stm32f0xx_exti.c 0x00000000   Number         0  stm32f0xx_exti.o ABSOLUTE
    ..\..\..\Libraries\STM32F0xx_StdPeriph_Driver\src\stm32f0xx_flash.c 0x00000000   Number         0  stm32f0xx_flash.o ABSOLUTE
    ..\..\..\Libraries\STM32F0xx_StdPeriph_Driver\src\stm32f0xx_gpio.c 0x00000000   Number         0  stm32f0xx_gpio.o ABSOLUTE
    ..\..\..\Libraries\STM32F0xx_StdPeriph_Driver\src\stm32f0xx_i2c.c 0x00000000   Number         0  stm32f0xx_i2c.o ABSOLUTE
    ..\..\..\Libraries\STM32F0xx_StdPeriph_Driver\src\stm32f0xx_iwdg.c 0x00000000   Number         0  stm32f0xx_iwdg.o ABSOLUTE
    ..\..\..\Libraries\STM32F0xx_StdPeriph_Driver\src\stm32f0xx_misc.c 0x00000000   Number         0  stm32f0xx_misc.o ABSOLUTE
    ..\..\..\Libraries\STM32F0xx_StdPeriph_Driver\src\stm32f0xx_pwr.c 0x00000000   Number         0  stm32f0xx_pwr.o ABSOLUTE
    ..\..\..\Libraries\STM32F0xx_StdPeriph_Driver\src\stm32f0xx_rcc.c 0x00000000   Number         0  stm32f0xx_rcc.o ABSOLUTE
    ..\..\..\Libraries\STM32F0xx_StdPeriph_Driver\src\stm32f0xx_rtc.c 0x00000000   Number         0  stm32f0xx_rtc.o ABSOLUTE
    ..\..\..\Libraries\STM32F0xx_StdPeriph_Driver\src\stm32f0xx_spi.c 0x00000000   Number         0  stm32f0xx_spi.o ABSOLUTE
    ..\..\..\Libraries\STM32F0xx_StdPeriph_Driver\src\stm32f0xx_syscfg.c 0x00000000   Number         0  stm32f0xx_syscfg.o ABSOLUTE
    ..\..\..\Libraries\STM32F0xx_StdPeriph_Driver\src\stm32f0xx_tim.c 0x00000000   Number         0  stm32f0xx_tim.o ABSOLUTE
    ..\..\..\Libraries\STM32F0xx_StdPeriph_Driver\src\stm32f0xx_usart.c 0x00000000   Number         0  stm32f0xx_usart.o ABSOLUTE
    ..\..\..\Libraries\STM32F0xx_StdPeriph_Driver\src\stm32f0xx_wwdg.c 0x00000000   Number         0  stm32f0xx_wwdg.o ABSOLUTE
    ..\\..\\..\\Libraries\\CMSIS\\Device\\ST\\STM32F0xx\\Source\\Templates\\system_stm32f0xx.c 0x00000000   Number         0  system_stm32f0xx.o ABSOLUTE
    ..\\..\\..\\Libraries\\STM32F0xx_StdPeriph_Driver\\src\\stm32f0xx_adc.c 0x00000000   Number         0  stm32f0xx_adc.o ABSOLUTE
    ..\\..\\..\\Libraries\\STM32F0xx_StdPeriph_Driver\\src\\stm32f0xx_can.c 0x00000000   Number         0  stm32f0xx_can.o ABSOLUTE
    ..\\..\\..\\Libraries\\STM32F0xx_StdPeriph_Driver\\src\\stm32f0xx_cec.c 0x00000000   Number         0  stm32f0xx_cec.o ABSOLUTE
    ..\\..\\..\\Libraries\\STM32F0xx_StdPeriph_Driver\\src\\stm32f0xx_comp.c 0x00000000   Number         0  stm32f0xx_comp.o ABSOLUTE
    ..\\..\\..\\Libraries\\STM32F0xx_StdPeriph_Driver\\src\\stm32f0xx_crc.c 0x00000000   Number         0  stm32f0xx_crc.o ABSOLUTE
    ..\\..\\..\\Libraries\\STM32F0xx_StdPeriph_Driver\\src\\stm32f0xx_crs.c 0x00000000   Number         0  stm32f0xx_crs.o ABSOLUTE
    ..\\..\\..\\Libraries\\STM32F0xx_StdPeriph_Driver\\src\\stm32f0xx_dac.c 0x00000000   Number         0  stm32f0xx_dac.o ABSOLUTE
    ..\\..\\..\\Libraries\\STM32F0xx_StdPeriph_Driver\\src\\stm32f0xx_dbgmcu.c 0x00000000   Number         0  stm32f0xx_dbgmcu.o ABSOLUTE
    ..\\..\\..\\Libraries\\STM32F0xx_StdPeriph_Driver\\src\\stm32f0xx_dma.c 0x00000000   Number         0  stm32f0xx_dma.o ABSOLUTE
    ..\\..\\..\\Libraries\\STM32F0xx_StdPeriph_Driver\\src\\stm32f0xx_exti.c 0x00000000   Number         0  stm32f0xx_exti.o ABSOLUTE
    ..\\..\\..\\Libraries\\STM32F0xx_StdPeriph_Driver\\src\\stm32f0xx_flash.c 0x00000000   Number         0  stm32f0xx_flash.o ABSOLUTE
    ..\\..\\..\\Libraries\\STM32F0xx_StdPeriph_Driver\\src\\stm32f0xx_gpio.c 0x00000000   Number         0  stm32f0xx_gpio.o ABSOLUTE
    ..\\..\\..\\Libraries\\STM32F0xx_StdPeriph_Driver\\src\\stm32f0xx_i2c.c 0x00000000   Number         0  stm32f0xx_i2c.o ABSOLUTE
    ..\\..\\..\\Libraries\\STM32F0xx_StdPeriph_Driver\\src\\stm32f0xx_iwdg.c 0x00000000   Number         0  stm32f0xx_iwdg.o ABSOLUTE
    ..\\..\\..\\Libraries\\STM32F0xx_StdPeriph_Driver\\src\\stm32f0xx_misc.c 0x00000000   Number         0  stm32f0xx_misc.o ABSOLUTE
    ..\\..\\..\\Libraries\\STM32F0xx_StdPeriph_Driver\\src\\stm32f0xx_pwr.c 0x00000000   Number         0  stm32f0xx_pwr.o ABSOLUTE
    ..\\..\\..\\Libraries\\STM32F0xx_StdPeriph_Driver\\src\\stm32f0xx_rcc.c 0x00000000   Number         0  stm32f0xx_rcc.o ABSOLUTE
    ..\\..\\..\\Libraries\\STM32F0xx_StdPeriph_Driver\\src\\stm32f0xx_rtc.c 0x00000000   Number         0  stm32f0xx_rtc.o ABSOLUTE
    ..\\..\\..\\Libraries\\STM32F0xx_StdPeriph_Driver\\src\\stm32f0xx_spi.c 0x00000000   Number         0  stm32f0xx_spi.o ABSOLUTE
    ..\\..\\..\\Libraries\\STM32F0xx_StdPeriph_Driver\\src\\stm32f0xx_syscfg.c 0x00000000   Number         0  stm32f0xx_syscfg.o ABSOLUTE
    ..\\..\\..\\Libraries\\STM32F0xx_StdPeriph_Driver\\src\\stm32f0xx_tim.c 0x00000000   Number         0  stm32f0xx_tim.o ABSOLUTE
    ..\\..\\..\\Libraries\\STM32F0xx_StdPeriph_Driver\\src\\stm32f0xx_usart.c 0x00000000   Number         0  stm32f0xx_usart.o ABSOLUTE
    ..\\..\\..\\Libraries\\STM32F0xx_StdPeriph_Driver\\src\\stm32f0xx_wwdg.c 0x00000000   Number         0  stm32f0xx_wwdg.o ABSOLUTE
    ..\\main.c                               0x00000000   Number         0  main.o ABSOLUTE
    ..\\stm32f0xx_it.c                       0x00000000   Number         0  stm32f0xx_it.o ABSOLUTE
    ..\main.c                                0x00000000   Number         0  main.o ABSOLUTE
    ..\stm32f0xx_it.c                        0x00000000   Number         0  stm32f0xx_it.o ABSOLUTE
    LOAD\APP\MS5525DSO_sampling_data.c       0x00000000   Number         0  ms5525dso_sampling_data.o ABSOLUTE
    LOAD\APP\app.c                           0x00000000   Number         0  app.o ABSOLUTE
    LOAD\APP\comm_task.c                     0x00000000   Number         0  comm_task.o ABSOLUTE
    LOAD\APP\common.c                        0x00000000   Number         0  common.o ABSOLUTE
    LOAD\APP\honeywell_sampling_data.c       0x00000000   Number         0  honeywell_sampling_data.o ABSOLUTE
    LOAD\APP\i2c.c                           0x00000000   Number         0  i2c.o ABSOLUTE
    LOAD\APP\key_power_on_task.c             0x00000000   Number         0  key_power_on_task.o ABSOLUTE
    LOAD\APP\send_data_to_phone.c            0x00000000   Number         0  send_data_to_phone.o ABSOLUTE
    LOAD\HARDWARE\Motor_pwm.c                0x00000000   Number         0  motor_pwm.o ABSOLUTE
    LOAD\HARDWARE\hardware.c                 0x00000000   Number         0  hardware.o ABSOLUTE
    LOAD\MODULE\protocol_module.c            0x00000000   Number         0  protocol_module.o ABSOLUTE
    LOAD\OS\os_core.c                        0x00000000   Number         0  os_core.o ABSOLUTE
    LOAD\SYSTEM\cmd\CMD_Receive.c            0x00000000   Number         0  cmd_receive.o ABSOLUTE
    LOAD\SYSTEM\delay.c                      0x00000000   Number         0  delay.o ABSOLUTE
    LOAD\SYSTEM\fifo\fifo.c                  0x00000000   Number         0  fifo.o ABSOLUTE
    LOAD\SYSTEM\fifo\store_fifo.c            0x00000000   Number         0  store_fifo.o ABSOLUTE
    LOAD\SYSTEM\serial_port.c                0x00000000   Number         0  serial_port.o ABSOLUTE
    LOAD\User\iwtdg.c                        0x00000000   Number         0  iwtdg.o ABSOLUTE
    LOAD\User\rcc_configure.c                0x00000000   Number         0  rcc_configure.o ABSOLUTE
    LOAD\\APP\\MS5525DSO_sampling_data.c     0x00000000   Number         0  ms5525dso_sampling_data.o ABSOLUTE
    LOAD\\APP\\app.c                         0x00000000   Number         0  app.o ABSOLUTE
    LOAD\\APP\\comm_task.c                   0x00000000   Number         0  comm_task.o ABSOLUTE
    LOAD\\APP\\common.c                      0x00000000   Number         0  common.o ABSOLUTE
    LOAD\\APP\\honeywell_sampling_data.c     0x00000000   Number         0  honeywell_sampling_data.o ABSOLUTE
    LOAD\\APP\\i2c.c                         0x00000000   Number         0  i2c.o ABSOLUTE
    LOAD\\APP\\key_power_on_task.c           0x00000000   Number         0  key_power_on_task.o ABSOLUTE
    LOAD\\APP\\send_data_to_phone.c          0x00000000   Number         0  send_data_to_phone.o ABSOLUTE
    LOAD\\HARDWARE\\Motor_pwm.c              0x00000000   Number         0  motor_pwm.o ABSOLUTE
    LOAD\\HARDWARE\\hardware.c               0x00000000   Number         0  hardware.o ABSOLUTE
    LOAD\\MODULE\\protocol_module.c          0x00000000   Number         0  protocol_module.o ABSOLUTE
    LOAD\\OS\\os_core.c                      0x00000000   Number         0  os_core.o ABSOLUTE
    LOAD\\SYSTEM\\cmd\\CMD_Receive.c         0x00000000   Number         0  cmd_receive.o ABSOLUTE
    LOAD\\SYSTEM\\delay.c                    0x00000000   Number         0  delay.o ABSOLUTE
    LOAD\\SYSTEM\\fifo\\store_fifo.c         0x00000000   Number         0  store_fifo.o ABSOLUTE
    LOAD\\SYSTEM\\serial_port.c              0x00000000   Number         0  serial_port.o ABSOLUTE
    LOAD\\User\\iwtdg.c                      0x00000000   Number         0  iwtdg.o ABSOLUTE
    LOAD\\User\\rcc_configure.c              0x00000000   Number         0  rcc_configure.o ABSOLUTE
    cdcmple.s                                0x00000000   Number         0  cdcmple.o ABSOLUTE
    dc.s                                     0x00000000   Number         0  dc.o ABSOLUTE
    handlers.s                               0x00000000   Number         0  handlers.o ABSOLUTE
    init.s                                   0x00000000   Number         0  init.o ABSOLUTE
    RESET                                    0x08000000   Section      192  startup_stm32f070xb.o(RESET)
    .ARM.Collect$$$$00000000                 0x080000c0   Section        0  entry.o(.ARM.Collect$$$$00000000)
    .ARM.Collect$$$$00000001                 0x080000c0   Section        4  entry2.o(.ARM.Collect$$$$00000001)
    .ARM.Collect$$$$00000004                 0x080000c4   Section        4  entry5.o(.ARM.Collect$$$$00000004)
    .ARM.Collect$$$$00000008                 0x080000c8   Section        0  entry7b.o(.ARM.Collect$$$$00000008)
    .ARM.Collect$$$$0000000A                 0x080000c8   Section        0  entry8b.o(.ARM.Collect$$$$0000000A)
    .ARM.Collect$$$$0000000B                 0x080000c8   Section        8  entry9a.o(.ARM.Collect$$$$0000000B)
    .ARM.Collect$$$$0000000D                 0x080000d0   Section        0  entry10a.o(.ARM.Collect$$$$0000000D)
    .ARM.Collect$$$$0000000F                 0x080000d0   Section        0  entry11a.o(.ARM.Collect$$$$0000000F)
    .ARM.Collect$$$$00002712                 0x080000d0   Section        4  entry2.o(.ARM.Collect$$$$00002712)
    __lit__00000000                          0x080000d0   Data           4  entry2.o(.ARM.Collect$$$$00002712)
    .text                                    0x080000d4   Section       88  startup_stm32f070xb.o(.text)
    .text                                    0x0800012c   Section        0  uidiv.o(.text)
    .text                                    0x08000158   Section        0  idiv.o(.text)
    .text                                    0x08000180   Section        0  llmul.o(.text)
    .text                                    0x080001fc   Section        0  dmul.o(.text)
    .text                                    0x080002cc   Section        0  ddiv.o(.text)
    .text                                    0x080003bc   Section        0  dflti.o(.text)
    .text                                    0x080003e4   Section        0  dfixi.o(.text)
    .text                                    0x0800042c   Section        0  llshl.o(.text)
    .text                                    0x0800044c   Section        0  llushr.o(.text)
    .text                                    0x0800046e   Section        0  iusefp.o(.text)
    .text                                    0x0800046e   Section        0  depilogue.o(.text)
    .text                                    0x0800052c   Section        0  dsqrt.o(.text)
    .text                                    0x080005d0   Section       36  init.o(.text)
    .text                                    0x080005f4   Section        0  __dczerorl2.o(.text)
    i.Delay_us                               0x0800064a   Section        0  common.o(i.Delay_us)
    i.EXTI0_1_IRQHandler                     0x08000658   Section        0  key_power_on_task.o(i.EXTI0_1_IRQHandler)
    i.EXTI_ClearFlag                         0x08000678   Section        0  stm32f0xx_exti.o(i.EXTI_ClearFlag)
    i.EXTI_GetITStatus                       0x08000684   Section        0  stm32f0xx_exti.o(i.EXTI_GetITStatus)
    i.GPIO_Init                              0x080006a0   Section        0  stm32f0xx_gpio.o(i.GPIO_Init)
    i.GPIO_PinAFConfig                       0x08000730   Section        0  stm32f0xx_gpio.o(i.GPIO_PinAFConfig)
    i.GPIO_ResetBits                         0x08000774   Section        0  stm32f0xx_gpio.o(i.GPIO_ResetBits)
    i.GPIO_SetBits                           0x08000778   Section        0  stm32f0xx_gpio.o(i.GPIO_SetBits)
    i.HardFault_Handler                      0x0800077c   Section        0  stm32f0xx_it.o(i.HardFault_Handler)
    i.I2C_RecAck                             0x08000780   Section        0  i2c.o(i.I2C_RecAck)
    i.I2C_RecByte                            0x080007d0   Section        0  i2c.o(i.I2C_RecByte)
    i.I2C_SDA_IN                             0x08000818   Section        0  i2c.o(i.I2C_SDA_IN)
    i.I2C_SDA_OUT                            0x08000840   Section        0  i2c.o(i.I2C_SDA_OUT)
    i.I2C_SendAck                            0x08000864   Section        0  i2c.o(i.I2C_SendAck)
    i.I2C_SendByte                           0x08000890   Section        0  i2c.o(i.I2C_SendByte)
    i.I2C_SendNak                            0x080008e4   Section        0  i2c.o(i.I2C_SendNak)
    i.I2C_Start                              0x08000910   Section        0  i2c.o(i.I2C_Start)
    i.I2C_Stop                               0x08000944   Section        0  i2c.o(i.I2C_Stop)
    i.I2C_uConfiguration                     0x08000970   Section        0  i2c.o(i.I2C_uConfiguration)
    i.Init_Blue_WIFI_ONOFF                   0x0800099c   Section        0  hardware.o(i.Init_Blue_WIFI_ONOFF)
    i.Init_LED                               0x080009cc   Section        0  hardware.o(i.Init_LED)
    i.Init_MS5525DSO_sensor                  0x08000a08   Section        0  i2c.o(i.Init_MS5525DSO_sensor)
    i.Init_PWR_ON_OFF                        0x08000a2c   Section        0  hardware.o(i.Init_PWR_ON_OFF)
    i.Init_SENSOR_ONOFF                      0x08000a44   Section        0  hardware.o(i.Init_SENSOR_ONOFF)
    i.Init_UART_BLUETOOTH                    0x08000a74   Section        0  serial_port.o(i.Init_UART_BLUETOOTH)
    i.Init_honeywell_sensor                  0x08000af4   Section        0  i2c.o(i.Init_honeywell_sensor)
    i.Is_timing_X10us                        0x08000b2c   Section        0  comm_task.o(i.Is_timing_X10us)
    i.MS5525DSO_I2C_Configuration            0x08000bec   Section        0  i2c.o(i.MS5525DSO_I2C_Configuration)
    i.MS5525DSO_I2C_RecAck                   0x08000c18   Section        0  i2c.o(i.MS5525DSO_I2C_RecAck)
    i.MS5525DSO_I2C_RecByte                  0x08000c68   Section        0  i2c.o(i.MS5525DSO_I2C_RecByte)
    i.MS5525DSO_I2C_SDA_IN                   0x08000cb0   Section        0  i2c.o(i.MS5525DSO_I2C_SDA_IN)
    i.MS5525DSO_I2C_SDA_OUT                  0x08000cd8   Section        0  i2c.o(i.MS5525DSO_I2C_SDA_OUT)
    i.MS5525DSO_I2C_SendAck                  0x08000cfc   Section        0  i2c.o(i.MS5525DSO_I2C_SendAck)
    i.MS5525DSO_I2C_SendByte                 0x08000d28   Section        0  i2c.o(i.MS5525DSO_I2C_SendByte)
    i.MS5525DSO_I2C_SendNak                  0x08000d7c   Section        0  i2c.o(i.MS5525DSO_I2C_SendNak)
    i.MS5525DSO_I2C_Start                    0x08000da8   Section        0  i2c.o(i.MS5525DSO_I2C_Start)
    i.MS5525DSO_I2C_Stop                     0x08000ddc   Section        0  i2c.o(i.MS5525DSO_I2C_Stop)
    i.MS5525DSO_PROM_CX                      0x08000e08   Section        0  i2c.o(i.MS5525DSO_PROM_CX)
    i.MS5525DSO_prepare_to_read              0x08000e92   Section        0  i2c.o(i.MS5525DSO_prepare_to_read)
    i.MS5525DSO_readByte                     0x08000ecc   Section        0  i2c.o(i.MS5525DSO_readByte)
    i.MS5525DSO_sampling_data                0x08000f24   Section        0  ms5525dso_sampling_data.o(i.MS5525DSO_sampling_data)
    i.NMI_Handler                            0x08000fc4   Section        0  stm32f0xx_it.o(i.NMI_Handler)
    i.NVIC_Init                              0x08000fc8   Section        0  stm32f0xx_misc.o(i.NVIC_Init)
    i.PendSV_Handler                         0x08001038   Section        0  stm32f0xx_it.o(i.PendSV_Handler)
    i.RCC_ADCCLKConfig                       0x0800103c   Section        0  stm32f0xx_rcc.o(i.RCC_ADCCLKConfig)
    i.RCC_AHBPeriphClockCmd                  0x08001074   Section        0  stm32f0xx_rcc.o(i.RCC_AHBPeriphClockCmd)
    i.RCC_APB1PeriphResetCmd                 0x08001094   Section        0  stm32f0xx_rcc.o(i.RCC_APB1PeriphResetCmd)
    i.RCC_APB2PeriphClockCmd                 0x080010b4   Section        0  stm32f0xx_rcc.o(i.RCC_APB2PeriphClockCmd)
    i.RCC_APB2PeriphResetCmd                 0x080010d4   Section        0  stm32f0xx_rcc.o(i.RCC_APB2PeriphResetCmd)
    i.RCC_Configuration                      0x080010f4   Section        0  rcc_configure.o(i.RCC_Configuration)
    i.RCC_DeInit                             0x08001144   Section        0  stm32f0xx_rcc.o(i.RCC_DeInit)
    i.RCC_GetClocksFreq                      0x080011bc   Section        0  stm32f0xx_rcc.o(i.RCC_GetClocksFreq)
    i.RCC_GetFlagStatus                      0x08001404   Section        0  stm32f0xx_rcc.o(i.RCC_GetFlagStatus)
    i.RCC_GetSYSCLKSource                    0x0800144c   Section        0  stm32f0xx_rcc.o(i.RCC_GetSYSCLKSource)
    i.RCC_HCLKConfig                         0x0800145c   Section        0  stm32f0xx_rcc.o(i.RCC_HCLKConfig)
    i.RCC_PCLKConfig                         0x0800147c   Section        0  stm32f0xx_rcc.o(i.RCC_PCLKConfig)
    i.RCC_PLLCmd                             0x080014a0   Section        0  stm32f0xx_rcc.o(i.RCC_PLLCmd)
    i.RCC_PLLConfig                          0x080014c8   Section        0  stm32f0xx_rcc.o(i.RCC_PLLConfig)
    i.RCC_SYSCLKConfig                       0x080014ec   Section        0  stm32f0xx_rcc.o(i.RCC_SYSCLKConfig)
    i.SVC_Handler                            0x08001508   Section        0  stm32f0xx_it.o(i.SVC_Handler)
    i.SetSysClock                            0x0800150c   Section        0  system_stm32f0xx.o(i.SetSysClock)
    SetSysClock                              0x0800150d   Thumb Code   166  system_stm32f0xx.o(i.SetSysClock)
    i.SysTick_CLKSourceConfig                0x080015bc   Section        0  stm32f0xx_misc.o(i.SysTick_CLKSourceConfig)
    i.SysTick_Handler                        0x080015e0   Section        0  stm32f0xx_it.o(i.SysTick_Handler)
    i.SystemCoreClockUpdate                  0x080015e4   Section        0  system_stm32f0xx.o(i.SystemCoreClockUpdate)
    i.SystemInit                             0x08001694   Section        0  system_stm32f0xx.o(i.SystemInit)
    i.TIM16_IRQHandler                       0x08001710   Section        0  stm32f0xx_it.o(i.TIM16_IRQHandler)
    i.TIM_ClearFlag                          0x08001730   Section        0  stm32f0xx_tim.o(i.TIM_ClearFlag)
    i.TIM_ClearITPendingBit                  0x08001736   Section        0  stm32f0xx_tim.o(i.TIM_ClearITPendingBit)
    i.TIM_Cmd                                0x0800173c   Section        0  stm32f0xx_tim.o(i.TIM_Cmd)
    i.TIM_GetITStatus                        0x08001758   Section        0  stm32f0xx_tim.o(i.TIM_GetITStatus)
    i.TIM_ITConfig                           0x0800177e   Section        0  stm32f0xx_tim.o(i.TIM_ITConfig)
    i.TIM_TimeBaseInit                       0x08001794   Section        0  stm32f0xx_tim.o(i.TIM_TimeBaseInit)
    i.USART1_IRQHandler                      0x08001810   Section        0  stm32f0xx_it.o(i.USART1_IRQHandler)
    i.USART_Cmd                              0x0800181c   Section        0  stm32f0xx_usart.o(i.USART_Cmd)
    i.USART_DeInit                           0x08001834   Section        0  stm32f0xx_usart.o(i.USART_DeInit)
    i.USART_GetFlagStatus                    0x08001924   Section        0  stm32f0xx_usart.o(i.USART_GetFlagStatus)
    i.USART_Init                             0x08001938   Section        0  stm32f0xx_usart.o(i.USART_Init)
    i.USART_SendData                         0x08001a30   Section        0  stm32f0xx_usart.o(i.USART_SendData)
    i.__ARM_clz                              0x08001a38   Section        0  depilogue.o(i.__ARM_clz)
    i.__ARM_common_switch8                   0x08001a66   Section        0  i2c.o(i.__ARM_common_switch8)
    i.__scatterload_copy                     0x08001a82   Section       14  handlers.o(i.__scatterload_copy)
    i.__scatterload_null                     0x08001a90   Section        2  handlers.o(i.__scatterload_null)
    i.__scatterload_zeroinit                 0x08001a92   Section       14  handlers.o(i.__scatterload_zeroinit)
    i.__set_errno                            0x08001aa0   Section        0  errno.o(i.__set_errno)
    i.cal_MS5525DSO_data                     0x08001aac   Section        0  send_data_to_phone.o(i.cal_MS5525DSO_data)
    i.cal_diff_pressure_value                0x08001b30   Section        0  ms5525dso_sampling_data.o(i.cal_diff_pressure_value)
    i.cal_honeywell_data                     0x08001c54   Section        0  send_data_to_phone.o(i.cal_honeywell_data)
    i.delay_init                             0x08001c84   Section        0  delay.o(i.delay_init)
    i.delay_us                               0x08001cc0   Section        0  delay.o(i.delay_us)
    i.fill_buffer_send                       0x08001d14   Section        0  send_data_to_phone.o(i.fill_buffer_send)
    i.honeywell_readByte                     0x08001dbc   Section        0  i2c.o(i.honeywell_readByte)
    i.honeywell_sampling_data                0x08001e04   Section        0  honeywell_sampling_data.o(i.honeywell_sampling_data)
    i.init_hardware                          0x08001e7c   Section        0  hardware.o(i.init_hardware)
    i.init_task                              0x08001ea4   Section        0  app.o(i.init_task)
    i.init_tim                               0x08001edc   Section        0  hardware.o(i.init_tim)
    i.main                                   0x08001f44   Section        0  main.o(i.main)
    i.os_create_task                         0x08001f68   Section        0  os_core.o(i.os_create_task)
    i.os_delay_10us                          0x08001f98   Section        0  os_core.o(i.os_delay_10us)
    i.os_init                                0x08001fdc   Section        0  os_core.o(i.os_init)
    i.os_isr_ticks                           0x08001fe4   Section        0  os_core.o(i.os_isr_ticks)
    i.os_pend_task                           0x08001ff4   Section        0  os_core.o(i.os_pend_task)
    i.os_start                               0x08002014   Section        0  os_core.o(i.os_start)
    i.send_data_to_phone_task                0x08002090   Section        0  send_data_to_phone.o(i.send_data_to_phone_task)
    i.sqrt                                   0x08002220   Section        0  sqrt.o(i.sqrt)
    .data                                    0x20000000   Section       20  system_stm32f0xx.o(.data)
    .data                                    0x20000014   Section       16  stm32f0xx_rcc.o(.data)
    APBAHBPrescTable                         0x20000014   Data          16  stm32f0xx_rcc.o(.data)
    .data                                    0x20000024   Section        4  delay.o(.data)
    fac_us                                   0x20000024   Data           1  delay.o(.data)
    fac_ms                                   0x20000026   Data           2  delay.o(.data)
    .data                                    0x20000028   Section      188  comm_task.o(.data)
    b_timing_flag                            0x200000dc   Data           4  comm_task.o(.data)
    sPacketHeadFlag                          0x200000e0   Data           1  comm_task.o(.data)
    sPacketLenFlag                           0x200000e1   Data           1  comm_task.o(.data)
    sCurPacketLen                            0x200000e2   Data           1  comm_task.o(.data)
    sResetByte                               0x200000e3   Data           1  comm_task.o(.data)
    .data                                    0x200000e4   Section        6  key_power_on_task.o(.data)
    tmp                                      0x200000e8   Data           1  key_power_on_task.o(.data)
    wakeup_Cnt                               0x200000e9   Data           1  key_power_on_task.o(.data)
    .data                                    0x200000ec   Section       60  send_data_to_phone.o(.data)
    send_state                               0x200000f8   Data           1  send_data_to_phone.o(.data)
    b_initADC_sensor                         0x200000f9   Data           1  send_data_to_phone.o(.data)
    send_cnt                                 0x20000104   Data           2  send_data_to_phone.o(.data)
    honeywell_buff                           0x20000106   Data           8  send_data_to_phone.o(.data)
    MS5525DSO_buff                           0x2000010e   Data           8  send_data_to_phone.o(.data)
    diff                                     0x20000118   Data           4  send_data_to_phone.o(.data)
    result                                   0x2000011c   Data           4  send_data_to_phone.o(.data)
    debug_data                               0x20000120   Data           2  send_data_to_phone.o(.data)
    debug_data_cnt                           0x20000124   Data           4  send_data_to_phone.o(.data)
    .data                                    0x20000128   Section       12  honeywell_sampling_data.o(.data)
    honeywelldata                            0x20000128   Data           4  honeywell_sampling_data.o(.data)
    b_getHoneywellZeroPoint                  0x2000012c   Data           1  honeywell_sampling_data.o(.data)
    .data                                    0x20000138   Section       56  ms5525dso_sampling_data.o(.data)
    b_getMS5525DSO_ZeroPoint                 0x20000148   Data           1  ms5525dso_sampling_data.o(.data)
    dT                                       0x20000150   Data           8  ms5525dso_sampling_data.o(.data)
    TEMP                                     0x20000158   Data           8  ms5525dso_sampling_data.o(.data)
    OFF                                      0x20000160   Data           8  ms5525dso_sampling_data.o(.data)
    SENS                                     0x20000168   Data           8  ms5525dso_sampling_data.o(.data)
    .data                                    0x20000170   Section       12  os_core.o(.data)
    index                                    0x20000178   Data           4  os_core.o(.data)
    .data                                    0x2000017c   Section        4  errno.o(.data)
    _errno                                   0x2000017c   Data           4  errno.o(.data)
    .bss                                     0x20000180   Section       19  send_data_to_phone.o(.bss)
    buffer                                   0x20000180   Data          19  send_data_to_phone.o(.bss)
    .bss                                     0x20000194   Section      240  os_core.o(.bss)
    STACK                                    0x20000288   Section     1024  startup_stm32f070xb.o(STACK)

    Global Symbols

    Symbol Name                              Value     Ov Type        Size  Object(Section)

    BuildAttributes$$THM_ISAv3M$S$PE$A:L22$X:L11$S22$IEEE1$IW$USESV6$~STKCKD$USESV7$~SHL$OTIME$ROPI$IEEEJ$EBA8$MICROLIB$REQ8$PRES8$EABIv2 0x00000000   Number         0  anon$$obj.o ABSOLUTE
    __ARM_use_no_argv                        0x00000000   Number         0  main.o ABSOLUTE
    __cpp_initialize__aeabi_                  - Undefined Weak Reference
    __cxa_finalize                            - Undefined Weak Reference
    _clock_init                               - Undefined Weak Reference
    _microlib_exit                            - Undefined Weak Reference
    __Vectors_Size                           0x000000c0   Number         0  startup_stm32f070xb.o ABSOLUTE
    __Vectors                                0x08000000   Data           4  startup_stm32f070xb.o(RESET)
    __Vectors_End                            0x080000c0   Data           0  startup_stm32f070xb.o(RESET)
    __main                                   0x080000c1   Thumb Code     0  entry.o(.ARM.Collect$$$$00000000)
    _main_stk                                0x080000c1   Thumb Code     0  entry2.o(.ARM.Collect$$$$00000001)
    _main_scatterload                        0x080000c5   Thumb Code     0  entry5.o(.ARM.Collect$$$$00000004)
    __main_after_scatterload                 0x080000c9   Thumb Code     0  entry5.o(.ARM.Collect$$$$00000004)
    _main_clock                              0x080000c9   Thumb Code     0  entry7b.o(.ARM.Collect$$$$00000008)
    _main_cpp_init                           0x080000c9   Thumb Code     0  entry8b.o(.ARM.Collect$$$$0000000A)
    _main_init                               0x080000c9   Thumb Code     0  entry9a.o(.ARM.Collect$$$$0000000B)
    __rt_final_cpp                           0x080000d1   Thumb Code     0  entry10a.o(.ARM.Collect$$$$0000000D)
    __rt_final_exit                          0x080000d1   Thumb Code     0  entry11a.o(.ARM.Collect$$$$0000000F)
    Reset_Handler                            0x080000d5   Thumb Code    38  startup_stm32f070xb.o(.text)
    ADC1_IRQHandler                          0x08000105   Thumb Code     0  startup_stm32f070xb.o(.text)
    DMA1_Channel1_IRQHandler                 0x08000105   Thumb Code     0  startup_stm32f070xb.o(.text)
    DMA1_Channel2_3_IRQHandler               0x08000105   Thumb Code     0  startup_stm32f070xb.o(.text)
    DMA1_Channel4_5_IRQHandler               0x08000105   Thumb Code     0  startup_stm32f070xb.o(.text)
    EXTI2_3_IRQHandler                       0x08000105   Thumb Code     0  startup_stm32f070xb.o(.text)
    EXTI4_15_IRQHandler                      0x08000105   Thumb Code     0  startup_stm32f070xb.o(.text)
    FLASH_IRQHandler                         0x08000105   Thumb Code     0  startup_stm32f070xb.o(.text)
    I2C1_IRQHandler                          0x08000105   Thumb Code     0  startup_stm32f070xb.o(.text)
    I2C2_IRQHandler                          0x08000105   Thumb Code     0  startup_stm32f070xb.o(.text)
    RCC_IRQHandler                           0x08000105   Thumb Code     0  startup_stm32f070xb.o(.text)
    RTC_IRQHandler                           0x08000105   Thumb Code     0  startup_stm32f070xb.o(.text)
    SPI1_IRQHandler                          0x08000105   Thumb Code     0  startup_stm32f070xb.o(.text)
    SPI2_IRQHandler                          0x08000105   Thumb Code     0  startup_stm32f070xb.o(.text)
    TIM14_IRQHandler                         0x08000105   Thumb Code     0  startup_stm32f070xb.o(.text)
    TIM15_IRQHandler                         0x08000105   Thumb Code     0  startup_stm32f070xb.o(.text)
    TIM17_IRQHandler                         0x08000105   Thumb Code     0  startup_stm32f070xb.o(.text)
    TIM1_BRK_UP_TRG_COM_IRQHandler           0x08000105   Thumb Code     0  startup_stm32f070xb.o(.text)
    TIM1_CC_IRQHandler                       0x08000105   Thumb Code     0  startup_stm32f070xb.o(.text)
    TIM3_IRQHandler                          0x08000105   Thumb Code     0  startup_stm32f070xb.o(.text)
    TIM6_IRQHandler                          0x08000105   Thumb Code     0  startup_stm32f070xb.o(.text)
    TIM7_IRQHandler                          0x08000105   Thumb Code     0  startup_stm32f070xb.o(.text)
    USART2_IRQHandler                        0x08000105   Thumb Code     0  startup_stm32f070xb.o(.text)
    USART3_4_IRQHandler                      0x08000105   Thumb Code     0  startup_stm32f070xb.o(.text)
    USB_IRQHandler                           0x08000105   Thumb Code     0  startup_stm32f070xb.o(.text)
    WWDG_IRQHandler                          0x08000105   Thumb Code     0  startup_stm32f070xb.o(.text)
    __aeabi_uidiv                            0x0800012d   Thumb Code     0  uidiv.o(.text)
    __aeabi_uidivmod                         0x0800012d   Thumb Code    44  uidiv.o(.text)
    __aeabi_idiv                             0x08000159   Thumb Code     0  idiv.o(.text)
    __aeabi_idivmod                          0x08000159   Thumb Code    40  idiv.o(.text)
    __aeabi_lmul                             0x08000181   Thumb Code   122  llmul.o(.text)
    _ll_mul                                  0x08000181   Thumb Code     0  llmul.o(.text)
    __aeabi_dmul                             0x080001fd   Thumb Code   202  dmul.o(.text)
    __aeabi_ddiv                             0x080002cd   Thumb Code   234  ddiv.o(.text)
    __aeabi_i2d                              0x080003bd   Thumb Code    34  dflti.o(.text)
    __aeabi_d2iz                             0x080003e5   Thumb Code    62  dfixi.o(.text)
    __aeabi_llsl                             0x0800042d   Thumb Code    32  llshl.o(.text)
    _ll_shift_l                              0x0800042d   Thumb Code     0  llshl.o(.text)
    __aeabi_llsr                             0x0800044d   Thumb Code    34  llushr.o(.text)
    _ll_ushift_r                             0x0800044d   Thumb Code     0  llushr.o(.text)
    __I$use$fp                               0x0800046f   Thumb Code     0  iusefp.o(.text)
    _double_round                            0x0800046f   Thumb Code    26  depilogue.o(.text)
    _double_epilogue                         0x08000489   Thumb Code   164  depilogue.o(.text)
    _dsqrt                                   0x0800052d   Thumb Code   162  dsqrt.o(.text)
    __scatterload                            0x080005d1   Thumb Code    28  init.o(.text)
    __scatterload_rt2                        0x080005d1   Thumb Code     0  init.o(.text)
    __decompress                             0x080005f5   Thumb Code     0  __dczerorl2.o(.text)
    __decompress1                            0x080005f5   Thumb Code    86  __dczerorl2.o(.text)
    Delay_us                                 0x0800064b   Thumb Code    12  common.o(i.Delay_us)
    EXTI0_1_IRQHandler                       0x08000659   Thumb Code    26  key_power_on_task.o(i.EXTI0_1_IRQHandler)
    EXTI_ClearFlag                           0x08000679   Thumb Code     6  stm32f0xx_exti.o(i.EXTI_ClearFlag)
    EXTI_GetITStatus                         0x08000685   Thumb Code    22  stm32f0xx_exti.o(i.EXTI_GetITStatus)
    GPIO_Init                                0x080006a1   Thumb Code   144  stm32f0xx_gpio.o(i.GPIO_Init)
    GPIO_PinAFConfig                         0x08000731   Thumb Code    68  stm32f0xx_gpio.o(i.GPIO_PinAFConfig)
    GPIO_ResetBits                           0x08000775   Thumb Code     4  stm32f0xx_gpio.o(i.GPIO_ResetBits)
    GPIO_SetBits                             0x08000779   Thumb Code     4  stm32f0xx_gpio.o(i.GPIO_SetBits)
    HardFault_Handler                        0x0800077d   Thumb Code     4  stm32f0xx_it.o(i.HardFault_Handler)
    I2C_RecAck                               0x08000781   Thumb Code    76  i2c.o(i.I2C_RecAck)
    I2C_RecByte                              0x080007d1   Thumb Code    66  i2c.o(i.I2C_RecByte)
    I2C_SDA_IN                               0x08000819   Thumb Code    34  i2c.o(i.I2C_SDA_IN)
    I2C_SDA_OUT                              0x08000841   Thumb Code    32  i2c.o(i.I2C_SDA_OUT)
    I2C_SendAck                              0x08000865   Thumb Code    40  i2c.o(i.I2C_SendAck)
    I2C_SendByte                             0x08000891   Thumb Code    78  i2c.o(i.I2C_SendByte)
    I2C_SendNak                              0x080008e5   Thumb Code    38  i2c.o(i.I2C_SendNak)
    I2C_Start                                0x08000911   Thumb Code    46  i2c.o(i.I2C_Start)
    I2C_Stop                                 0x08000945   Thumb Code    38  i2c.o(i.I2C_Stop)
    I2C_uConfiguration                       0x08000971   Thumb Code    40  i2c.o(i.I2C_uConfiguration)
    Init_Blue_WIFI_ONOFF                     0x0800099d   Thumb Code    44  hardware.o(i.Init_Blue_WIFI_ONOFF)
    Init_LED                                 0x080009cd   Thumb Code    54  hardware.o(i.Init_LED)
    Init_MS5525DSO_sensor                    0x08000a09   Thumb Code    36  i2c.o(i.Init_MS5525DSO_sensor)
    Init_PWR_ON_OFF                          0x08000a2d   Thumb Code    20  hardware.o(i.Init_PWR_ON_OFF)
    Init_SENSOR_ONOFF                        0x08000a45   Thumb Code    42  hardware.o(i.Init_SENSOR_ONOFF)
    Init_UART_BLUETOOTH                      0x08000a75   Thumb Code   124  serial_port.o(i.Init_UART_BLUETOOTH)
    Init_honeywell_sensor                    0x08000af5   Thumb Code    56  i2c.o(i.Init_honeywell_sensor)
    Is_timing_X10us                          0x08000b2d   Thumb Code   162  comm_task.o(i.Is_timing_X10us)
    MS5525DSO_I2C_Configuration              0x08000bed   Thumb Code    40  i2c.o(i.MS5525DSO_I2C_Configuration)
    MS5525DSO_I2C_RecAck                     0x08000c19   Thumb Code    76  i2c.o(i.MS5525DSO_I2C_RecAck)
    MS5525DSO_I2C_RecByte                    0x08000c69   Thumb Code    66  i2c.o(i.MS5525DSO_I2C_RecByte)
    MS5525DSO_I2C_SDA_IN                     0x08000cb1   Thumb Code    34  i2c.o(i.MS5525DSO_I2C_SDA_IN)
    MS5525DSO_I2C_SDA_OUT                    0x08000cd9   Thumb Code    32  i2c.o(i.MS5525DSO_I2C_SDA_OUT)
    MS5525DSO_I2C_SendAck                    0x08000cfd   Thumb Code    40  i2c.o(i.MS5525DSO_I2C_SendAck)
    MS5525DSO_I2C_SendByte                   0x08000d29   Thumb Code    78  i2c.o(i.MS5525DSO_I2C_SendByte)
    MS5525DSO_I2C_SendNak                    0x08000d7d   Thumb Code    38  i2c.o(i.MS5525DSO_I2C_SendNak)
    MS5525DSO_I2C_Start                      0x08000da9   Thumb Code    46  i2c.o(i.MS5525DSO_I2C_Start)
    MS5525DSO_I2C_Stop                       0x08000ddd   Thumb Code    38  i2c.o(i.MS5525DSO_I2C_Stop)
    MS5525DSO_PROM_CX                        0x08000e09   Thumb Code   138  i2c.o(i.MS5525DSO_PROM_CX)
    MS5525DSO_prepare_to_read                0x08000e93   Thumb Code    58  i2c.o(i.MS5525DSO_prepare_to_read)
    MS5525DSO_readByte                       0x08000ecd   Thumb Code    88  i2c.o(i.MS5525DSO_readByte)
    MS5525DSO_sampling_data                  0x08000f25   Thumb Code   134  ms5525dso_sampling_data.o(i.MS5525DSO_sampling_data)
    NMI_Handler                              0x08000fc5   Thumb Code     2  stm32f0xx_it.o(i.NMI_Handler)
    NVIC_Init                                0x08000fc9   Thumb Code   106  stm32f0xx_misc.o(i.NVIC_Init)
    PendSV_Handler                           0x08001039   Thumb Code     2  stm32f0xx_it.o(i.PendSV_Handler)
    RCC_ADCCLKConfig                         0x0800103d   Thumb Code    52  stm32f0xx_rcc.o(i.RCC_ADCCLKConfig)
    RCC_AHBPeriphClockCmd                    0x08001075   Thumb Code    28  stm32f0xx_rcc.o(i.RCC_AHBPeriphClockCmd)
    RCC_APB1PeriphResetCmd                   0x08001095   Thumb Code    28  stm32f0xx_rcc.o(i.RCC_APB1PeriphResetCmd)
    RCC_APB2PeriphClockCmd                   0x080010b5   Thumb Code    28  stm32f0xx_rcc.o(i.RCC_APB2PeriphClockCmd)
    RCC_APB2PeriphResetCmd                   0x080010d5   Thumb Code    28  stm32f0xx_rcc.o(i.RCC_APB2PeriphResetCmd)
    RCC_Configuration                        0x080010f5   Thumb Code    74  rcc_configure.o(i.RCC_Configuration)
    RCC_DeInit                               0x08001145   Thumb Code   102  stm32f0xx_rcc.o(i.RCC_DeInit)
    RCC_GetClocksFreq                        0x080011bd   Thumb Code   554  stm32f0xx_rcc.o(i.RCC_GetClocksFreq)
    RCC_GetFlagStatus                        0x08001405   Thumb Code    68  stm32f0xx_rcc.o(i.RCC_GetFlagStatus)
    RCC_GetSYSCLKSource                      0x0800144d   Thumb Code    10  stm32f0xx_rcc.o(i.RCC_GetSYSCLKSource)
    RCC_HCLKConfig                           0x0800145d   Thumb Code    28  stm32f0xx_rcc.o(i.RCC_HCLKConfig)
    RCC_PCLKConfig                           0x0800147d   Thumb Code    30  stm32f0xx_rcc.o(i.RCC_PCLKConfig)
    RCC_PLLCmd                               0x080014a1   Thumb Code    36  stm32f0xx_rcc.o(i.RCC_PLLCmd)
    RCC_PLLConfig                            0x080014c9   Thumb Code    30  stm32f0xx_rcc.o(i.RCC_PLLConfig)
    RCC_SYSCLKConfig                         0x080014ed   Thumb Code    24  stm32f0xx_rcc.o(i.RCC_SYSCLKConfig)
    SVC_Handler                              0x08001509   Thumb Code     2  stm32f0xx_it.o(i.SVC_Handler)
    SysTick_CLKSourceConfig                  0x080015bd   Thumb Code    32  stm32f0xx_misc.o(i.SysTick_CLKSourceConfig)
    SysTick_Handler                          0x080015e1   Thumb Code     2  stm32f0xx_it.o(i.SysTick_Handler)
    SystemCoreClockUpdate                    0x080015e5   Thumb Code   154  system_stm32f0xx.o(i.SystemCoreClockUpdate)
    SystemInit                               0x08001695   Thumb Code   110  system_stm32f0xx.o(i.SystemInit)
    TIM16_IRQHandler                         0x08001711   Thumb Code    28  stm32f0xx_it.o(i.TIM16_IRQHandler)
    TIM_ClearFlag                            0x08001731   Thumb Code     6  stm32f0xx_tim.o(i.TIM_ClearFlag)
    TIM_ClearITPendingBit                    0x08001737   Thumb Code     6  stm32f0xx_tim.o(i.TIM_ClearITPendingBit)
    TIM_Cmd                                  0x0800173d   Thumb Code    24  stm32f0xx_tim.o(i.TIM_Cmd)
    TIM_GetITStatus                          0x08001759   Thumb Code    38  stm32f0xx_tim.o(i.TIM_GetITStatus)
    TIM_ITConfig                             0x0800177f   Thumb Code    20  stm32f0xx_tim.o(i.TIM_ITConfig)
    TIM_TimeBaseInit                         0x08001795   Thumb Code    90  stm32f0xx_tim.o(i.TIM_TimeBaseInit)
    USART1_IRQHandler                        0x08001811   Thumb Code     6  stm32f0xx_it.o(i.USART1_IRQHandler)
    USART_Cmd                                0x0800181d   Thumb Code    24  stm32f0xx_usart.o(i.USART_Cmd)
    USART_DeInit                             0x08001835   Thumb Code   206  stm32f0xx_usart.o(i.USART_DeInit)
    USART_GetFlagStatus                      0x08001925   Thumb Code    20  stm32f0xx_usart.o(i.USART_GetFlagStatus)
    USART_Init                               0x08001939   Thumb Code   226  stm32f0xx_usart.o(i.USART_Init)
    USART_SendData                           0x08001a31   Thumb Code     8  stm32f0xx_usart.o(i.USART_SendData)
    __ARM_clz                                0x08001a39   Thumb Code    46  depilogue.o(i.__ARM_clz)
    __ARM_common_switch8                     0x08001a67   Thumb Code    28  i2c.o(i.__ARM_common_switch8)
    __scatterload_copy                       0x08001a83   Thumb Code    14  handlers.o(i.__scatterload_copy)
    __scatterload_null                       0x08001a91   Thumb Code     2  handlers.o(i.__scatterload_null)
    __scatterload_zeroinit                   0x08001a93   Thumb Code    14  handlers.o(i.__scatterload_zeroinit)
    __set_errno                              0x08001aa1   Thumb Code     6  errno.o(i.__set_errno)
    cal_MS5525DSO_data                       0x08001aad   Thumb Code   108  send_data_to_phone.o(i.cal_MS5525DSO_data)
    cal_diff_pressure_value                  0x08001b31   Thumb Code   242  ms5525dso_sampling_data.o(i.cal_diff_pressure_value)
    cal_honeywell_data                       0x08001c55   Thumb Code    40  send_data_to_phone.o(i.cal_honeywell_data)
    delay_init                               0x08001c85   Thumb Code    44  delay.o(i.delay_init)
    delay_us                                 0x08001cc1   Thumb Code    74  delay.o(i.delay_us)
    fill_buffer_send                         0x08001d15   Thumb Code   160  send_data_to_phone.o(i.fill_buffer_send)
    honeywell_readByte                       0x08001dbd   Thumb Code    70  i2c.o(i.honeywell_readByte)
    honeywell_sampling_data                  0x08001e05   Thumb Code   102  honeywell_sampling_data.o(i.honeywell_sampling_data)
    init_hardware                            0x08001e7d   Thumb Code    38  hardware.o(i.init_hardware)
    init_task                                0x08001ea5   Thumb Code    44  app.o(i.init_task)
    init_tim                                 0x08001edd   Thumb Code    90  hardware.o(i.init_tim)
    main                                     0x08001f45   Thumb Code    32  main.o(i.main)
    os_create_task                           0x08001f69   Thumb Code    44  os_core.o(i.os_create_task)
    os_delay_10us                            0x08001f99   Thumb Code    54  os_core.o(i.os_delay_10us)
    os_init                                  0x08001fdd   Thumb Code     8  os_core.o(i.os_init)
    os_isr_ticks                             0x08001fe5   Thumb Code    12  os_core.o(i.os_isr_ticks)
    os_pend_task                             0x08001ff5   Thumb Code    28  os_core.o(i.os_pend_task)
    os_start                                 0x08002015   Thumb Code   110  os_core.o(i.os_start)
    send_data_to_phone_task                  0x08002091   Thumb Code   318  send_data_to_phone.o(i.send_data_to_phone_task)
    sqrt                                     0x08002221   Thumb Code    66  sqrt.o(i.sqrt)
    Region$$Table$$Base                      0x08002268   Number         0  anon$$obj.o(Region$$Table)
    Region$$Table$$Limit                     0x08002288   Number         0  anon$$obj.o(Region$$Table)
    SystemCoreClock                          0x20000000   Data           4  system_stm32f0xx.o(.data)
    AHBPrescTable                            0x20000004   Data          16  system_stm32f0xx.o(.data)
    check_sum                                0x20000028   Data           2  comm_task.o(.data)
    b_release_gas                            0x2000002a   Data           1  comm_task.o(.data)
    b_palm_checked                           0x2000002b   Data           1  comm_task.o(.data)
    b_bat_detected_ok                        0x2000002c   Data           1  comm_task.o(.data)
    b_no_hand_in_place                       0x2000002d   Data           1  comm_task.o(.data)
    b_end_of_treatment                       0x2000002e   Data           1  comm_task.o(.data)
    detectPalm_cnt                           0x20000030   Data           4  comm_task.o(.data)
    noPalm_cnt                               0x20000034   Data           4  comm_task.o(.data)
    DELAY_BEFORE_START_timing_flag           0x20000038   Data           1  comm_task.o(.data)
    DELAY_1000us_1_timing_flag               0x20000039   Data           1  comm_task.o(.data)
    DELAY_1000us_2_timing_flag               0x2000003a   Data           1  comm_task.o(.data)
    DELAY_3000us_timing_flag                 0x2000003b   Data           1  comm_task.o(.data)
    prev_DELAY_1000us_1_os_tick              0x2000003c   Data           4  comm_task.o(.data)
    prev_DELAY_1000us_2_os_tick              0x20000040   Data           4  comm_task.o(.data)
    prev_DELAY_3000us_os_tick                0x20000044   Data           4  comm_task.o(.data)
    HONEYWELL_DELAY_5000us_timing_flag       0x20000048   Data           1  comm_task.o(.data)
    prev_HONEYWELL_DELAY_5000us_os_tick      0x2000004c   Data           4  comm_task.o(.data)
    led_bink_timing_flag                     0x20000050   Data           1  comm_task.o(.data)
    beep_timing_flag                         0x20000051   Data           1  comm_task.o(.data)
    usb_charge_timing_flag                   0x20000052   Data           1  comm_task.o(.data)
    key_Press_or_Release_timing_flag         0x20000053   Data           1  comm_task.o(.data)
    key_self_test_timing_flag                0x20000054   Data           1  comm_task.o(.data)
    b_releaseGas_timing_flag                 0x20000055   Data           1  comm_task.o(.data)
    b_check_bnt_release                      0x20000056   Data           1  comm_task.o(.data)
    led_bink_cnt                             0x20000058   Data           2  comm_task.o(.data)
    beep_cnt                                 0x2000005a   Data           2  comm_task.o(.data)
    delay_cnt                                0x2000005c   Data           2  comm_task.o(.data)
    b_Motor_Ready2Shake                      0x2000005e   Data           1  comm_task.o(.data)
    b_Motor_shake                            0x2000005f   Data           1  comm_task.o(.data)
    prev_releaseGas_os_tick                  0x20000060   Data           4  comm_task.o(.data)
    prev_ledBlink_os_tick                    0x20000064   Data           4  comm_task.o(.data)
    prev_selfTest_os_tick                    0x20000068   Data           4  comm_task.o(.data)
    prev_keyPressOrRelease_os_tick           0x2000006c   Data           4  comm_task.o(.data)
    prev_usbCharge_os_tick                   0x20000070   Data           4  comm_task.o(.data)
    prev_beep_os_tick                        0x20000074   Data           4  comm_task.o(.data)
    prev_WaitBeforeStart_os_tick             0x20000078   Data           4  comm_task.o(.data)
    prev_DELAY_BEFORE_START_os_tick          0x2000007c   Data           4  comm_task.o(.data)
    prev_DELAY_3ms_os_tick                   0x20000080   Data           4  comm_task.o(.data)
    prev_DELAY_6ms_os_tick                   0x20000084   Data           4  comm_task.o(.data)
    prev_DELAY_24ms_os_tick                  0x20000088   Data           4  comm_task.o(.data)
    prev_PWM4_os_tick                        0x2000008c   Data           4  comm_task.o(.data)
    prev_PWM5_os_tick                        0x20000090   Data           4  comm_task.o(.data)
    p_prev_os_tick                           0x20000094   Data           4  comm_task.o(.data)
    mode                                     0x20000098   Data           1  comm_task.o(.data)
    pwm1_state                               0x20000099   Data           1  comm_task.o(.data)
    pwm2_state                               0x2000009a   Data           1  comm_task.o(.data)
    pwm3_state                               0x2000009b   Data           1  comm_task.o(.data)
    PWM_waitBeforeStart_cnt                  0x2000009c   Data           2  comm_task.o(.data)
    PWM1_numOfCycle                          0x2000009e   Data           1  comm_task.o(.data)
    PWM2_numOfCycle                          0x2000009f   Data           1  comm_task.o(.data)
    PWM3_numOfCycle                          0x200000a0   Data           1  comm_task.o(.data)
    PWM1_serial_cnt                          0x200000a1   Data           1  comm_task.o(.data)
    PWM2_serial_cnt                          0x200000a2   Data           1  comm_task.o(.data)
    PWM3_serial_cnt                          0x200000a3   Data           1  comm_task.o(.data)
    state                                    0x200000a4   Data           1  comm_task.o(.data)
    checkPressAgain_cnt                      0x200000a6   Data           2  comm_task.o(.data)
    wait_cnt                                 0x200000a8   Data           1  comm_task.o(.data)
    b_self_test                              0x200000a9   Data           1  comm_task.o(.data)
    b_Palm_check_complited                   0x200000aa   Data           1  comm_task.o(.data)
    usb_charging_state                       0x200000ab   Data           1  comm_task.o(.data)
    b_usb_push_in                            0x200000ac   Data           1  comm_task.o(.data)
    b_usb_pull_up                            0x200000ad   Data           1  comm_task.o(.data)
    b_stop_current_works                     0x200000ae   Data           1  comm_task.o(.data)
    b_LED_ON_in_turn                         0x200000af   Data           1  comm_task.o(.data)
    self_tet_state                           0x200000b0   Data           1  comm_task.o(.data)
    led_In_Turn_state                        0x200000b1   Data           1  comm_task.o(.data)
    selfTest_delay_Cnt                       0x200000b2   Data           1  comm_task.o(.data)
    nLED_ON_in_turn                          0x200000b3   Data           1  comm_task.o(.data)
    inflate_cnt                              0x200000b4   Data           2  comm_task.o(.data)
    hold_cnt                                 0x200000b6   Data           2  comm_task.o(.data)
    deflate_cnt                              0x200000b8   Data           1  comm_task.o(.data)
    sample_cnt                               0x200000b9   Data           1  comm_task.o(.data)
    sample_sum                               0x200000bc   Data           4  comm_task.o(.data)
    led_state                                0x200000c0   Data           1  comm_task.o(.data)
    beep_state                               0x200000c1   Data           1  comm_task.o(.data)
    led_beep_ID                              0x200000c2   Data           1  comm_task.o(.data)
    selfTest_inflate_record_1                0x200000c4   Data           2  comm_task.o(.data)
    selfTest_inflate_record_2                0x200000c6   Data           2  comm_task.o(.data)
    selfTest_hold_record_1                   0x200000c8   Data           2  comm_task.o(.data)
    selfTest_hold_record_2                   0x200000ca   Data           2  comm_task.o(.data)
    selfTest_deflate_record_1                0x200000cc   Data           2  comm_task.o(.data)
    selfTest_deflate_record_2                0x200000ce   Data           2  comm_task.o(.data)
    selfTest_fail_Cnt                        0x200000d0   Data           1  comm_task.o(.data)
    selfTest_fail_period_H                   0x200000d1   Data           1  comm_task.o(.data)
    selfTest_fail_period_L                   0x200000d2   Data           1  comm_task.o(.data)
    selfTest_end_Cnt                         0x200000d3   Data           1  comm_task.o(.data)
    b_detect_hand_before_system_running      0x200000d4   Data           1  comm_task.o(.data)
    wait_between_total_cnt                   0x200000d6   Data           2  comm_task.o(.data)
    value                                    0x200000d8   Data           1  comm_task.o(.data)
    usb_detect_state                         0x200000e4   Data           1  key_power_on_task.o(.data)
    mcu_state                                0x200000e5   Data           1  key_power_on_task.o(.data)
    b_Is_PCB_PowerOn                         0x200000e6   Data           1  key_power_on_task.o(.data)
    key_state                                0x200000e7   Data           1  key_power_on_task.o(.data)
    c1                                       0x200000ec   Data           2  send_data_to_phone.o(.data)
    c2                                       0x200000ee   Data           2  send_data_to_phone.o(.data)
    c3                                       0x200000f0   Data           2  send_data_to_phone.o(.data)
    c4                                       0x200000f2   Data           2  send_data_to_phone.o(.data)
    c5                                       0x200000f4   Data           2  send_data_to_phone.o(.data)
    c6                                       0x200000f6   Data           2  send_data_to_phone.o(.data)
    honeywell_data                           0x200000fc   Data           4  send_data_to_phone.o(.data)
    p_diff                                   0x20000100   Data           4  send_data_to_phone.o(.data)
    honeywell_state                          0x2000012d   Data           1  honeywell_sampling_data.o(.data)
    HONEYWELL_ZERO_POINT                     0x20000130   Data           4  honeywell_sampling_data.o(.data)
    d1                                       0x20000138   Data           4  ms5525dso_sampling_data.o(.data)
    d2                                       0x2000013c   Data           4  ms5525dso_sampling_data.o(.data)
    MS5525DSO_state                          0x20000140   Data           1  ms5525dso_sampling_data.o(.data)
    MS5525DSO_ZERO_POINT                     0x20000144   Data           4  ms5525dso_sampling_data.o(.data)
    os_ticks                                 0x20000170   Data           4  os_core.o(.data)
    prev_pwm_tick_cnt                        0x20000174   Data           2  os_core.o(.data)
    pwm_tick_cnt                             0x20000176   Data           2  os_core.o(.data)
    task_array                               0x20000194   Data         240  os_core.o(.bss)
    __initial_sp                             0x20000688   Data           0  startup_stm32f070xb.o(STACK)



==============================================================================

Memory Map of the image

  Image Entry point : 0x080000c1

  Load Region LR_IROM1 (Base: 0x08000000, Size: 0x00002408, Max: 0x00020000, ABSOLUTE, COMPRESSED[0x000022c0])

    Execution Region ER_IROM1 (Base: 0x08000000, Size: 0x00002288, Max: 0x00020000, ABSOLUTE)

    Base Addr    Size         Type   Attr      Idx    E Section Name        Object

    0x08000000   0x000000c0   Data   RO            3    RESET               startup_stm32f070xb.o
    0x080000c0   0x00000000   Code   RO         5393  * .ARM.Collect$$$$00000000  mc_p.l(entry.o)
    0x080000c0   0x00000004   Code   RO         5416    .ARM.Collect$$$$00000001  mc_p.l(entry2.o)
    0x080000c4   0x00000004   Code   RO         5419    .ARM.Collect$$$$00000004  mc_p.l(entry5.o)
    0x080000c8   0x00000000   Code   RO         5421    .ARM.Collect$$$$00000008  mc_p.l(entry7b.o)
    0x080000c8   0x00000000   Code   RO         5423    .ARM.Collect$$$$0000000A  mc_p.l(entry8b.o)
    0x080000c8   0x00000008   Code   RO         5424    .ARM.Collect$$$$0000000B  mc_p.l(entry9a.o)
    0x080000d0   0x00000000   Code   RO         5426    .ARM.Collect$$$$0000000D  mc_p.l(entry10a.o)
    0x080000d0   0x00000000   Code   RO         5428    .ARM.Collect$$$$0000000F  mc_p.l(entry11a.o)
    0x080000d0   0x00000004   Code   RO         5417    .ARM.Collect$$$$00002712  mc_p.l(entry2.o)
    0x080000d4   0x00000058   Code   RO            4    .text               startup_stm32f070xb.o
    0x0800012c   0x0000002c   Code   RO         5396    .text               mc_p.l(uidiv.o)
    0x08000158   0x00000028   Code   RO         5398    .text               mc_p.l(idiv.o)
    0x08000180   0x0000007a   Code   RO         5400    .text               mc_p.l(llmul.o)
    0x080001fa   0x00000002   PAD
    0x080001fc   0x000000d0   Code   RO         5408    .text               mf_p.l(dmul.o)
    0x080002cc   0x000000f0   Code   RO         5410    .text               mf_p.l(ddiv.o)
    0x080003bc   0x00000028   Code   RO         5412    .text               mf_p.l(dflti.o)
    0x080003e4   0x00000048   Code   RO         5414    .text               mf_p.l(dfixi.o)
    0x0800042c   0x00000020   Code   RO         5430    .text               mc_p.l(llshl.o)
    0x0800044c   0x00000022   Code   RO         5432    .text               mc_p.l(llushr.o)
    0x0800046e   0x00000000   Code   RO         5441    .text               mc_p.l(iusefp.o)
    0x0800046e   0x000000be   Code   RO         5442    .text               mf_p.l(depilogue.o)
    0x0800052c   0x000000a2   Code   RO         5446    .text               mf_p.l(dsqrt.o)
    0x080005ce   0x00000002   PAD
    0x080005d0   0x00000024   Code   RO         5450    .text               mc_p.l(init.o)
    0x080005f4   0x00000056   Code   RO         5460    .text               mc_p.l(__dczerorl2.o)
    0x0800064a   0x0000000c   Code   RO         4784    i.Delay_us          common.o
    0x08000656   0x00000002   PAD
    0x08000658   0x00000020   Code   RO         5008    i.EXTI0_1_IRQHandler  key_power_on_task.o
    0x08000678   0x0000000c   Code   RO          491    i.EXTI_ClearFlag    stm32f0xx_exti.o
    0x08000684   0x0000001c   Code   RO          496    i.EXTI_GetITStatus  stm32f0xx_exti.o
    0x080006a0   0x00000090   Code   RO         2285    i.GPIO_Init         stm32f0xx_gpio.o
    0x08000730   0x00000044   Code   RO         2286    i.GPIO_PinAFConfig  stm32f0xx_gpio.o
    0x08000774   0x00000004   Code   RO         2292    i.GPIO_ResetBits    stm32f0xx_gpio.o
    0x08000778   0x00000004   Code   RO         2293    i.GPIO_SetBits      stm32f0xx_gpio.o
    0x0800077c   0x00000004   Code   RO          234    i.HardFault_Handler  stm32f0xx_it.o
    0x08000780   0x00000050   Code   RO         4822    i.I2C_RecAck        i2c.o
    0x080007d0   0x00000048   Code   RO         4823    i.I2C_RecByte       i2c.o
    0x08000818   0x00000028   Code   RO         4824    i.I2C_SDA_IN        i2c.o
    0x08000840   0x00000024   Code   RO         4825    i.I2C_SDA_OUT       i2c.o
    0x08000864   0x0000002c   Code   RO         4826    i.I2C_SendAck       i2c.o
    0x08000890   0x00000054   Code   RO         4827    i.I2C_SendByte      i2c.o
    0x080008e4   0x0000002c   Code   RO         4828    i.I2C_SendNak       i2c.o
    0x08000910   0x00000034   Code   RO         4829    i.I2C_Start         i2c.o
    0x08000944   0x0000002c   Code   RO         4830    i.I2C_Stop          i2c.o
    0x08000970   0x0000002c   Code   RO         4831    i.I2C_uConfiguration  i2c.o
    0x0800099c   0x00000030   Code   RO         4326    i.Init_Blue_WIFI_ONOFF  hardware.o
    0x080009cc   0x0000003c   Code   RO         4328    i.Init_LED          hardware.o
    0x08000a08   0x00000024   Code   RO         4832    i.Init_MS5525DSO_sensor  i2c.o
    0x08000a2c   0x00000018   Code   RO         4331    i.Init_PWR_ON_OFF   hardware.o
    0x08000a44   0x00000030   Code   RO         4332    i.Init_SENSOR_ONOFF  hardware.o
    0x08000a74   0x00000080   Code   RO         4088    i.Init_UART_BLUETOOTH  serial_port.o
    0x08000af4   0x00000038   Code   RO         4833    i.Init_honeywell_sensor  i2c.o
    0x08000b2c   0x000000c0   Code   RO         4641    i.Is_timing_X10us   comm_task.o
    0x08000bec   0x0000002c   Code   RO         4834    i.MS5525DSO_I2C_Configuration  i2c.o
    0x08000c18   0x00000050   Code   RO         4835    i.MS5525DSO_I2C_RecAck  i2c.o
    0x08000c68   0x00000048   Code   RO         4836    i.MS5525DSO_I2C_RecByte  i2c.o
    0x08000cb0   0x00000028   Code   RO         4837    i.MS5525DSO_I2C_SDA_IN  i2c.o
    0x08000cd8   0x00000024   Code   RO         4838    i.MS5525DSO_I2C_SDA_OUT  i2c.o
    0x08000cfc   0x0000002c   Code   RO         4839    i.MS5525DSO_I2C_SendAck  i2c.o
    0x08000d28   0x00000054   Code   RO         4840    i.MS5525DSO_I2C_SendByte  i2c.o
    0x08000d7c   0x0000002c   Code   RO         4841    i.MS5525DSO_I2C_SendNak  i2c.o
    0x08000da8   0x00000034   Code   RO         4842    i.MS5525DSO_I2C_Start  i2c.o
    0x08000ddc   0x0000002c   Code   RO         4843    i.MS5525DSO_I2C_Stop  i2c.o
    0x08000e08   0x0000008a   Code   RO         4844    i.MS5525DSO_PROM_CX  i2c.o
    0x08000e92   0x0000003a   Code   RO         4845    i.MS5525DSO_prepare_to_read  i2c.o
    0x08000ecc   0x00000058   Code   RO         4846    i.MS5525DSO_readByte  i2c.o
    0x08000f24   0x000000a0   Code   RO         5156    i.MS5525DSO_sampling_data  ms5525dso_sampling_data.o
    0x08000fc4   0x00000002   Code   RO          235    i.NMI_Handler       stm32f0xx_it.o
    0x08000fc6   0x00000002   PAD
    0x08000fc8   0x00000070   Code   RO         3018    i.NVIC_Init         stm32f0xx_misc.o
    0x08001038   0x00000002   Code   RO          236    i.PendSV_Handler    stm32f0xx_it.o
    0x0800103a   0x00000002   PAD
    0x0800103c   0x00000038   Code   RO         1600    i.RCC_ADCCLKConfig  stm32f0xx_rcc.o
    0x08001074   0x00000020   Code   RO         1601    i.RCC_AHBPeriphClockCmd  stm32f0xx_rcc.o
    0x08001094   0x00000020   Code   RO         1604    i.RCC_APB1PeriphResetCmd  stm32f0xx_rcc.o
    0x080010b4   0x00000020   Code   RO         1605    i.RCC_APB2PeriphClockCmd  stm32f0xx_rcc.o
    0x080010d4   0x00000020   Code   RO         1606    i.RCC_APB2PeriphResetCmd  stm32f0xx_rcc.o
    0x080010f4   0x00000050   Code   RO          388    i.RCC_Configuration  rcc_configure.o
    0x08001144   0x00000078   Code   RO         1614    i.RCC_DeInit        stm32f0xx_rcc.o
    0x080011bc   0x00000248   Code   RO         1615    i.RCC_GetClocksFreq  stm32f0xx_rcc.o
    0x08001404   0x00000048   Code   RO         1616    i.RCC_GetFlagStatus  stm32f0xx_rcc.o
    0x0800144c   0x00000010   Code   RO         1618    i.RCC_GetSYSCLKSource  stm32f0xx_rcc.o
    0x0800145c   0x00000020   Code   RO         1619    i.RCC_HCLKConfig    stm32f0xx_rcc.o
    0x0800147c   0x00000024   Code   RO         1631    i.RCC_PCLKConfig    stm32f0xx_rcc.o
    0x080014a0   0x00000028   Code   RO         1632    i.RCC_PLLCmd        stm32f0xx_rcc.o
    0x080014c8   0x00000024   Code   RO         1633    i.RCC_PLLConfig     stm32f0xx_rcc.o
    0x080014ec   0x0000001c   Code   RO         1637    i.RCC_SYSCLKConfig  stm32f0xx_rcc.o
    0x08001508   0x00000002   Code   RO          237    i.SVC_Handler       stm32f0xx_it.o
    0x0800150a   0x00000002   PAD
    0x0800150c   0x000000b0   Code   RO           12    i.SetSysClock       system_stm32f0xx.o
    0x080015bc   0x00000024   Code   RO         3020    i.SysTick_CLKSourceConfig  stm32f0xx_misc.o
    0x080015e0   0x00000002   Code   RO          238    i.SysTick_Handler   stm32f0xx_it.o
    0x080015e2   0x00000002   PAD
    0x080015e4   0x000000b0   Code   RO           13    i.SystemCoreClockUpdate  system_stm32f0xx.o
    0x08001694   0x0000007c   Code   RO           14    i.SystemInit        system_stm32f0xx.o
    0x08001710   0x00000020   Code   RO          239    i.TIM16_IRQHandler  stm32f0xx_it.o
    0x08001730   0x00000006   Code   RO         3063    i.TIM_ClearFlag     stm32f0xx_tim.o
    0x08001736   0x00000006   Code   RO         3064    i.TIM_ClearITPendingBit  stm32f0xx_tim.o
    0x0800173c   0x0000001c   Code   RO         3069    i.TIM_Cmd           stm32f0xx_tim.o
    0x08001758   0x00000026   Code   RO         3090    i.TIM_GetITStatus   stm32f0xx_tim.o
    0x0800177e   0x00000014   Code   RO         3094    i.TIM_ITConfig      stm32f0xx_tim.o
    0x08001792   0x00000002   PAD
    0x08001794   0x0000007c   Code   RO         3142    i.TIM_TimeBaseInit  stm32f0xx_tim.o
    0x08001810   0x0000000c   Code   RO          240    i.USART1_IRQHandler  stm32f0xx_it.o
    0x0800181c   0x00000018   Code   RO          840    i.USART_Cmd         stm32f0xx_usart.o
    0x08001834   0x000000f0   Code   RO          846    i.USART_DeInit      stm32f0xx_usart.o
    0x08001924   0x00000014   Code   RO          848    i.USART_GetFlagStatus  stm32f0xx_usart.o
    0x08001938   0x000000f8   Code   RO          852    i.USART_Init        stm32f0xx_usart.o
    0x08001a30   0x00000008   Code   RO          869    i.USART_SendData    stm32f0xx_usart.o
    0x08001a38   0x0000002e   Code   RO         5444    i.__ARM_clz         mf_p.l(depilogue.o)
    0x08001a66   0x0000001c   Code   RO         4998    i.__ARM_common_switch8  i2c.o
    0x08001a82   0x0000000e   Code   RO         5454    i.__scatterload_copy  mc_p.l(handlers.o)
    0x08001a90   0x00000002   Code   RO         5455    i.__scatterload_null  mc_p.l(handlers.o)
    0x08001a92   0x0000000e   Code   RO         5456    i.__scatterload_zeroinit  mc_p.l(handlers.o)
    0x08001aa0   0x0000000c   Code   RO         5436    i.__set_errno       mc_p.l(errno.o)
    0x08001aac   0x00000084   Code   RO         5080    i.cal_MS5525DSO_data  send_data_to_phone.o
    0x08001b30   0x00000124   Code   RO         5157    i.cal_diff_pressure_value  ms5525dso_sampling_data.o
    0x08001c54   0x00000030   Code   RO         5081    i.cal_honeywell_data  send_data_to_phone.o
    0x08001c84   0x0000003c   Code   RO         4049    i.delay_init        delay.o
    0x08001cc0   0x00000054   Code   RO         4051    i.delay_us          delay.o
    0x08001d14   0x000000a8   Code   RO         5082    i.fill_buffer_send  send_data_to_phone.o
    0x08001dbc   0x00000046   Code   RO         4847    i.honeywell_readByte  i2c.o
    0x08001e02   0x00000002   PAD
    0x08001e04   0x00000078   Code   RO         5133    i.honeywell_sampling_data  honeywell_sampling_data.o
    0x08001e7c   0x00000026   Code   RO         4344    i.init_hardware     hardware.o
    0x08001ea2   0x00000002   PAD
    0x08001ea4   0x00000038   Code   RO         4575    i.init_task         app.o
    0x08001edc   0x00000068   Code   RO         4345    i.init_tim          hardware.o
    0x08001f44   0x00000024   Code   RO          137    i.main              main.o
    0x08001f68   0x00000030   Code   RO         5187    i.os_create_task    os_core.o
    0x08001f98   0x00000044   Code   RO         5189    i.os_delay_10us     os_core.o
    0x08001fdc   0x00000008   Code   RO         5191    i.os_init           os_core.o
    0x08001fe4   0x00000010   Code   RO         5192    i.os_isr_ticks      os_core.o
    0x08001ff4   0x00000020   Code   RO         5193    i.os_pend_task      os_core.o
    0x08002014   0x0000007c   Code   RO         5195    i.os_start          os_core.o
    0x08002090   0x00000190   Code   RO         5083    i.send_data_to_phone_task  send_data_to_phone.o
    0x08002220   0x00000048   Code   RO         5386    i.sqrt              m_ps.l(sqrt.o)
    0x08002268   0x00000020   Data   RO         5452    Region$$Table       anon$$obj.o


    Execution Region RW_IRAM1 (Base: 0x20000000, Size: 0x00000688, Max: 0x00004000, ABSOLUTE, COMPRESSED[0x00000038])

    Base Addr    Size         Type   Attr      Idx    E Section Name        Object

    0x20000000   0x00000014   Data   RW           15    .data               system_stm32f0xx.o
    0x20000014   0x00000010   Data   RW         1641    .data               stm32f0xx_rcc.o
    0x20000024   0x00000004   Data   RW         4052    .data               delay.o
    0x20000028   0x000000bc   Data   RW         4646    .data               comm_task.o
    0x200000e4   0x00000006   Data   RW         5014    .data               key_power_on_task.o
    0x200000ea   0x00000002   PAD
    0x200000ec   0x0000003c   Data   RW         5085    .data               send_data_to_phone.o
    0x20000128   0x0000000c   Data   RW         5134    .data               honeywell_sampling_data.o
    0x20000134   0x00000004   PAD
    0x20000138   0x00000038   Data   RW         5158    .data               ms5525dso_sampling_data.o
    0x20000170   0x0000000c   Data   RW         5197    .data               os_core.o
    0x2000017c   0x00000004   Data   RW         5437    .data               mc_p.l(errno.o)
    0x20000180   0x00000013   Zero   RW         5084    .bss                send_data_to_phone.o
    0x20000193   0x00000001   PAD
    0x20000194   0x000000f0   Zero   RW         5196    .bss                os_core.o
    0x20000284   0x00000004   PAD
    0x20000288   0x00000400   Zero   RW            1    STACK               startup_stm32f070xb.o


==============================================================================

Image component sizes


      Code (inc. data)   RO Data    RW Data    ZI Data      Debug   Object Name

        56         12          0          0          0       4175   app.o
       192         30          0        188          0      14030   comm_task.o
        12          0          0          0          0       1087   common.o
       144         26          0          4          0       1348   delay.o
       322         34          0          0          0       3423   hardware.o
       120         18          0         12          0       1077   honeywell_sampling_data.o
      1554        112          0          0          0      14871   i2c.o
         0          0          0          0          0      13140   iwtdg.o
        32          6          0          6          0       1625   key_power_on_task.o
        36          4          0          0          0        511   main.o
       452         76          0         56          0       1849   ms5525dso_sampling_data.o
       296         40          0         12        240       4857   os_core.o
        80          6          0          0          0      13784   rcc_configure.o
       748        122          0         60         19       4851   send_data_to_phone.o
       128          4          0          0          0       1510   serial_port.o
        88         38        192          0       1024        848   startup_stm32f070xb.o
        40         12          0          0          0       1308   stm32f0xx_exti.o
       220          0          0          0          0       8047   stm32f0xx_gpio.o
        56         10          0          0          0       3362   stm32f0xx_it.o
       148         10          0          0          0       2998   stm32f0xx_misc.o
      1148        102          0         16          0      10895   stm32f0xx_rcc.o
       222         38          0          0          0      25110   stm32f0xx_tim.o
       540         56          0          0          0      14435   stm32f0xx_usart.o
       476         46          0         20          0     201337   system_stm32f0xx.o

    ----------------------------------------------------------------------
      7126        802        224        380       1288     350478   Object Totals
         0          0         32          0          0          0   (incl. Generated)
        16          0          0          6          5          0   (incl. Padding)

    ----------------------------------------------------------------------

      Code (inc. data)   RO Data    RW Data    ZI Data      Debug   Library Member Name

        72          6          0          0          0         76   sqrt.o
        86          0          0          0          0          0   __dczerorl2.o
         0          0          0          0          0          0   entry.o
         0          0          0          0          0          0   entry10a.o
         0          0          0          0          0          0   entry11a.o
         8          4          0          0          0          0   entry2.o
         4          0          0          0          0          0   entry5.o
         0          0          0          0          0          0   entry7b.o
         0          0          0          0          0          0   entry8b.o
         8          4          0          0          0          0   entry9a.o
        12          6          0          4          0         60   errno.o
        30          0          0          0          0          0   handlers.o
        40          0          0          0          0         72   idiv.o
        36          8          0          0          0         68   init.o
         0          0          0          0          0          0   iusefp.o
       122          0          0          0          0         84   llmul.o
        32          0          0          0          0         68   llshl.o
        34          0          0          0          0         68   llushr.o
        44          0          0          0          0         72   uidiv.o
       240          6          0          0          0         84   ddiv.o
       236          0          0          0          0        216   depilogue.o
        72         10          0          0          0         72   dfixi.o
        40          6          0          0          0         68   dflti.o
       208          6          0          0          0         88   dmul.o
       162          0          0          0          0         80   dsqrt.o

    ----------------------------------------------------------------------
      1490         56          0          4          0       1176   Library Totals
         4          0          0          0          0          0   (incl. Padding)

    ----------------------------------------------------------------------

      Code (inc. data)   RO Data    RW Data    ZI Data      Debug   Library Name

        72          6          0          0          0         76   m_ps.l
       456         22          0          4          0        492   mc_p.l
       958         28          0          0          0        608   mf_p.l

    ----------------------------------------------------------------------
      1490         56          0          4          0       1176   Library Totals

    ----------------------------------------------------------------------

==============================================================================


      Code (inc. data)   RO Data    RW Data    ZI Data      Debug   

      8616        858        224        384       1288     347214   Grand Totals
      8616        858        224         56       1288     347214   ELF Image Totals (compressed)
      8616        858        224         56          0          0   ROM Totals

==============================================================================

    Total RO  Size (Code + RO Data)                 8840 (   8.63kB)
    Total RW  Size (RW Data + ZI Data)              1672 (   1.63kB)
    Total ROM Size (Code + RO Data + RW Data)       8896 (   8.69kB)

==============================================================================

