<html>
<body>
<pre>
<h1>µVision Build Log</h1>
<h2>Tool Versions:</h2>
IDE-Version: µVision V5.25.3.0
Copyright (C) 2018 ARM Ltd and ARM Germany GmbH. All rights reserved.
License Information: Hancy W, vm, LIC=LSNXV-PDG84-8TV3P-MZ4DW-EHBE1-X58PL
 
Tool Versions:
Toolchain:       MDK-ARM Plus  Version: 5.25.2.0
Toolchain Path:  D:\Keil_v5\ARM\ARMCC\Bin
C Compiler:      Armcc.exe V5.06 update 6 (build 750)
Assembler:       Armasm.exe V5.06 update 6 (build 750)
Linker/Locator:  ArmLink.exe V5.06 update 6 (build 750)
Library Manager: ArmAr.exe V5.06 update 6 (build 750)
Hex Converter:   FromElf.exe V5.06 update 6 (build 750)
CPU DLL:         SARMCM3.DLL V5.25.2.0
Dialog DLL:      DARMCM1.DLL V1.19.1.0
Target DLL:      STLink\ST-LINKIII-KEIL_SWO.dll V3.0.1.0
Dialog DLL:      TARMCM1.DLL V1.14.0.0
 
<h2>Project:</h2>
D:\Users\LENOVO\Documents\GitHub\PEEP_slaver\STM32F0xx_StdPeriph_Lib_V1.5.0\Projects\STM32F0xx_StdPeriph_Templates\MDK-ARM\Project.uvprojx
Project File Date:  11/01/2018

<h2>Output:</h2>
*** Using Compiler 'V5.06 update 6 (build 750)', folder: 'D:\Keil_v5\ARM\ARMCC\Bin'
Rebuild target 'STM32F070xB'
assembling startup_stm32f070xb.s...
compiling system_stm32f0xx.c...
compiling main.c...
compiling stm32f0xx_pwr.c...
compiling stm32f0xx_spi.c...
compiling rcc_configure.c...
compiling iwtdg.c...
compiling stm32f0xx_syscfg.c...
compiling stm32f0xx_it.c...
compiling stm32f0xx_exti.c...
compiling stm32f0xx_flash.c...
compiling stm32f0xx_usart.c...
compiling stm32f0xx_iwdg.c...
compiling stm32f0xx_adc.c...
compiling stm32f0xx_gpio.c...
compiling stm32f0xx_rcc.c...
compiling stm32f0xx_dbgmcu.c...
compiling stm32f0xx_dma.c...
compiling stm32f0xx_wwdg.c...
compiling stm32f0xx_crc.c...
compiling stm32f0xx_rtc.c...
compiling stm32f0xx_i2c.c...
compiling stm32f0xx_can.c...
compiling stm32f0xx_misc.c...
compiling fifo.c...
compiling stm32f0xx_dac.c...
compiling stm32f0xx_comp.c...
compiling stm32f0xx_crs.c...
compiling delay.c...
compiling stm32f0xx_cec.c...
compiling stm32f0xx_tim.c...
compiling CMD_Receive.c...
compiling serial_port.c...
compiling store_fifo.c...
compiling hardware.c...
compiling Motor_pwm.c...
compiling comm_task.c...
compiling common.c...
compiling app.c...
compiling i2c.c...
LOAD\APP\i2c.c(182): warning:  #550-D: variable "CRC1_7_0"  was set but never used
  	INT8U data15_8,data7_0,CRC1_7_0;
LOAD\APP\i2c.c: 1 warning, 0 errors
compiling key_power_on_task.c...
compiling send_data_to_phone.c...
compiling os_core.c...
compiling MPXV70_sampling_data.c...
compiling SDP31_sampling_data.c...
compiling protocol_module.c...
linking...
Program Size: Code=9780 RO-data=224 RW-data=308 ZI-data=1284  
FromELF: creating hex file...
"STM32F070xB\STM32F070xB.axf" - 0 Error(s), 1 Warning(s).

<h2>Software Packages used:</h2>

Package Vendor: Keil
                http://www.keil.com/pack/Keil.STM32F0xx_DFP.2.0.0.pack
                Keil.STM32F0xx_DFP.2.0.0
                STMicroelectronics STM32F0 Series Device Support, Drivers and Examples

<h2>Collection of Component include folders:</h2>
  .\RTE\_STM32F070xB
  D:\Keil_v5\ARM\PACK\Keil\STM32F0xx_DFP\2.0.0\Drivers\CMSIS\Device\ST\STM32F0xx\Include

<h2>Collection of Component Files used:</h2>
Build Time Elapsed:  00:00:07
</pre>
</body>
</html>
